Archive member included to satisfy reference by file (symbol)

../../../../../drivers/crypto/lib/libcrypto.a(aes.o)
                              ./objects/cmac.o (aes_init)
d:/program files/gnu arm embedded toolchain/9 2020-q2-update/bin/../lib/gcc/arm-none-eabi/9.3.1/thumb/v7e-m/nofp\libgcc.a(_arm_muldf3.o)
                              ./objects/printf-stdarg.o (__aeabi_dmul)
d:/program files/gnu arm embedded toolchain/9 2020-q2-update/bin/../lib/gcc/arm-none-eabi/9.3.1/thumb/v7e-m/nofp\libgcc.a(_arm_addsubdf3.o)
                              ./objects/printf-stdarg.o (__aeabi_dsub)
d:/program files/gnu arm embedded toolchain/9 2020-q2-update/bin/../lib/gcc/arm-none-eabi/9.3.1/thumb/v7e-m/nofp\libgcc.a(_arm_muldivdf3.o)
                              ./objects/printf-stdarg.o (__aeabi_ddiv)
d:/program files/gnu arm embedded toolchain/9 2020-q2-update/bin/../lib/gcc/arm-none-eabi/9.3.1/thumb/v7e-m/nofp\libgcc.a(_arm_cmpdf2.o)
                              ./objects/printf-stdarg.o (__aeabi_dcmpeq)
d:/program files/gnu arm embedded toolchain/9 2020-q2-update/bin/../lib/gcc/arm-none-eabi/9.3.1/thumb/v7e-m/nofp\libgcc.a(_arm_fixdfsi.o)
                              ./objects/printf-stdarg.o (__aeabi_d2iz)
d:/program files/gnu arm embedded toolchain/9 2020-q2-update/bin/../lib/gcc/arm-none-eabi/9.3.1/thumb/v7e-m/nofp\libgcc.a(_arm_fixunsdfsi.o)
                              ./objects/printf-stdarg.o (__aeabi_d2uiz)
d:/program files/gnu arm embedded toolchain/9 2020-q2-update/bin/../lib/gcc/arm-none-eabi/9.3.1/thumb/v7e-m/nofp\libgcc.a(_aeabi_uldivmod.o)
                              ./objects/printf-stdarg.o (__aeabi_uldivmod)
d:/program files/gnu arm embedded toolchain/9 2020-q2-update/bin/../lib/gcc/arm-none-eabi/9.3.1/thumb/v7e-m/nofp\libgcc.a(_fixunsdfdi.o)
                              ./objects/rtc-board.o (__aeabi_d2ulz)
d:/program files/gnu arm embedded toolchain/9 2020-q2-update/bin/../lib/gcc/arm-none-eabi/9.3.1/thumb/v7e-m/nofp\libgcc.a(_udivmoddi4.o)
                              d:/program files/gnu arm embedded toolchain/9 2020-q2-update/bin/../lib/gcc/arm-none-eabi/9.3.1/thumb/v7e-m/nofp\libgcc.a(_aeabi_uldivmod.o) (__udivmoddi4)
d:/program files/gnu arm embedded toolchain/9 2020-q2-update/bin/../lib/gcc/arm-none-eabi/9.3.1/thumb/v7e-m/nofp\libgcc.a(_dvmd_tls.o)
                              d:/program files/gnu arm embedded toolchain/9 2020-q2-update/bin/../lib/gcc/arm-none-eabi/9.3.1/thumb/v7e-m/nofp\libgcc.a(_aeabi_uldivmod.o) (__aeabi_ldiv0)
d:/program files/gnu arm embedded toolchain/9 2020-q2-update/bin/../lib/gcc/arm-none-eabi/9.3.1/../../../../arm-none-eabi/lib/thumb/v7e-m/nofp\libc.a(lib_a-exit.o)
                              d:/program files/gnu arm embedded toolchain/9 2020-q2-update/bin/../lib/gcc/arm-none-eabi/9.3.1/../../../../arm-none-eabi/lib/thumb/v7e-m/nofp/crt0.o (exit)
d:/program files/gnu arm embedded toolchain/9 2020-q2-update/bin/../lib/gcc/arm-none-eabi/9.3.1/../../../../arm-none-eabi/lib/thumb/v7e-m/nofp\libc.a(lib_a-impure.o)
                              d:/program files/gnu arm embedded toolchain/9 2020-q2-update/bin/../lib/gcc/arm-none-eabi/9.3.1/../../../../arm-none-eabi/lib/thumb/v7e-m/nofp\libc.a(lib_a-exit.o) (_global_impure_ptr)
d:/program files/gnu arm embedded toolchain/9 2020-q2-update/bin/../lib/gcc/arm-none-eabi/9.3.1/../../../../arm-none-eabi/lib/thumb/v7e-m/nofp\libc.a(lib_a-init.o)
                              d:/program files/gnu arm embedded toolchain/9 2020-q2-update/bin/../lib/gcc/arm-none-eabi/9.3.1/../../../../arm-none-eabi/lib/thumb/v7e-m/nofp/crt0.o (__libc_init_array)
d:/program files/gnu arm embedded toolchain/9 2020-q2-update/bin/../lib/gcc/arm-none-eabi/9.3.1/../../../../arm-none-eabi/lib/thumb/v7e-m/nofp\libc.a(lib_a-malloc.o)
                              ./objects/linkwan.o (malloc)
d:/program files/gnu arm embedded toolchain/9 2020-q2-update/bin/../lib/gcc/arm-none-eabi/9.3.1/../../../../arm-none-eabi/lib/thumb/v7e-m/nofp\libc.a(lib_a-mallocr.o)
                              d:/program files/gnu arm embedded toolchain/9 2020-q2-update/bin/../lib/gcc/arm-none-eabi/9.3.1/../../../../arm-none-eabi/lib/thumb/v7e-m/nofp\libc.a(lib_a-malloc.o) (_malloc_r)
d:/program files/gnu arm embedded toolchain/9 2020-q2-update/bin/../lib/gcc/arm-none-eabi/9.3.1/../../../../arm-none-eabi/lib/thumb/v7e-m/nofp\libc.a(lib_a-memcmp.o)
                              ./objects/linkwan.o (memcmp)
d:/program files/gnu arm embedded toolchain/9 2020-q2-update/bin/../lib/gcc/arm-none-eabi/9.3.1/../../../../arm-none-eabi/lib/thumb/v7e-m/nofp\libc.a(lib_a-memcpy.o)
                              ./objects/linkwan.o (memcpy)
d:/program files/gnu arm embedded toolchain/9 2020-q2-update/bin/../lib/gcc/arm-none-eabi/9.3.1/../../../../arm-none-eabi/lib/thumb/v7e-m/nofp\libc.a(lib_a-memset.o)
[...]
Memory Configuration

Name             Origin             Length             Attributes
FLASH            0x08000000         0x00020000         xr
RAM              0x20000000         0x00004000         xrw
*default*        0x00000000         0xffffffff

Linker script and memory map

LOAD d:/program files/gnu arm embedded toolchain/9 2020-q2-update/bin/../lib/gcc/arm-none-eabi/9.3.1/thumb/v7e-m/nofp/crti.o
LOAD d:/program files/gnu arm embedded toolchain/9 2020-q2-update/bin/../lib/gcc/arm-none-eabi/9.3.1/thumb/v7e-m/nofp/crtbegin.o
LOAD d:/program files/gnu arm embedded toolchain/9 2020-q2-update/bin/../lib/gcc/arm-none-eabi/9.3.1/../../../../arm-none-eabi/lib/thumb/v7e-m/nofp/crt0.o
LOAD ./objects/printf-stdarg.o
LOAD ./objects/system_cm4.o
LOAD ./objects/startup_cm4.o
LOAD ./objects/tremo_adc.o
LOAD ./objects/tremo_bstimer.o
LOAD ./objects/tremo_crc.o
LOAD ./objects/tremo_dac.o
LOAD ./objects/tremo_delay.o
LOAD ./objects/tremo_dma.o
LOAD ./objects/tremo_flash.o
LOAD ./objects/tremo_gpio.o
LOAD ./objects/tremo_i2c.o
LOAD ./objects/tremo_i2s.o
LOAD ./objects/tremo_iwdg.o
LOAD ./objects/tremo_lcd.o
LOAD ./objects/tremo_lptimer.o
LOAD ./objects/tremo_lpuart.o
LOAD ./objects/tremo_pwr.o
LOAD ./objects/tremo_rcc.o
LOAD ./objects/tremo_rtc.o
LOAD ./objects/tremo_spi.o
LOAD ./objects/tremo_system.o
LOAD ./objects/tremo_timer.o
LOAD ./objects/tremo_uart.o
LOAD ./objects/tremo_wdg.o
LOAD ./objects/delay.o
LOAD ./objects/timer.o
LOAD ./objects/cmac.o
LOAD ./objects/radio.o
LOAD ./objects/sx126x.o
LOAD ./objects/rtc-board.o
LOAD ./objects/sx1262-board.o
LOAD ./objects/utilities.o
LOAD ./objects/loramac.o
LOAD ./objects/loramacclassb.o
LOAD ./objects/loramacconfirmqueue.o
LOAD ./objects/loramaccrypto.o
LOAD ./objects/region.o
LOAD ./objects/regioncommon.o
LOAD ./objects/regioncn470.o
LOAD ./objects/linkwan.o
LOAD ./objects/linkwan_ica_at.o
LOAD ./objects/lwan_config.o
LOAD ./objects/main.o
LOAD ./objects/tremo_it.o
LOAD ../../../../../drivers/crypto/lib/libcrypto.a
START GROUP
LOAD d:/program files/gnu arm embedded toolchain/9 2020-q2-update/bin/../lib/gcc/arm-none-eabi/9.3.1/thumb/v7e-m/nofp\libgcc.a
LOAD d:/program files/gnu arm embedded toolchain/9 2020-q2-update/bin/../lib/gcc/arm-none-eabi/9.3.1/../../../../arm-none-eabi/lib/thumb/v7e-m/nofp\libc.a
END GROUP
LOAD d:/program files/gnu arm embedded toolchain/9 2020-q2-update/bin/../lib/gcc/arm-none-eabi/9.3.1/thumb/v7e-m/nofp/crtend.o
LOAD d:/program files/gnu arm embedded toolchain/9 2020-q2-update/bin/../lib/gcc/arm-none-eabi/9.3.1/thumb/v7e-m/nofp/crtn.o
                0x20004000                _estack = 0x20004000
                0x00001000                _HEAP_SIZE = 0x1000
                0x00001000                _STACK_SIZE = 0x1000

.isr_vector     0x08000000       0xd4
                0x08000000                . = ALIGN (0x4)
 *(.isr_vector)
 .isr_vector    0x08000000       0xd4 ./objects/startup_cm4.o
                0x08000000                g_pfnVectors
                0x080000d4                . = ALIGN (0x4)

.text           0x08000100     0xdeec
                0x08000100                . = ALIGN (0x4)
 *(.text)
 .text          0x08000100       0x40 d:/program files/gnu arm embedded toolchain/9 2020-q2-update/bin/../lib/gcc/arm-none-eabi/9.3.1/thumb/v7e-m/nofp/crtbegin.o
 .text          0x08000140      0x1ec ../../../../../drivers/crypto/lib/libcrypto.a(aes.o)
                0x08000140                aes_init
                0x08000250                aes_crypto
                0x080002f4                aes_close
 .text          0x0800032c      0x378 d:/program files/gnu arm embedded toolchain/9 2020-q2-update/bin/../lib/gcc/arm-none-eabi/9.3.1/thumb/v7e-m/nofp\libgcc.a(_arm_addsubdf3.o)
                0x0800032c                __aeabi_drsub
                0x08000334                __aeabi_dsub
                0x08000334                __subdf3
                0x08000338                __aeabi_dadd
                0x08000338                __adddf3
                0x080005b0                __floatunsidf
                0x080005b0                __aeabi_ui2d
                0x080005d0                __floatsidf
                0x080005d0                __aeabi_i2d
                0x080005f4                __aeabi_f2d
                0x080005f4                __extendsfdf2
                0x08000638                __floatundidf
                0x08000638                __aeabi_ul2d
                0x08000648                __floatdidf
                0x08000648                __aeabi_l2d
 .text          0x080006a4      0x424 d:/program files/gnu arm embedded toolchain/9 2020-q2-update/bin/../lib/gcc/arm-none-eabi/9.3.1/thumb/v7e-m/nofp\libgcc.a(_arm_muldivdf3.o)
                0x080006a4                __aeabi_dmul
                0x080006a4                __muldf3
                0x080008f8                __divdf3
                0x080008f8                __aeabi_ddiv
 .text          0x08000ac8      0x110 d:/program files/gnu arm embedded toolchain/9 2020-q2-update/bin/../lib/gcc/arm-none-eabi/9.3.1/thumb/v7e-m/nofp\libgcc.a(_arm_cmpdf2.o)
                0x08000ac8                __gtdf2
                0x08000ac8                __gedf2
                0x08000ad0                __ltdf2
                0x08000ad0                __ledf2
                0x08000ad8                __nedf2
                0x08000ad8                __eqdf2
                0x08000ad8                __cmpdf2
                0x08000b54                __aeabi_cdrcmple
                0x08000b64                __aeabi_cdcmpeq
                0x08000b64                __aeabi_cdcmple
                0x08000b74                __aeabi_dcmpeq
                0x08000b88                __aeabi_dcmplt
                0x08000b9c                __aeabi_dcmple
                0x08000bb0                __aeabi_dcmpge
                0x08000bc4                __aeabi_dcmpgt
 .text          0x08000bd8       0x50 d:/program files/gnu arm embedded toolchain/9 2020-q2-update/bin/../lib/gcc/arm-none-eabi/9.3.1/thumb/v7e-m/nofp\libgcc.a(_arm_fixdfsi.o)
                0x08000bd8                __aeabi_d2iz
                0x08000bd8                __fixdfsi
 .text          0x08000c28       0x40 d:/program files/gnu arm embedded toolchain/9 2020-q2-update/bin/../lib/gcc/arm-none-eabi/9.3.1/thumb/v7e-m/nofp\libgcc.a(_arm_fixunsdfsi.o)
                0x08000c28                __aeabi_d2uiz
                0x08000c28                __fixunsdfsi
 .text          0x08000c68       0x30 d:/program files/gnu arm embedded toolchain/9 2020-q2-update/bin/../lib/gcc/arm-none-eabi/9.3.1/thumb/v7e-m/nofp\libgcc.a(_aeabi_uldivmod.o)
                0x08000c68                __aeabi_uldivmod
 .text          0x08000c98       0x3c d:/program files/gnu arm embedded toolchain/9 2020-q2-update/bin/../lib/gcc/arm-none-eabi/9.3.1/thumb/v7e-m/nofp\libgcc.a(_fixunsdfdi.o)
                0x08000c98                __fixunsdfdi
                0x08000c98                __aeabi_d2ulz
 .text          0x08000cd4      0x2c0 d:/program files/gnu arm embedded toolchain/9 2020-q2-update/bin/../lib/gcc/arm-none-eabi/9.3.1/thumb/v7e-m/nofp\libgcc.a(_udivmoddi4.o)
                0x08000cd4                __udivmoddi4
 .text          0x08000f94        0x4 d:/program files/gnu arm embedded toolchain/9 2020-q2-update/bin/../lib/gcc/arm-none-eabi/9.3.1/thumb/v7e-m/nofp\libgcc.a(_dvmd_tls.o)
                0x08000f94                __aeabi_idiv0
                0x08000f94                __aeabi_ldiv0
 .text          0x08000f98      0x134 d:/program files/gnu arm embedded toolchain/9 2020-q2-update/bin/../lib/gcc/arm-none-eabi/9.3.1/../../../../arm-none-eabi/lib/thumb/v7e-m/nofp\libc.a(lib_a-memcpy.o)
                0x08000f98                memcpy
 *fill*         0x080010cc       0x34 
 .text          0x08001100       0xdc d:/program files/gnu arm embedded toolchain/9 2020-q2-update/bin/../lib/gcc/arm-none-eabi/9.3.1/../../../../arm-none-eabi/lib/thumb/v7e-m/nofp\libc.a(lib_a-strlen.o)
                0x08001100                strlen
 *(.text*)
 .text._out_buffer
                0x080011dc        0x8 ./objects/printf-stdarg.o
 .text._out_null
                0x080011e4        0x2 ./objects/printf-stdarg.o
 *fill*         0x080011e6        0x2 
 .text._out_char
                0x080011e8       0x2c ./objects/printf-stdarg.o
 .text._out_rev
                0x08001214       0x96 ./objects/printf-stdarg.o
 .text._ntoa_format
                0x080012aa      0x10a ./objects/printf-stdarg.o
 .text._ntoa_long
                0x080013b4       0x82 ./objects/printf-stdarg.o
 .text._ntoa_long_long
                0x08001436       0xa6 ./objects/printf-stdarg.o
 .text.printf_dma_queue_pop.isra.0
                0x080014dc       0xc0 ./objects/printf-stdarg.o
 *fill*         0x0800159c        0x4 
 .text._ftoa    0x080015a0      0x32c ./objects/printf-stdarg.o
 *fill*         0x080018cc        0x4 
 .text._etoa    0x080018d0      0x3b8 ./objects/printf-stdarg.o
 .text.printf_dma_done_callback
                0x08001c88       0x64 ./objects/printf-stdarg.o
 .text._vsnprintf
                0x08001cec      0x550 ./objects/printf-stdarg.o
 .text.print_isdone
                0x0800223c       0x3c ./objects/printf-stdarg.o
                0x0800223c                print_isdone
 .text.__wrap_printf
                0x08002278       0xac ./objects/printf-stdarg.o
                0x08002278                __wrap_printf
 .text.__wrap_sprintf
                0x08002324       0x28 ./objects/printf-stdarg.o
                0x08002324                __wrap_sprintf
 .text.__wrap_snprintf
                0x0800234c       0x28 ./objects/printf-stdarg.o
                0x0800234c                __wrap_snprintf
 .text.nvic_init
                0x08002374       0x24 ./objects/system_cm4.o
                0x08002374                nvic_init
 .text.system_init
                0x08002398       0x44 ./objects/system_cm4.o
                0x08002398                system_init
 .text.Reset_Handler
                0x080023dc       0x48 ./objects/startup_cm4.o
                0x080023dc                Reset_Handler
 .text.Default_Handler
                0x08002424        0x2 ./objects/startup_cm4.o
                0x08002424                GPIO_IRQHandler
                0x08002424                SCC_IRQHandler
                0x08002424                TIMER2_IRQHandler
                0x08002424                EFC_IRQHandler
                0x08002424                I2C0_IRQHandler
                0x08002424                SAC_IRQHandler
                0x08002424                I2C1_IRQHandler
                0x08002424                UART1_IRQHandler
                0x08002424                BSTIMER0_IRQHandler
                0x08002424                TIMER3_IRQHandler
                0x08002424                SEC_IRQHandler
                0x08002424                WDG_IRQHandler
                0x08002424                LPTIMER1_IRQHandler
                0x08002424                LPTIMER0_IRQHandler
                0x08002424                SSP0_IRQHandler
                0x08002424                I2S_IRQHandler
                0x08002424                I2C2_IRQHandler
                0x08002424                TIMER0_IRQHandler
                0x08002424                LCD_IRQHandler
                0x08002424                TIMER1_IRQHandler
                0x08002424                UART2_IRQHandler
                0x08002424                Default_Handler
                0x08002424                ADC_IRQHandler
                0x08002424                SSP1_IRQHandler
                0x08002424                IWDG_IRQHandler
                0x08002424                SSP2_IRQHandler
                0x08002424                BSTIMER1_IRQHandler
                0x08002424                DAC_IRQHandler
                0x08002424                AFEC_IRQHandler
                0x08002424                UART3_IRQHandler
                0x08002424                QSPI_IRQHandler
 *fill*         0x08002426        0x2 
 .text.delay_init
                0x08002428       0x48 ./objects/tremo_delay.o
                0x08002428                delay_init
 .text.delay_us
                0x08002470       0x30 ./objects/tremo_delay.o
                0x08002470                delay_us
 .text.delay_ms
                0x080024a0        0xa ./objects/tremo_delay.o
                0x080024a0                delay_ms
 .text.write32_bit_reg.part.0
                0x080024aa       0x20 ./objects/tremo_dma.o
 *fill*         0x080024ca        0x2 
 .text.set_dma_mode
                0x080024cc      0x2b4 ./objects/tremo_dma.o
 .text.dma0_IRQHandler
                0x08002780       0x60 ./objects/tremo_dma.o
                0x08002780                dma0_IRQHandler
 .text.dma1_IRQHandler
                0x080027e0       0x60 ./objects/tremo_dma.o
                0x080027e0                dma1_IRQHandler
 .text.dma_init
                0x08002840      0x13c ./objects/tremo_dma.o
                0x08002840                dma_init
 .text.dma_ch_enable
                0x0800297c       0x5e ./objects/tremo_dma.o
                0x0800297c                dma_ch_enable
 *fill*         0x080029da        0x2 
 .text.dma_finalize
                0x080029dc      0x1c8 ./objects/tremo_dma.o
                0x080029dc                dma_finalize
 .text.flash_erase_page
                0x08002ba4       0x64 ./objects/tremo_flash.o
                0x08002ba4                flash_erase_page
 .text.flash_program_bytes
                0x08002c08       0xb4 ./objects/tremo_flash.o
                0x08002c08                flash_program_bytes
 .text.gpio_init
                0x08002cbc      0x124 ./objects/tremo_gpio.o
                0x08002cbc                gpio_init
 .text.gpio_set_iomux
                0x08002de0       0x40 ./objects/tremo_gpio.o
                0x08002de0                gpio_set_iomux
 .text.lpuart_config_dma
                0x08002e20       0x10 ./objects/tremo_lpuart.o
                0x08002e20                lpuart_config_dma
 .text.lpuart_config_interrupt
                0x08002e30        0x4 ./objects/tremo_lpuart.o
                0x08002e30                lpuart_config_interrupt
 .text.lpuart_config_rx
                0x08002e34       0x26 ./objects/tremo_lpuart.o
                0x08002e34                lpuart_config_rx
 .text.lpuart_config_tx
                0x08002e5a       0x12 ./objects/tremo_lpuart.o
                0x08002e5a                lpuart_config_tx
 .text.lpuart_get_rx_status
                0x08002e6c       0x12 ./objects/tremo_lpuart.o
                0x08002e6c                lpuart_get_rx_status
 .text.lpuart_clear_rx_status
                0x08002e7e       0x18 ./objects/tremo_lpuart.o
                0x08002e7e                lpuart_clear_rx_status
 .text.lpuart_get_rx_not_empty_status
                0x08002e96        0x8 ./objects/tremo_lpuart.o
                0x08002e96                lpuart_get_rx_not_empty_status
 .text.lpuart_receive_data
                0x08002e9e       0x10 ./objects/tremo_lpuart.o
                0x08002e9e                lpuart_receive_data
 *fill*         0x08002eae        0x2 
 .text.lpuart_init
                0x08002eb0       0x88 ./objects/tremo_lpuart.o
                0x08002eb0                lpuart_init
 .text.lpuart_deinit
                0x08002f38       0x2c ./objects/tremo_lpuart.o
                0x08002f38                lpuart_deinit
 .text.deepsleep
                0x08002f64       0xc0 ./objects/tremo_pwr.o
                0x08002f64                deepsleep
 .text.pwr_deepsleep_wfi
                0x08003024        0x6 ./objects/tremo_pwr.o
                0x08003024                pwr_deepsleep_wfi
 *fill*         0x0800302a        0x2 
 .text.pwr_xo32k_lpm_cmd
                0x0800302c       0x18 ./objects/tremo_pwr.o
                0x0800302c                pwr_xo32k_lpm_cmd
 .text.rcc_get_clk_freq
                0x08003044       0x9c ./objects/tremo_rcc.o
                0x08003044                rcc_get_clk_freq
 .text.rcc_get_uart0_clk_source
                0x080030e0        0xc ./objects/tremo_rcc.o
                0x080030e0                rcc_get_uart0_clk_source
 .text.rcc_get_uart1_clk_source
                0x080030ec        0xc ./objects/tremo_rcc.o
                0x080030ec                rcc_get_uart1_clk_source
 .text.rcc_get_uart2_clk_source
                0x080030f8        0xc ./objects/tremo_rcc.o
                0x080030f8                rcc_get_uart2_clk_source
 .text.rcc_get_uart3_clk_source
                0x08003104        0xc ./objects/tremo_rcc.o
                0x08003104                rcc_get_uart3_clk_source
 .text.rcc_get_lpuart_clk_source
                0x08003110        0xc ./objects/tremo_rcc.o
                0x08003110                rcc_get_lpuart_clk_source
 .text.rcc_get_rtc_clk_source
                0x0800311c        0xc ./objects/tremo_rcc.o
                0x0800311c                rcc_get_rtc_clk_source
 .text.rcc_enable_peripheral_clk
                0x08003128      0x4b4 ./objects/tremo_rcc.o
                0x08003128                rcc_enable_peripheral_clk
 .text.rcc_enable_oscillator
                0x080035dc       0xfc ./objects/tremo_rcc.o
                0x080035dc                rcc_enable_oscillator
 .text.rcc_rst_peripheral
                0x080036d8       0x4a ./objects/tremo_rcc.o
                0x080036d8                rcc_rst_peripheral
 .text.rtc_deinit
                0x08003722       0x1e ./objects/tremo_rtc.o
                0x08003722                rtc_deinit
 .text.rtc_check_syn
                0x08003740       0x14 ./objects/tremo_rtc.o
                0x08003740                rtc_check_syn
 .text.rtc_calendar_cmd
                0x08003754       0x20 ./objects/tremo_rtc.o
                0x08003754                rtc_calendar_cmd
 .text.rtc_cyc_cmd
                0x08003774       0x20 ./objects/tremo_rtc.o
                0x08003774                rtc_cyc_cmd
 .text.rtc_config_cyc_wakeup
                0x08003794       0x24 ./objects/tremo_rtc.o
                0x08003794                rtc_config_cyc_wakeup
 .text.rtc_get_calendar
                0x080037b8       0xdc ./objects/tremo_rtc.o
                0x080037b8                rtc_get_calendar
 .text.rtc_set_status
                0x08003894       0x30 ./objects/tremo_rtc.o
                0x08003894                rtc_set_status
 .text.rtc_get_status
                0x080038c4       0x38 ./objects/tremo_rtc.o
                0x080038c4                rtc_get_status
 .text.rtc_config_interrupt
                0x080038fc       0x38 ./objects/tremo_rtc.o
                0x080038fc                rtc_config_interrupt
 .text.rtc_config_cyc_max
                0x08003934       0x14 ./objects/tremo_rtc.o
                0x08003934                rtc_config_cyc_max
 .text.system_reset
                0x08003948       0x20 ./objects/tremo_system.o
                0x08003948                system_reset
 .text.system_get_chip_id
                0x08003968       0x1c ./objects/tremo_system.o
                0x08003968                system_get_chip_id
 .text.uart_get_flag_status
                0x08003984        0xc ./objects/tremo_uart.o
                0x08003984                uart_get_flag_status
 .text.uart_config_init
                0x08003990       0x16 ./objects/tremo_uart.o
                0x08003990                uart_config_init
 .text.uart_cmd
                0x080039a6       0x12 ./objects/tremo_uart.o
                0x080039a6                uart_cmd
 .text.uart_init
                0x080039b8      0x140 ./objects/tremo_uart.o
                0x080039b8                uart_init
 .text.uart_dma_config
                0x08003af8       0x10 ./objects/tremo_uart.o
                0x08003af8                uart_dma_config
 .text.DelayMs  0x08003b08        0x4 ./objects/delay.o
                0x08003b08                DelayMs
 .text.TimeStampsUpdate
                0x08003b0c       0x2c ./objects/timer.o
 .text.TimerInsertNewHeadTimer
                0x08003b38       0x1c ./objects/timer.o
 .text.TimerSetSysTime
                0x08003b54       0x30 ./objects/timer.o
                0x08003b54                TimerSetSysTime
 .text.TimerInit
                0x08003b84        0xe ./objects/timer.o
                0x08003b84                TimerInit
 *fill*         0x08003b92        0x2 
 .text.TimerStart
                0x08003b94       0x78 ./objects/timer.o
                0x08003b94                TimerStart
 .text.TimerIrqHandler
                0x08003c0c       0x68 ./objects/timer.o
                0x08003c0c                TimerIrqHandler
 .text.TimerStop
                0x08003c74       0x60 ./objects/timer.o
                0x08003c74                TimerStop
 .text.TimerSetValue
                0x08003cd4       0x10 ./objects/timer.o
                0x08003cd4                TimerSetValue
 .text.TimerGetCurrentTime
                0x08003ce4       0x18 ./objects/timer.o
                0x08003ce4                TimerGetCurrentTime
 .text.TimerGetSysTime
                0x08003cfc       0x2c ./objects/timer.o
                0x08003cfc                TimerGetSysTime
 .text.TimerGetElapsedTime
                0x08003d28       0x12 ./objects/timer.o
                0x08003d28                TimerGetElapsedTime
 *fill*         0x08003d3a        0x2 
 .text.TimerLowPowerHandler
                0x08003d3c       0x20 ./objects/timer.o
                0x08003d3c                TimerLowPowerHandler
 .text.AES_CMAC_Init
                0x08003d5c       0x14 ./objects/cmac.o
                0x08003d5c                AES_CMAC_Init
 .text.AES_CMAC_SetKey
                0x08003d70        0xc ./objects/cmac.o
                0x08003d70                AES_CMAC_SetKey
 .text.AES_CMAC_Update
                0x08003d7c       0xb0 ./objects/cmac.o
                0x08003d7c                AES_CMAC_Update
 .text.AES_CMAC_Final
                0x08003e2c      0x15e ./objects/cmac.o
                0x08003e2c                AES_CMAC_Final
 .text.RadioCheckRfFrequency
                0x08003f8a        0x4 ./objects/radio.o
                0x08003f8a                RadioCheckRfFrequency
 *fill*         0x08003f8e        0x2 
 .text.RadioOnTxTimeoutIrq
                0x08003f90       0x14 ./objects/radio.o
                0x08003f90                RadioOnTxTimeoutIrq
 .text.RadioOnRxTimeoutIrq
                0x08003fa4       0x14 ./objects/radio.o
                0x08003fa4                RadioOnRxTimeoutIrq
 .text.RadioStandby
                0x08003fb8        0x6 ./objects/radio.o
                0x08003fb8                RadioStandby
 *fill*         0x08003fbe        0x2 
 .text.RadioInit
                0x08003fc0       0x6c ./objects/radio.o
                0x08003fc0                RadioInit
 .text.RadioGetStatus
                0x0800402c       0x18 ./objects/radio.o
                0x0800402c                RadioGetStatus
 .text.RadioSetChannel
                0x08004044        0x4 ./objects/radio.o
                0x08004044                RadioSetChannel
 .text.RadioRssi
                0x08004048        0xa ./objects/radio.o
                0x08004048                RadioRssi
 .text.RadioRead
                0x08004052        0x4 ./objects/radio.o
                0x08004052                RadioRead
 .text.RadioWrite
                0x08004056        0x4 ./objects/radio.o
                0x08004056                RadioWrite
 *fill*         0x0800405a        0x2 
 .text.RadioSend
                0x0800405c       0x54 ./objects/radio.o
                0x0800405c                RadioSend
 .text.RadioSleep
                0x080040b0       0x14 ./objects/radio.o
                0x080040b0                RadioSleep
 .text.RadioSetRxDutyCycle
                0x080040c4        0x4 ./objects/radio.o
                0x080040c4                RadioSetRxDutyCycle
 .text.RadioStartCad
                0x080040c8       0x6c ./objects/radio.o
                0x080040c8                RadioStartCad
 .text.RadioSetTxContinuousWave
                0x08004134       0x4c ./objects/radio.o
                0x08004134                RadioSetTxContinuousWave
 .text.RadioWriteBuffer
                0x08004180        0x4 ./objects/radio.o
                0x08004180                RadioWriteBuffer
 .text.RadioReadBuffer
                0x08004184        0x4 ./objects/radio.o
                0x08004184                RadioReadBuffer
 .text.RadioGetWakeupTime
                0x08004188        0xa ./objects/radio.o
                0x08004188                RadioGetWakeupTime
 *fill*         0x08004192        0x2 
 .text.RadioOnCadTimeoutIrq
                0x08004194       0x20 ./objects/radio.o
                0x08004194                RadioOnCadTimeoutIrq
 .text.RadioGetFskBandwidthRegValue
                0x080041b4       0x34 ./objects/radio.o
 .text.RadioSetMaxPayloadLength
                0x080041e8       0x28 ./objects/radio.o
                0x080041e8                RadioSetMaxPayloadLength
 .text.RadioRx  0x08004210       0x44 ./objects/radio.o
                0x08004210                RadioRx
 .text.RadioRxBoosted
                0x08004254       0x40 ./objects/radio.o
                0x08004254                RadioRxBoosted
 .text.RadioIrqProcess
                0x08004294      0x160 ./objects/radio.o
                0x08004294                RadioIrqProcess
 .text.RadioSetPublicNetwork
                0x080043f4       0x3c ./objects/radio.o
                0x080043f4                RadioSetPublicNetwork
 .text.RadioSetModem.part.0
                0x08004430       0x24 ./objects/radio.o
 .text.RadioSetModem
                0x08004454       0x20 ./objects/radio.o
                0x08004454                RadioSetModem
 .text.RadioIsChannelFree
                0x08004474       0x4e ./objects/radio.o
                0x08004474                RadioIsChannelFree
 .text.RadioRandom
                0x080044c2       0x3c ./objects/radio.o
                0x080044c2                RadioRandom
 *fill*         0x080044fe        0x2 
 .text.RadioSymbTime
                0x08004500       0x2c ./objects/radio.o
                0x08004500                RadioSymbTime
 *fill*         0x0800452c        0x4 
 .text.RadioSetRxConfig
                0x08004530      0x21c ./objects/radio.o
                0x08004530                RadioSetRxConfig
 *fill*         0x0800474c        0x4 
 .text.RadioSetTxConfig
                0x08004750      0x198 ./objects/radio.o
                0x08004750                RadioSetTxConfig
 .text.RadioTimeOnAir
                0x080048e8      0x190 ./objects/radio.o
                0x080048e8                RadioTimeOnAir
 .text.RadioOnDioIrq
                0x08004a78       0x24 ./objects/radio.o
                0x08004a78                RadioOnDioIrq
 .text.SX126xGetOperatingMode
                0x08004a9c        0xc ./objects/sx126x.o
                0x08004a9c                SX126xGetOperatingMode
 .text.SX126xSetOperatingMode
                0x08004aa8        0xc ./objects/sx126x.o
                0x08004aa8                SX126xSetOperatingMode
 .text.SX126xCheckDeviceReady
                0x08004ab4       0x24 ./objects/sx126x.o
                0x08004ab4                SX126xCheckDeviceReady
 .text.SX126xSetPayload
                0x08004ad8        0xa ./objects/sx126x.o
                0x08004ad8                SX126xSetPayload
 .text.SX126xSetSyncWord
                0x08004ae2       0x12 ./objects/sx126x.o
                0x08004ae2                SX126xSetSyncWord
 .text.SX126xSetCrcSeed
                0x08004af4       0x24 ./objects/sx126x.o
                0x08004af4                SX126xSetCrcSeed
 .text.SX126xSetCrcPolynomial
                0x08004b18       0x24 ./objects/sx126x.o
                0x08004b18                SX126xSetCrcPolynomial
 .text.SX126xSetWhiteningSeed
                0x08004b3c       0x38 ./objects/sx126x.o
                0x08004b3c                SX126xSetWhiteningSeed
 .text.SX126xSetSleep
                0x08004b74       0x24 ./objects/sx126x.o
                0x08004b74                SX126xSetSleep
 .text.SX126xSetStandby
                0x08004b98       0x2c ./objects/sx126x.o
                0x08004b98                SX126xSetStandby
 .text.SX126xSetTx
                0x08004bc4       0x2c ./objects/sx126x.o
                0x08004bc4                SX126xSetTx
 .text.SX126xSendPayload
                0x08004bf0       0x12 ./objects/sx126x.o
                0x08004bf0                SX126xSendPayload
 *fill*         0x08004c02        0x2 
 .text.SX126xSetRx
                0x08004c04       0x2c ./objects/sx126x.o
                0x08004c04                SX126xSetRx
 .text.SX126xSetRxBoosted
                0x08004c30       0x38 ./objects/sx126x.o
                0x08004c30                SX126xSetRxBoosted
 .text.SX126xSetRxDutyCycle
                0x08004c68       0x38 ./objects/sx126x.o
                0x08004c68                SX126xSetRxDutyCycle
 .text.SX126xSetCad
                0x08004ca0       0x18 ./objects/sx126x.o
                0x08004ca0                SX126xSetCad
 .text.SX126xSetTxContinuousWave
                0x08004cb8        0xa ./objects/sx126x.o
                0x08004cb8                SX126xSetTxContinuousWave
 .text.SX126xSetStopRxTimerOnPreambleDetect
                0x08004cc2       0x18 ./objects/sx126x.o
                0x08004cc2                SX126xSetStopRxTimerOnPreambleDetect
 .text.SX126xSetLoRaSymbNumTimeout
                0x08004cda       0x18 ./objects/sx126x.o
                0x08004cda                SX126xSetLoRaSymbNumTimeout
 .text.SX126xSetRegulatorMode
                0x08004cf2       0x18 ./objects/sx126x.o
                0x08004cf2                SX126xSetRegulatorMode
 *fill*         0x08004d0a        0x2 
 .text.SX126xCalibrateImage
                0x08004d0c       0x64 ./objects/sx126x.o
                0x08004d0c                SX126xCalibrateImage
 .text.SX126xSetPaConfig
                0x08004d70       0x24 ./objects/sx126x.o
                0x08004d70                SX126xSetPaConfig
 .text.SX126xSetDioIrqParams
                0x08004d94       0x2a ./objects/sx126x.o
                0x08004d94                SX126xSetDioIrqParams
 .text.SX126xGetIrqStatus
                0x08004dbe       0x1e ./objects/sx126x.o
                0x08004dbe                SX126xGetIrqStatus
 .text.SX126xSetDio2AsRfSwitchCtrl
                0x08004ddc       0x18 ./objects/sx126x.o
                0x08004ddc                SX126xSetDio2AsRfSwitchCtrl
 .text.SX126xInit
                0x08004df4       0x28 ./objects/sx126x.o
                0x08004df4                SX126xInit
 *fill*         0x08004e1c        0x4 
 .text.SX126xSetRfFrequency
                0x08004e20       0x4c ./objects/sx126x.o
                0x08004e20                SX126xSetRfFrequency
 .text.SX126xSetPacketType
                0x08004e6c       0x20 ./objects/sx126x.o
                0x08004e6c                SX126xSetPacketType
 .text.SX126xGetPacketType
                0x08004e8c        0xc ./objects/sx126x.o
                0x08004e8c                SX126xGetPacketType
 .text.SX126xSetTxParams
                0x08004e98       0xbc ./objects/sx126x.o
                0x08004e98                SX126xSetTxParams
 *fill*         0x08004f54        0x4 
 .text.SX126xSetModulationParams
                0x08004f58       0xb4 ./objects/sx126x.o
                0x08004f58                SX126xSetModulationParams
 .text.SX126xSetPacketParams
                0x0800500c       0xac ./objects/sx126x.o
                0x0800500c                SX126xSetPacketParams
 .text.SX126xSetCadParams
                0x080050b8       0x3c ./objects/sx126x.o
                0x080050b8                SX126xSetCadParams
 .text.SX126xSetBufferBaseAddress
                0x080050f4       0x1a ./objects/sx126x.o
                0x080050f4                SX126xSetBufferBaseAddress
 .text.SX126xGetRssiInst
                0x0800510e       0x1a ./objects/sx126x.o
                0x0800510e                SX126xGetRssiInst
 .text.SX126xGetRxBufferStatus
                0x08005128       0x48 ./objects/sx126x.o
                0x08005128                SX126xGetRxBufferStatus
 .text.SX126xGetPayload
                0x08005170       0x32 ./objects/sx126x.o
                0x08005170                SX126xGetPayload
 *fill*         0x080051a2        0x2 
 .text.SX126xGetPacketStatus
                0x080051a4       0x80 ./objects/sx126x.o
                0x080051a4                SX126xGetPacketStatus
 .text.SX126xClearIrqStatus
                0x08005224       0x18 ./objects/sx126x.o
                0x08005224                SX126xClearIrqStatus
 .text.RtcInit  0x0800523c       0x30 ./objects/rtc-board.o
                0x0800523c                RtcInit
 .text.RtcSetTimeout
                0x0800526c       0x8c ./objects/rtc-board.o
                0x0800526c                RtcSetTimeout
 .text.RtcStopTimeout
                0x080052f8       0x14 ./objects/rtc-board.o
                0x080052f8                RtcStopTimeout
 .text.RtcGetTimerContext
                0x0800530c        0xc ./objects/rtc-board.o
                0x0800530c                RtcGetTimerContext
 .text.RtcGetTimerValue
                0x08005318      0x120 ./objects/rtc-board.o
                0x08005318                RtcGetTimerValue
 .text.RtcSetTimerContext
                0x08005438       0x18 ./objects/rtc-board.o
                0x08005438                RtcSetTimerContext
 .text.RtcGetElapsedTime
                0x08005450       0x18 ./objects/rtc-board.o
                0x08005450                RtcGetElapsedTime
 .text.RtcEnterLowPowerStopMode
                0x08005468       0x20 ./objects/rtc-board.o
                0x08005468                RtcEnterLowPowerStopMode
 .text.RtcOnIrq
                0x08005488       0x32 ./objects/rtc-board.o
                0x08005488                RtcOnIrq
 .text.BoardDisableIrq
                0x080054ba        0x4 ./objects/sx1262-board.o
                0x080054ba                BoardDisableIrq
 .text.BoardEnableIrq
                0x080054be        0x4 ./objects/sx1262-board.o
                0x080054be                BoardEnableIrq
 *fill*         0x080054c2        0x2 
 .text.SpiInOut
                0x080054c4       0x18 ./objects/sx1262-board.o
                0x080054c4                SpiInOut
 .text.SX126xLoracInit
                0x080054dc       0x5c ./objects/sx1262-board.o
                0x080054dc                SX126xLoracInit
 .text.SX126xGetBoardTcxoWakeupTime
                0x08005538        0x4 ./objects/sx1262-board.o
                0x08005538                SX126xGetBoardTcxoWakeupTime
 .text.SX126xReset
                0x0800553c       0x40 ./objects/sx1262-board.o
                0x0800553c                SX126xReset
 .text.SX126xWaitOnBusy
                0x0800557c       0x18 ./objects/sx1262-board.o
                0x0800557c                SX126xWaitOnBusy
 .text.SX126xWakeup
                0x08005594       0x30 ./objects/sx1262-board.o
                0x08005594                SX126xWakeup
 .text.SX126xWriteCommand
                0x080055c4       0x44 ./objects/sx1262-board.o
                0x080055c4                SX126xWriteCommand
 .text.SX126xReadCommand
                0x08005608       0x48 ./objects/sx1262-board.o
                0x08005608                SX126xReadCommand
 .text.SX126xWriteRegisters
                0x08005650       0x48 ./objects/sx1262-board.o
                0x08005650                SX126xWriteRegisters
 .text.SX126xWriteRegister
                0x08005698       0x16 ./objects/sx1262-board.o
                0x08005698                SX126xWriteRegister
 *fill*         0x080056ae        0x2 
 .text.SX126xReadRegisters
                0x080056b0       0x50 ./objects/sx1262-board.o
                0x080056b0                SX126xReadRegisters
 .text.SX126xReadRegister
                0x08005700       0x16 ./objects/sx1262-board.o
                0x08005700                SX126xReadRegister
 *fill*         0x08005716        0x2 
 .text.SX126xWriteBuffer
                0x08005718       0x48 ./objects/sx1262-board.o
                0x08005718                SX126xWriteBuffer
 .text.SX126xReadBuffer
                0x08005760       0x50 ./objects/sx1262-board.o
                0x08005760                SX126xReadBuffer
 .text.SX126xSetRfTxPower
                0x080057b0        0x6 ./objects/sx1262-board.o
                0x080057b0                SX126xSetRfTxPower
 .text.SX126xGetPaSelect
                0x080057b6        0x4 ./objects/sx1262-board.o
                0x080057b6                SX126xGetPaSelect
 *fill*         0x080057ba        0x2 
 .text.SX126xAntSwOn
                0x080057bc       0x10 ./objects/sx1262-board.o
                0x080057bc                SX126xAntSwOn
 .text.SX126xAntSwOff
                0x080057cc       0x10 ./objects/sx1262-board.o
                0x080057cc                SX126xAntSwOff
 .text.rand1    0x080057dc       0x28 ./objects/utilities.o
                0x080057dc                rand1
 .text.srand1   0x08005804        0xc ./objects/utilities.o
                0x08005804                srand1
 .text.randr    0x08005810       0x1a ./objects/utilities.o
                0x08005810                randr
 .text.memcpy1  0x0800582a       0x14 ./objects/utilities.o
                0x0800582a                memcpy1
 .text.memcpyr  0x0800583e       0x14 ./objects/utilities.o
                0x0800583e                memcpyr
 .text.memset1  0x08005852        0xe ./objects/utilities.o
                0x08005852                memset1
 .text.SetMlmeScheduleUplinkIndication
                0x08005860       0x1c ./objects/loramac.o
 .text.ResetMacParameters
                0x0800587c       0x88 ./objects/loramac.o
 .text.AddMacCommand
                0x08005904      0x21c ./objects/loramac.o
 .text.ValidatePayloadLength
                0x08005b20       0x5c ./objects/loramac.o
 .text.OnAckTimeoutTimerEvent
                0x08005b7c       0x44 ./objects/loramac.o
 .text.PrepareRxDoneAbort
                0x08005bc0       0x5c ./objects/loramac.o
 .text.ProcessMacCommands
                0x08005c1c      0x550 ./objects/loramac.o
 .text.OnRadioRxDone
                0x0800616c      0x6b4 ./objects/loramac.o
 .text.RxWindowSetup
                0x08006820       0x14 ./objects/loramac.o
 .text.OnRxWindow1TimerEvent
                0x08006834       0x74 ./objects/loramac.o
 .text.OnRxWindow2TimerEvent
                0x080068a8       0x74 ./objects/loramac.o
 .text.OpenContinuousRx2Window
                0x0800691c       0x14 ./objects/loramac.o
 .text.OnRadioRxTimeout
                0x08006930       0xe0 ./objects/loramac.o
 .text.OnRadioTxTimeout
                0x08006a10       0x44 ./objects/loramac.o
 .text.OnRadioRxError
                0x08006a54       0xe0 ./objects/loramac.o
 .text.OnRadioTxDone
                0x08006b34      0x138 ./objects/loramac.o
 .text.PrepareFrame
                0x08006c6c      0x3bc ./objects/loramac.o
                0x08006c6c                PrepareFrame
 .text.SendFrameOnChannel
                0x08007028      0x118 ./objects/loramac.o
                0x08007028                SendFrameOnChannel
 .text.ScheduleTx
                0x08007140      0x1a0 ./objects/loramac.o
 .text.Send     0x080072e0       0xd8 ./objects/loramac.o
                0x080072e0                Send
 .text.OnTxDelayedTimerEvent
                0x080073b8       0x7c ./objects/loramac.o
 .text.OnMacStateCheckTimerEvent
                0x08007434      0x3cc ./objects/loramac.o
 .text.SetTxContinuousWave
                0x08007800       0x60 ./objects/loramac.o
                0x08007800                SetTxContinuousWave
 .text.SetTxContinuousWave1
                0x08007860       0x40 ./objects/loramac.o
                0x08007860                SetTxContinuousWave1
 .text.LoRaMacInitialization
                0x080078a0      0x2f4 ./objects/loramac.o
                0x080078a0                LoRaMacInitialization
 .text.LoRaMacQueryTxPossible
                0x08007b94       0xe0 ./objects/loramac.o
                0x08007b94                LoRaMacQueryTxPossible
 .text.LoRaMacMibGetRequestConfirm
                0x08007c74      0x164 ./objects/loramac.o
                0x08007c74                LoRaMacMibGetRequestConfirm
 .text.LoRaMacMulticastChannelLink
                0x08007dd8       0x3c ./objects/loramac.o
                0x08007dd8                LoRaMacMulticastChannelLink
 .text.LoRaMacMulticastChannelUnlink
                0x08007e14       0x40 ./objects/loramac.o
                0x08007e14                LoRaMacMulticastChannelUnlink
 .text.LoRaMacMibSetRequestConfirm
                0x08007e54      0x36c ./objects/loramac.o
                0x08007e54                LoRaMacMibSetRequestConfirm
 .text.LoRaMacMlmeRequest
                0x080081c0      0x240 ./objects/loramac.o
                0x080081c0                LoRaMacMlmeRequest
 .text.LoRaMacMcpsRequest
                0x08008400      0x130 ./objects/loramac.o
                0x08008400                LoRaMacMcpsRequest
 .text.LoRaMacClassBInit
                0x08008530        0x2 ./objects/loramacclassb.o
                0x08008530                LoRaMacClassBInit
 .text.LoRaMacClassBSetBeaconState
                0x08008532        0x2 ./objects/loramacclassb.o
                0x08008532                LoRaMacClassBSetBeaconState
 .text.LoRaMacClassBSetPingSlotState
                0x08008534        0x2 ./objects/loramacclassb.o
                0x08008534                LoRaMacClassBSetPingSlotState
 .text.LoRaMacClassBSetMulticastSlotState
                0x08008536        0x2 ./objects/loramacclassb.o
                0x08008536                LoRaMacClassBSetMulticastSlotState
 .text.LoRaMacClassBIsAcquisitionInProgress
                0x08008538        0x4 ./objects/loramacclassb.o
                0x08008538                LoRaMacClassBIsAcquisitionInProgress
 .text.LoRaMacClassBBeaconTimerEvent
                0x0800853c        0x2 ./objects/loramacclassb.o
                0x0800853c                LoRaMacClassBBeaconTimerEvent
 .text.LoRaMacClassBPingSlotTimerEvent
                0x0800853e        0x2 ./objects/loramacclassb.o
                0x0800853e                LoRaMacClassBPingSlotTimerEvent
 .text.LoRaMacClassBMulticastSlotTimerEvent
                0x08008540        0x2 ./objects/loramacclassb.o
                0x08008540                LoRaMacClassBMulticastSlotTimerEvent
 .text.LoRaMacClassBRxBeacon
                0x08008542        0x4 ./objects/loramacclassb.o
                0x08008542                LoRaMacClassBRxBeacon
 .text.LoRaMacClassBIsBeaconExpected
                0x08008546        0x4 ./objects/loramacclassb.o
                0x08008546                LoRaMacClassBIsBeaconExpected
 .text.LoRaMacClassBIsPingExpected
                0x0800854a        0x4 ./objects/loramacclassb.o
                0x0800854a                LoRaMacClassBIsPingExpected
 .text.LoRaMacClassBIsMulticastExpected
                0x0800854e        0x4 ./objects/loramacclassb.o
                0x0800854e                LoRaMacClassBIsMulticastExpected
 .text.LoRaMacClassBIsBeaconModeActive
                0x08008552        0x4 ./objects/loramacclassb.o
                0x08008552                LoRaMacClassBIsBeaconModeActive
 .text.LoRaMacClassBSetPingSlotInfo
                0x08008556        0x2 ./objects/loramacclassb.o
                0x08008556                LoRaMacClassBSetPingSlotInfo
 .text.LoRaMacClassBHaltBeaconing
                0x08008558        0x2 ./objects/loramacclassb.o
                0x08008558                LoRaMacClassBHaltBeaconing
 .text.LoRaMacClassBResumeBeaconing
                0x0800855a        0x2 ./objects/loramacclassb.o
                0x0800855a                LoRaMacClassBResumeBeaconing
 .text.LoRaMacClassBStop
                0x0800855c        0x2 ./objects/loramacclassb.o
                0x0800855c                LoRaMacClassBStop
 .text.LoRaMacClassBSwitchClass
                0x0800855e        0x4 ./objects/loramacclassb.o
                0x0800855e                LoRaMacClassBSwitchClass
 .text.LoRaMacClassBMibGetRequestConfirm
                0x08008562        0x4 ./objects/loramacclassb.o
                0x08008562                LoRaMacClassBMibGetRequestConfirm
 .text.LoRaMacMibClassBSetRequestConfirm
                0x08008566        0x4 ./objects/loramacclassb.o
                0x08008566                LoRaMacMibClassBSetRequestConfirm
 .text.LoRaMacClassBPingSlotInfoAns
                0x0800856a        0x2 ./objects/loramacclassb.o
                0x0800856a                LoRaMacClassBPingSlotInfoAns
 .text.LoRaMacClassBPingSlotChannelReq
                0x0800856c        0x4 ./objects/loramacclassb.o
                0x0800856c                LoRaMacClassBPingSlotChannelReq
 .text.LoRaMacClassBBeaconTimingAns
                0x08008570        0x2 ./objects/loramacclassb.o
                0x08008570                LoRaMacClassBBeaconTimingAns
 .text.LoRaMacClassBDeviceTimeAns
                0x08008572        0x2 ./objects/loramacclassb.o
                0x08008572                LoRaMacClassBDeviceTimeAns
 .text.LoRaMacClassBBeaconFreqReq
                0x08008574        0x4 ./objects/loramacclassb.o
                0x08008574                LoRaMacClassBBeaconFreqReq
 .text.LoRaMacClassBIsUplinkCollision
                0x08008578        0x6 ./objects/loramacclassb.o
                0x08008578                LoRaMacClassBIsUplinkCollision
 .text.LoRaMacClassBStopRxSlots
                0x0800857e        0x2 ./objects/loramacclassb.o
                0x0800857e                LoRaMacClassBStopRxSlots
 .text.LoRaMacClassBSetMulticastPeriodicity
                0x08008580        0x2 ./objects/loramacclassb.o
                0x08008580                LoRaMacClassBSetMulticastPeriodicity
 *fill*         0x08008582        0x2 
 .text.LoRaMacConfirmQueueInit
                0x08008584       0x34 ./objects/loramacconfirmqueue.o
                0x08008584                LoRaMacConfirmQueueInit
 .text.LoRaMacConfirmQueueAdd
                0x080085b8       0x44 ./objects/loramacconfirmqueue.o
                0x080085b8                LoRaMacConfirmQueueAdd
 .text.LoRaMacConfirmQueueRemoveLast
                0x080085fc       0x28 ./objects/loramacconfirmqueue.o
                0x080085fc                LoRaMacConfirmQueueRemoveLast
 .text.LoRaMacConfirmQueueRemoveFirst
                0x08008624       0x28 ./objects/loramacconfirmqueue.o
                0x08008624                LoRaMacConfirmQueueRemoveFirst
 .text.LoRaMacConfirmQueueSetStatus
                0x0800864c       0x40 ./objects/loramacconfirmqueue.o
                0x0800864c                LoRaMacConfirmQueueSetStatus
 .text.LoRaMacConfirmQueueGetStatus
                0x0800868c       0x3c ./objects/loramacconfirmqueue.o
                0x0800868c                LoRaMacConfirmQueueGetStatus
 .text.LoRaMacConfirmQueueSetStatusCmn
                0x080086c8       0x44 ./objects/loramacconfirmqueue.o
                0x080086c8                LoRaMacConfirmQueueSetStatusCmn
 .text.LoRaMacConfirmQueueGetStatusCmn
                0x0800870c        0xc ./objects/loramacconfirmqueue.o
                0x0800870c                LoRaMacConfirmQueueGetStatusCmn
 .text.LoRaMacConfirmQueueIsCmdActive
                0x08008718       0x38 ./objects/loramacconfirmqueue.o
                0x08008718                LoRaMacConfirmQueueIsCmdActive
 .text.LoRaMacConfirmQueueHandleCb
                0x08008750       0x60 ./objects/loramacconfirmqueue.o
                0x08008750                LoRaMacConfirmQueueHandleCb
 .text.LoRaMacConfirmQueueGetCnt
                0x080087b0        0xc ./objects/loramacconfirmqueue.o
                0x080087b0                LoRaMacConfirmQueueGetCnt
 .text.LoRaMacConfirmQueueIsFull
                0x080087bc       0x14 ./objects/loramacconfirmqueue.o
                0x080087bc                LoRaMacConfirmQueueIsFull
 .text.LoRaMacComputeMic
                0x080087d0       0x70 ./objects/loramaccrypto.o
                0x080087d0                LoRaMacComputeMic
 .text.LoRaMacPayloadEncrypt
                0x08008840       0xe0 ./objects/loramaccrypto.o
                0x08008840                LoRaMacPayloadEncrypt
 .text.LoRaMacPayloadDecrypt
                0x08008920       0x10 ./objects/loramaccrypto.o
                0x08008920                LoRaMacPayloadDecrypt
 .text.LoRaMacJoinComputeMic
                0x08008930       0x3c ./objects/loramaccrypto.o
                0x08008930                LoRaMacJoinComputeMic
 .text.LoRaMacJoinDecrypt
                0x0800896c       0x3e ./objects/loramaccrypto.o
                0x0800896c                LoRaMacJoinDecrypt
 .text.LoRaMacJoinComputeSKeys
                0x080089aa       0x86 ./objects/loramaccrypto.o
                0x080089aa                LoRaMacJoinComputeSKeys
 .text.RegionIsActive
                0x08008a30        0x8 ./objects/region.o
                0x08008a30                RegionIsActive
 .text.RegionGetPhyParam
                0x08008a38       0x14 ./objects/region.o
                0x08008a38                RegionGetPhyParam
 .text.RegionSetBandTxDone
                0x08008a4c        0xc ./objects/region.o
                0x08008a4c                RegionSetBandTxDone
 .text.RegionInitDefaults
                0x08008a58        0xc ./objects/region.o
                0x08008a58                RegionInitDefaults
 .text.RegionVerify
                0x08008a64       0x12 ./objects/region.o
                0x08008a64                RegionVerify
 .text.RegionApplyCFList
                0x08008a76        0xc ./objects/region.o
                0x08008a76                RegionApplyCFList
 .text.RegionChanMaskSet
                0x08008a82        0xe ./objects/region.o
                0x08008a82                RegionChanMaskSet
 .text.RegionAdrNext
                0x08008a90       0x20 ./objects/region.o
                0x08008a90                RegionAdrNext
 .text.RegionComputeRxWindowParameters
                0x08008ab0       0x1e ./objects/region.o
                0x08008ab0                RegionComputeRxWindowParameters
 .text.RegionRxConfig
                0x08008ace       0x12 ./objects/region.o
                0x08008ace                RegionRxConfig
 .text.RegionTxConfig
                0x08008ae0       0x1e ./objects/region.o
                0x08008ae0                RegionTxConfig
 .text.RegionLinkAdrReq
                0x08008afe       0x20 ./objects/region.o
                0x08008afe                RegionLinkAdrReq
 .text.RegionRxParamSetupReq
                0x08008b1e        0xe ./objects/region.o
                0x08008b1e                RegionRxParamSetupReq
 .text.RegionNewChannelReq
                0x08008b2c        0xe ./objects/region.o
                0x08008b2c                RegionNewChannelReq
 .text.RegionTxParamSetupReq
                0x08008b3a        0xe ./objects/region.o
                0x08008b3a                RegionTxParamSetupReq
 .text.RegionDlChannelReq
                0x08008b48        0xe ./objects/region.o
                0x08008b48                RegionDlChannelReq
 .text.RegionAlternateDr
                0x08008b56        0xe ./objects/region.o
                0x08008b56                RegionAlternateDr
 .text.RegionCalcBackOff
                0x08008b64        0xc ./objects/region.o
                0x08008b64                RegionCalcBackOff
 .text.RegionNextChannel
                0x08008b70       0x20 ./objects/region.o
                0x08008b70                RegionNextChannel
 .text.RegionSetContinuousWave
                0x08008b90        0xc ./objects/region.o
                0x08008b90                RegionSetContinuousWave
 .text.RegionApplyDrOffset
                0x08008b9c       0x1e ./objects/region.o
                0x08008b9c                RegionApplyDrOffset
 *fill*         0x08008bba        0x2 
 .text.RegionCommonGetJoinDc
                0x08008bbc       0x30 ./objects/regioncommon.o
                0x08008bbc                RegionCommonGetJoinDc
 .text.RegionCommonChanVerifyDr
                0x08008bec       0x66 ./objects/regioncommon.o
                0x08008bec                RegionCommonChanVerifyDr
 .text.RegionCommonValueInRange
                0x08008c52       0x12 ./objects/regioncommon.o
                0x08008c52                RegionCommonValueInRange
 .text.RegionCommonCountChannels
                0x08008c64       0x3c ./objects/regioncommon.o
                0x08008c64                RegionCommonCountChannels
 .text.RegionCommonChanMaskCopy
                0x08008ca0       0x1e ./objects/regioncommon.o
                0x08008ca0                RegionCommonChanMaskCopy
 .text.RegionCommonSetBandTxDone
                0x08008cbe        0xe ./objects/regioncommon.o
                0x08008cbe                RegionCommonSetBandTxDone
 .text.RegionCommonUpdateBandTimeOff
                0x08008ccc      0x10a ./objects/regioncommon.o
                0x08008ccc                RegionCommonUpdateBandTimeOff
 .text.RegionCommonParseLinkAdrReq
                0x08008dd6       0x34 ./objects/regioncommon.o
                0x08008dd6                RegionCommonParseLinkAdrReq
 *fill*         0x08008e0a        0x2 
 .text.RegionCommonComputeSymbolTimeLoRa
                0x08008e0c       0x34 ./objects/regioncommon.o
                0x08008e0c                RegionCommonComputeSymbolTimeLoRa
 .text.RegionCommonComputeRxWindowParameters
                0x08008e40       0xac ./objects/regioncommon.o
                0x08008e40                RegionCommonComputeRxWindowParameters
 .text.RegionCommonComputeTxPower
                0x08008eec       0x30 ./objects/regioncommon.o
                0x08008eec                RegionCommonComputeTxPower
 .text.RegionCN470GetPhyParam
                0x08008f1c      0x108 ./objects/regioncn470.o
                0x08008f1c                RegionCN470GetPhyParam
 .text.RegionCN470SetBandTxDone
                0x08009024       0x2c ./objects/regioncn470.o
                0x08009024                RegionCN470SetBandTxDone
 .text.RegionCN470InitDefaults
                0x08009050       0x6c ./objects/regioncn470.o
                0x08009050                RegionCN470InitDefaults
 .text.RegionCN470Verify
                0x080090bc       0x3c ./objects/regioncn470.o
                0x080090bc                RegionCN470Verify
 .text.RegionCN470ApplyCFList
                0x080090f8        0x2 ./objects/regioncn470.o
                0x080090f8                RegionCN470ApplyCFList
 *fill*         0x080090fa        0x2 
 .text.RegionCN470ChanMaskSet
                0x080090fc       0x34 ./objects/regioncn470.o
                0x080090fc                RegionCN470ChanMaskSet
 .text.RegionCN470AdrNext
                0x08009130       0x80 ./objects/regioncn470.o
                0x08009130                RegionCN470AdrNext
 .text.RegionCN470ComputeRxWindowParameters
                0x080091b0       0x74 ./objects/regioncn470.o
                0x080091b0                RegionCN470ComputeRxWindowParameters
 .text.RegionCN470RxConfig
                0x08009224       0xd0 ./objects/regioncn470.o
                0x08009224                RegionCN470RxConfig
 .text.RegionCN470TxConfig
                0x080092f4       0xec ./objects/regioncn470.o
                0x080092f4                RegionCN470TxConfig
 .text.RegionCN470LinkAdrReq
                0x080093e0      0x118 ./objects/regioncn470.o
                0x080093e0                RegionCN470LinkAdrReq
 .text.RegionCN470RxParamSetupReq
                0x080094f8       0x68 ./objects/regioncn470.o
                0x080094f8                RegionCN470RxParamSetupReq
 .text.RegionCN470NewChannelReq
                0x08009560        0x4 ./objects/regioncn470.o
                0x08009560                RegionCN470NewChannelReq
 .text.RegionCN470TxParamSetupReq
                0x08009564        0x6 ./objects/regioncn470.o
                0x08009564                RegionCN470TxParamSetupReq
 .text.RegionCN470DlChannelReq
                0x0800956a        0x4 ./objects/regioncn470.o
                0x0800956a                RegionCN470DlChannelReq
 .text.RegionCN470AlternateDr
                0x0800956e       0x3e ./objects/regioncn470.o
                0x0800956e                RegionCN470AlternateDr
 .text.RegionCN470CalcBackOff
                0x080095ac       0x64 ./objects/regioncn470.o
                0x080095ac                RegionCN470CalcBackOff
 .text.RegionCN470NextChannel
                0x08009610      0x158 ./objects/regioncn470.o
                0x08009610                RegionCN470NextChannel
 .text.RegionCN470SetContinuousWave
                0x08009768       0x4c ./objects/regioncn470.o
                0x08009768                RegionCN470SetContinuousWave
 .text.RegionCN470ApplyDrOffset
                0x080097b4        0xc ./objects/regioncn470.o
                0x080097b4                RegionCN470ApplyDrOffset
 .text.mcps_confirm
                0x080097c0       0x28 ./objects/linkwan.o
 .text.on_tx_next_packet_timer_event
                0x080097e8       0x38 ./objects/linkwan.o
 .text.mlme_confirm
                0x08009820      0x134 ./objects/linkwan.o
 .text.prepare_tx_frame
                0x08009954       0x1c ./objects/linkwan.o
 .text.mlme_indication
                0x08009970       0xa8 ./objects/linkwan.o
 .text.send_frame
                0x08009a18       0xd0 ./objects/linkwan.o
 .text.mcps_indication
                0x08009ae8       0xe8 ./objects/linkwan.o
 .text.get_lora_cur_multicast
                0x08009bd0       0x1c ./objects/linkwan.o
                0x08009bd0                get_lora_cur_multicast
 .text.init_lwan_configs
                0x08009bec       0x88 ./objects/linkwan.o
                0x08009bec                init_lwan_configs
 .text.lora_init
                0x08009c74       0x10 ./objects/linkwan.o
                0x08009c74                lora_init
 .text.lora_fsm
                0x08009c84      0x4e0 ./objects/linkwan.o
                0x08009c84                lora_fsm
 .text.lwan_dev_state_set
                0x0800a164       0x1c ./objects/linkwan.o
                0x0800a164                lwan_dev_state_set
 .text.lwan_dev_status_set
                0x0800a180        0xc ./objects/linkwan.o
                0x0800a180                lwan_dev_status_set
 .text.lwan_dev_status_get
                0x0800a18c        0xc ./objects/linkwan.o
                0x0800a18c                lwan_dev_status_get
 .text.lwan_mac_req_send
                0x0800a198       0x68 ./objects/linkwan.o
                0x0800a198                lwan_mac_req_send
 .text.lwan_join
                0x0800a200       0xcc ./objects/linkwan.o
                0x0800a200                lwan_join
 .text.lwan_data_send
                0x0800a2cc       0x64 ./objects/linkwan.o
                0x0800a2cc                lwan_data_send
 .text.lwan_data_recv
                0x0800a330       0x28 ./objects/linkwan.o
                0x0800a330                lwan_data_recv
 .text.lwan_dev_battery_get
                0x0800a358        0xc ./objects/linkwan.o
                0x0800a358                lwan_dev_battery_get
 .text.lwan_dev_rssi_get
                0x0800a364       0x88 ./objects/linkwan.o
                0x0800a364                lwan_dev_rssi_get
 .text.lwan_multicast_add
                0x0800a3ec       0x42 ./objects/linkwan.o
                0x0800a3ec                lwan_multicast_add
 .text.lwan_multicast_del
                0x0800a42e       0x34 ./objects/linkwan.o
                0x0800a42e                lwan_multicast_del
 .text.lwan_multicast_num_get
                0x0800a462       0x1c ./objects/linkwan.o
                0x0800a462                lwan_multicast_num_get
 *fill*         0x0800a47e        0x2 
 .text.lwan_sys_reboot
                0x0800a480       0x28 ./objects/linkwan.o
                0x0800a480                lwan_sys_reboot
 .text.hex2bin  0x0800a4a8       0x70 ./objects/linkwan_ica_at.o
 .text.at_cgmr_func
                0x0800a518       0x38 ./objects/linkwan_ica_at.o
 .text.at_cgmm_func
                0x0800a550       0x38 ./objects/linkwan_ica_at.o
 .text.at_cgmi_func
                0x0800a588       0x38 ./objects/linkwan_ica_at.o
 .text.at_cgsn_func
                0x0800a5c0       0x68 ./objects/linkwan_ica_at.o
 .text.at_ireboot_func
                0x0800a628       0x88 ./objects/linkwan_ica_at.o
 .text.at_iloglvl_func
                0x0800a6b0       0xa4 ./objects/linkwan_ica_at.o
 .text.at_ckeysprotect_func
                0x0800a754       0x98 ./objects/linkwan_ica_at.o
 .text.at_cnwkskey_func
                0x0800a7ec       0xc4 ./objects/linkwan_ica_at.o
 .text.at_cappskey_func
                0x0800a8b0       0xc4 ./objects/linkwan_ica_at.o
 .text.at_cdevaddr_func
                0x0800a974       0x94 ./objects/linkwan_ica_at.o
 .text.at_cappkey_func
                0x0800aa08       0xec ./objects/linkwan_ica_at.o
 .text.at_cappeui_func
                0x0800aaf4       0xb8 ./objects/linkwan_ica_at.o
 .text.at_cdeveui_func
                0x0800abac       0xbc ./objects/linkwan_ica_at.o
 .text.at_cworkmode_func
                0x0800ac68       0x88 ./objects/linkwan_ica_at.o
 .text.at_cpslotinforeq_func
                0x0800acf0       0x90 ./objects/linkwan_ica_at.o
 .text.at_crestore_func
                0x0800ad80       0x74 ./objects/linkwan_ica_at.o
 .text.at_cdelmulticast_func
                0x0800adf4       0x58 ./objects/linkwan_ica_at.o
 .text.at_crx1delay_func
                0x0800ae4c       0x90 ./objects/linkwan_ica_at.o
 .text.at_crxp_func
                0x0800aedc       0xb4 ./objects/linkwan_ica_at.o
 .text.at_cadr_func
                0x0800af90       0x90 ./objects/linkwan_ica_at.o
 .text.at_ctxp_func
                0x0800b020       0x90 ./objects/linkwan_ica_at.o
 .text.at_crm_func
                0x0800b0b0       0xb0 ./objects/linkwan_ica_at.o
 .text.at_cnbtrials_func
                0x0800b160       0xc0 ./objects/linkwan_ica_at.o
 .text.at_cdatarate_func
                0x0800b220       0xa8 ./objects/linkwan_ica_at.o
 .text.at_cappport_func
                0x0800b2c8       0x8c ./objects/linkwan_ica_at.o
 .text.at_cconfirm_func
                0x0800b354       0x90 ./objects/linkwan_ica_at.o
 .text.at_crssi_func
                0x0800b3e4       0xb4 ./objects/linkwan_ica_at.o
 .text.at_drx_func
                0x0800b498       0xc4 ./objects/linkwan_ica_at.o
 .text.at_dtrx_func
                0x0800b55c       0xa0 ./objects/linkwan_ica_at.o
 .text.at_cjoin_func
                0x0800b5fc       0xc0 ./objects/linkwan_ica_at.o
 .text.at_cstatus_func
                0x0800b6bc       0x4c ./objects/linkwan_ica_at.o
 .text.at_cbl_func
                0x0800b708       0x4c ./objects/linkwan_ica_at.o
 .text.at_cclass_func
                0x0800b754      0x128 ./objects/linkwan_ica_at.o
 .text.at_culdlmode_func
                0x0800b87c       0x90 ./objects/linkwan_ica_at.o
 .text.at_cfreqbandmask_func
                0x0800b90c       0xa0 ./objects/linkwan_ica_at.o
 .text.at_cjoinmode_func
                0x0800b9ac       0x90 ./objects/linkwan_ica_at.o
 .text.at_cnummulticast_func
                0x0800ba3c       0x4c ./objects/linkwan_ica_at.o
 .text.at_caddmulticast_func
                0x0800ba88       0xa8 ./objects/linkwan_ica_at.o
 .text.at_csave_func
                0x0800bb30       0x4c ./objects/linkwan_ica_at.o
 .text.at_clinkcheck_func
                0x0800bb7c       0x78 ./objects/linkwan_ica_at.o
 .text.linkwan_serial_input
                0x0800bbf4       0x70 ./objects/linkwan_ica_at.o
                0x0800bbf4                linkwan_serial_input
 .text.linkwan_at_prompt_print
                0x0800bc64       0x24 ./objects/linkwan_ica_at.o
                0x0800bc64                linkwan_at_prompt_print
 .text.linkwan_serial_output
                0x0800bc88       0x18 ./objects/linkwan_ica_at.o
                0x0800bc88                linkwan_serial_output
 .text.at_cgbr_func
                0x0800bca0       0xa4 ./objects/linkwan_ica_at.o
 .text.linkwan_at_process
                0x0800bd44      0x150 ./objects/linkwan_ica_at.o
                0x0800bd44                linkwan_at_process
 .text.linkwan_at_init
                0x0800be94       0x1c ./objects/linkwan_ica_at.o
                0x0800be94                linkwan_at_init
 .text.crc16    0x0800beb0       0x32 ./objects/lwan_config.o
 .text.lwan_is_key_valid.part.0
                0x0800bee2       0x26 ./objects/lwan_config.o
 .text.read_settings
                0x0800bf08       0x26 ./objects/lwan_config.o
                0x0800bf08                read_settings
 *fill*         0x0800bf2e        0x2 
 .text.write_settings
                0x0800bf30       0x74 ./objects/lwan_config.o
                0x0800bf30                write_settings
 .text.write_lwan_dev_config
                0x0800bfa4       0x20 ./objects/lwan_config.o
                0x0800bfa4                write_lwan_dev_config
 .text.read_lwan_dev_config
                0x0800bfc4       0x48 ./objects/lwan_config.o
                0x0800bfc4                read_lwan_dev_config
 .text.write_lwan_mac_config
                0x0800c00c       0x20 ./objects/lwan_config.o
                0x0800c00c                write_lwan_mac_config
 .text.read_lwan_mac_config
                0x0800c02c       0x3c ./objects/lwan_config.o
                0x0800c02c                read_lwan_mac_config
 .text.read_lwan_dev_keys
                0x0800c068       0x4c ./objects/lwan_config.o
                0x0800c068                read_lwan_dev_keys
 .text.write_lwan_dev_keys
                0x0800c0b4       0x50 ./objects/lwan_config.o
                0x0800c0b4                write_lwan_dev_keys
 .text.encrypt_lwan_dev_keys
                0x0800c104      0x126 ./objects/lwan_config.o
                0x0800c104                encrypt_lwan_dev_keys
 .text.decrypt_lwan_dev_keys
                0x0800c22a        0x6 ./objects/lwan_config.o
                0x0800c22a                decrypt_lwan_dev_keys
 .text.lwan_mac_params_update
                0x0800c230       0xa4 ./objects/lwan_config.o
                0x0800c230                lwan_mac_params_update
 .text.lwan_dev_params_update
                0x0800c2d4       0x84 ./objects/lwan_config.o
                0x0800c2d4                lwan_dev_params_update
 .text.lwan_is_key_valid
                0x0800c358        0xc ./objects/lwan_config.o
                0x0800c358                lwan_is_key_valid
 .text.lwan_dev_keys_init
                0x0800c364       0x38 ./objects/lwan_config.o
                0x0800c364                lwan_dev_keys_init
 .text.lwan_dev_keys_set
                0x0800c39c      0x100 ./objects/lwan_config.o
                0x0800c39c                lwan_dev_keys_set
 .text.lwan_dev_keys_get
                0x0800c49c       0xb8 ./objects/lwan_config.o
                0x0800c49c                lwan_dev_keys_get
 .text.lwan_dev_config_init
                0x0800c554       0x2c ./objects/lwan_config.o
                0x0800c554                lwan_dev_config_init
 .text.lwan_prodct_config_init
                0x0800c580       0x10 ./objects/lwan_config.o
                0x0800c580                lwan_prodct_config_init
 .text.lwan_dev_config_get
                0x0800c590       0x78 ./objects/lwan_config.o
                0x0800c590                lwan_dev_config_get
 .text.lwan_dev_config_set
                0x0800c608      0x19c ./objects/lwan_config.o
                0x0800c608                lwan_dev_config_set
 .text.lwan_mac_config_init
                0x0800c7a4       0x28 ./objects/lwan_config.o
                0x0800c7a4                lwan_mac_config_init
 .text.lwan_mac_config_get
                0x0800c7cc       0xe0 ./objects/lwan_config.o
                0x0800c7cc                lwan_mac_config_get
 .text.lwan_mac_config_set
                0x0800c8ac      0x16c ./objects/lwan_config.o
                0x0800c8ac                lwan_mac_config_set
 .text.lwan_mac_config_save
                0x0800ca18        0xc ./objects/lwan_config.o
                0x0800ca18                lwan_mac_config_save
 .text.lwan_mac_config_reset
                0x0800ca24       0x2c ./objects/lwan_config.o
                0x0800ca24                lwan_mac_config_reset
 .text.lwan_sys_config_init
                0x0800ca50       0x40 ./objects/lwan_config.o
                0x0800ca50                lwan_sys_config_init
 .text.lwan_sys_config_get
                0x0800ca90       0x28 ./objects/lwan_config.o
                0x0800ca90                lwan_sys_config_get
 .text.lwan_sys_config_set
                0x0800cab8       0x44 ./objects/lwan_config.o
                0x0800cab8                lwan_sys_config_set
 .text.BoardGetBatteryLevel
                0x0800cafc        0x4 ./objects/main.o
                0x0800cafc                BoardGetBatteryLevel
 .text.BoardGetUniqueId
                0x0800cb00        0x2 ./objects/main.o
                0x0800cb00                BoardGetUniqueId
 .text.BoardGetRandomSeed
                0x0800cb02        0x4 ./objects/main.o
                0x0800cb02                BoardGetRandomSeed
 *fill*         0x0800cb06        0x2 
 .text.LoraTxData
                0x0800cb08       0x30 ./objects/main.o
                0x0800cb08                LoraTxData
 .text.LoraRxData
                0x0800cb38       0x5c ./objects/main.o
                0x0800cb38                LoraRxData
 .text.uart_log_init
                0x0800cb94       0xa4 ./objects/main.o
                0x0800cb94                uart_log_init
 .text.board_init
                0x0800cc38       0x7e ./objects/main.o
                0x0800cc38                board_init
 *fill*         0x0800ccb6        0x2 
 .text._sbrk    0x0800ccb8       0x20 ./objects/main.o
                0x0800ccb8                _sbrk
 .text.startup.main
                0x0800ccd8       0x5c ./objects/main.o
                0x0800ccd8                main
 .text.NMI_Handler
                0x0800cd34        0x2 ./objects/tremo_it.o
                0x0800cd34                NMI_Handler
 .text.HardFault_Handler
                0x0800cd36        0x2 ./objects/tremo_it.o
                0x0800cd36                HardFault_Handler
 .text.MemManage_Handler
                0x0800cd38        0x2 ./objects/tremo_it.o
                0x0800cd38                MemManage_Handler
 .text.BusFault_Handler
                0x0800cd3a        0x2 ./objects/tremo_it.o
                0x0800cd3a                BusFault_Handler
 .text.UsageFault_Handler
                0x0800cd3c        0x2 ./objects/tremo_it.o
                0x0800cd3c                UsageFault_Handler
 .text.SVC_Handler
                0x0800cd3e        0x2 ./objects/tremo_it.o
                0x0800cd3e                SVC_Handler
 .text.PendSV_Handler
                0x0800cd40        0x2 ./objects/tremo_it.o
                0x0800cd40                PendSV_Handler
 .text.SysTick_Handler
                0x0800cd42        0x2 ./objects/tremo_it.o
                0x0800cd42                SysTick_Handler
 .text.PWR_IRQHandler
                0x0800cd44        0x2 ./objects/tremo_it.o
                0x0800cd44                PWR_IRQHandler
 .text.LORA_IRQHandler
                0x0800cd46        0x4 ./objects/tremo_it.o
                0x0800cd46                LORA_IRQHandler
 .text.RTC_IRQHandler
                0x0800cd4a        0x4 ./objects/tremo_it.o
                0x0800cd4a                RTC_IRQHandler
 .text.UART0_IRQHandler
                0x0800cd4e        0x2 ./objects/tremo_it.o
                0x0800cd4e                UART0_IRQHandler
 .text.LPUART_IRQHandler
                0x0800cd50       0x2c ./objects/tremo_it.o
                0x0800cd50                LPUART_IRQHandler
 .text.DMA0_IRQHandler
                0x0800cd7c        0x4 ./objects/tremo_it.o
                0x0800cd7c                DMA0_IRQHandler
 .text.DMA1_IRQHandler
                0x0800cd80        0x4 ./objects/tremo_it.o
                0x0800cd80                DMA1_IRQHandler
 .text.__libc_init_array
                0x0800cd84       0x48 d:/program files/gnu arm embedded toolchain/9 2020-q2-update/bin/../lib/gcc/arm-none-eabi/9.3.1/../../../../arm-none-eabi/lib/thumb/v7e-m/nofp\libc.a(lib_a-init.o)
                0x0800cd84                __libc_init_array
 .text.malloc   0x0800cdcc       0x10 d:/program files/gnu arm embedded toolchain/9 2020-q2-update/bin/../lib/gcc/arm-none-eabi/9.3.1/../../../../arm-none-eabi/lib/thumb/v7e-m/nofp\libc.a(lib_a-malloc.o)
                0x0800cdcc                malloc
 .text.free     0x0800cddc       0x10 d:/program files/gnu arm embedded toolchain/9 2020-q2-update/bin/../lib/gcc/arm-none-eabi/9.3.1/../../../../arm-none-eabi/lib/thumb/v7e-m/nofp\libc.a(lib_a-malloc.o)
                0x0800cddc                free
 .text._malloc_r
                0x0800cdec      0x574 d:/program files/gnu arm embedded toolchain/9 2020-q2-update/bin/../lib/gcc/arm-none-eabi/9.3.1/../../../../arm-none-eabi/lib/thumb/v7e-m/nofp\libc.a(lib_a-mallocr.o)
                0x0800cdec                _malloc_r
 .text.memcmp   0x0800d360       0x60 d:/program files/gnu arm embedded toolchain/9 2020-q2-update/bin/../lib/gcc/arm-none-eabi/9.3.1/../../../../arm-none-eabi/lib/thumb/v7e-m/nofp\libc.a(lib_a-memcmp.o)
                0x0800d360                memcmp
 .text.memset   0x0800d3c0       0xa0 d:/program files/gnu arm embedded toolchain/9 2020-q2-update/bin/../lib/gcc/arm-none-eabi/9.3.1/../../../../arm-none-eabi/lib/thumb/v7e-m/nofp\libc.a(lib_a-memset.o)
                0x0800d3c0                memset
 .text.__malloc_lock
                0x0800d460        0xc d:/program files/gnu arm embedded toolchain/9 2020-q2-update/bin/../lib/gcc/arm-none-eabi/9.3.1/../../../../arm-none-eabi/lib/thumb/v7e-m/nofp\libc.a(lib_a-mlock.o)
                0x0800d460                __malloc_lock
 .text.__malloc_unlock
                0x0800d46c        0xc d:/program files/gnu arm embedded toolchain/9 2020-q2-update/bin/../lib/gcc/arm-none-eabi/9.3.1/../../../../arm-none-eabi/lib/thumb/v7e-m/nofp\libc.a(lib_a-mlock.o)
                0x0800d46c                __malloc_unlock
 .text._sbrk_r  0x0800d478       0x24 d:/program files/gnu arm embedded toolchain/9 2020-q2-update/bin/../lib/gcc/arm-none-eabi/9.3.1/../../../../arm-none-eabi/lib/thumb/v7e-m/nofp\libc.a(lib_a-sbrkr.o)
                0x0800d478                _sbrk_r
 .text.strncmp  0x0800d49c       0x7c d:/program files/gnu arm embedded toolchain/9 2020-q2-update/bin/../lib/gcc/arm-none-eabi/9.3.1/../../../../arm-none-eabi/lib/thumb/v7e-m/nofp\libc.a(lib_a-strncmp.o)
                0x0800d49c                strncmp
 .text.strncpy  0x0800d518       0x68 d:/program files/gnu arm embedded toolchain/9 2020-q2-update/bin/../lib/gcc/arm-none-eabi/9.3.1/../../../../arm-none-eabi/lib/thumb/v7e-m/nofp\libc.a(lib_a-strncpy.o)
                0x0800d518                strncpy
 .text.strtok   0x0800d580       0x10 d:/program files/gnu arm embedded toolchain/9 2020-q2-update/bin/../lib/gcc/arm-none-eabi/9.3.1/../../../../arm-none-eabi/lib/thumb/v7e-m/nofp\libc.a(lib_a-strtok.o)
                0x0800d580                strtok
 .text.__strtok_r
                0x0800d590       0x70 d:/program files/gnu arm embedded toolchain/9 2020-q2-update/bin/../lib/gcc/arm-none-eabi/9.3.1/../../../../arm-none-eabi/lib/thumb/v7e-m/nofp\libc.a(lib_a-strtok_r.o)
                0x0800d590                __strtok_r
 .text._strtol_l.isra.0
                0x0800d600      0x12c d:/program files/gnu arm embedded toolchain/9 2020-q2-update/bin/../lib/gcc/arm-none-eabi/9.3.1/../../../../arm-none-eabi/lib/thumb/v7e-m/nofp\libc.a(lib_a-strtol.o)
 .text.strtol   0x0800d72c       0x18 d:/program files/gnu arm embedded toolchain/9 2020-q2-update/bin/../lib/gcc/arm-none-eabi/9.3.1/../../../../arm-none-eabi/lib/thumb/v7e-m/nofp\libc.a(lib_a-strtol.o)
                0x0800d72c                strtol
 .text._strtoul_l.isra.0
                0x0800d744      0x13c d:/program files/gnu arm embedded toolchain/9 2020-q2-update/bin/../lib/gcc/arm-none-eabi/9.3.1/../../../../arm-none-eabi/lib/thumb/v7e-m/nofp\libc.a(lib_a-strtoul.o)
 .text.strtoul  0x0800d880       0x18 d:/program files/gnu arm embedded toolchain/9 2020-q2-update/bin/../lib/gcc/arm-none-eabi/9.3.1/../../../../arm-none-eabi/lib/thumb/v7e-m/nofp\libc.a(lib_a-strtoul.o)
                0x0800d880                strtoul
 .text.startup.register_fini
                0x0800d898       0x14 d:/program files/gnu arm embedded toolchain/9 2020-q2-update/bin/../lib/gcc/arm-none-eabi/9.3.1/../../../../arm-none-eabi/lib/thumb/v7e-m/nofp\libc.a(lib_a-__call_atexit.o)
 .text.atexit   0x0800d8ac        0xc d:/program files/gnu arm embedded toolchain/9 2020-q2-update/bin/../lib/gcc/arm-none-eabi/9.3.1/../../../../arm-none-eabi/lib/thumb/v7e-m/nofp\libc.a(lib_a-atexit.o)
                0x0800d8ac                atexit
 .text.__errno  0x0800d8b8        0xc d:/program files/gnu arm embedded toolchain/9 2020-q2-update/bin/../lib/gcc/arm-none-eabi/9.3.1/../../../../arm-none-eabi/lib/thumb/v7e-m/nofp\libc.a(lib_a-errno.o)
                0x0800d8b8                __errno
 .text.__libc_fini_array
                0x0800d8c4       0x2c d:/program files/gnu arm embedded toolchain/9 2020-q2-update/bin/../lib/gcc/arm-none-eabi/9.3.1/../../../../arm-none-eabi/lib/thumb/v7e-m/nofp\libc.a(lib_a-fini.o)
                0x0800d8c4                __libc_fini_array
 .text._malloc_trim_r
                0x0800d8f0       0xa0 d:/program files/gnu arm embedded toolchain/9 2020-q2-update/bin/../lib/gcc/arm-none-eabi/9.3.1/../../../../arm-none-eabi/lib/thumb/v7e-m/nofp\libc.a(lib_a-freer.o)
                0x0800d8f0                _malloc_trim_r
 .text._free_r  0x0800d990      0x208 d:/program files/gnu arm embedded toolchain/9 2020-q2-update/bin/../lib/gcc/arm-none-eabi/9.3.1/../../../../arm-none-eabi/lib/thumb/v7e-m/nofp\libc.a(lib_a-freer.o)
                0x0800d990                _free_r
 .text.__retarget_lock_acquire_recursive
                0x0800db98        0x4 d:/program files/gnu arm embedded toolchain/9 2020-q2-update/bin/../lib/gcc/arm-none-eabi/9.3.1/../../../../arm-none-eabi/lib/thumb/v7e-m/nofp\libc.a(lib_a-lock.o)
                0x0800db98                __retarget_lock_acquire_recursive
 .text.__retarget_lock_release_recursive
                0x0800db9c        0x4 d:/program files/gnu arm embedded toolchain/9 2020-q2-update/bin/../lib/gcc/arm-none-eabi/9.3.1/../../../../arm-none-eabi/lib/thumb/v7e-m/nofp\libc.a(lib_a-lock.o)
                0x0800db9c                __retarget_lock_release_recursive
 .text.__register_exitproc
                0x0800dba0       0x8c d:/program files/gnu arm embedded toolchain/9 2020-q2-update/bin/../lib/gcc/arm-none-eabi/9.3.1/../../../../arm-none-eabi/lib/thumb/v7e-m/nofp\libc.a(lib_a-__atexit.o)
                0x0800dba0                __register_exitproc
 *fill*         0x0800dc2c        0x4 
 .text.ceil     0x0800dc30       0xf8 d:/program files/gnu arm embedded toolchain/9 2020-q2-update/bin/../lib/gcc/arm-none-eabi/9.3.1/../../../../arm-none-eabi/lib/thumb/v7e-m/nofp\libm.a(lib_a-s_ceil.o)
                0x0800dc30                ceil
 .text.floor    0x0800dd28       0xf8 d:/program files/gnu arm embedded toolchain/9 2020-q2-update/bin/../lib/gcc/arm-none-eabi/9.3.1/../../../../arm-none-eabi/lib/thumb/v7e-m/nofp\libm.a(lib_a-s_floor.o)
                0x0800dd28                floor
 .text.rint     0x0800de20      0x120 d:/program files/gnu arm embedded toolchain/9 2020-q2-update/bin/../lib/gcc/arm-none-eabi/9.3.1/../../../../arm-none-eabi/lib/thumb/v7e-m/nofp\libm.a(lib_a-s_rint.o)
                0x0800de20                rint
 .text.round    0x0800df40       0x94 d:/program files/gnu arm embedded toolchain/9 2020-q2-update/bin/../lib/gcc/arm-none-eabi/9.3.1/../../../../arm-none-eabi/lib/thumb/v7e-m/nofp\libm.a(lib_a-s_round.o)
                0x0800df40                round
 *(.glue_7)
 .glue_7        0x0800dfd4        0x0 linker stubs
 *(.glue_7t)
 .glue_7t       0x0800dfd4        0x0 linker stubs
 *(.eh_frame)
 .eh_frame      0x0800dfd4        0x0 d:/program files/gnu arm embedded toolchain/9 2020-q2-update/bin/../lib/gcc/arm-none-eabi/9.3.1/thumb/v7e-m/nofp/crtbegin.o
 *(.init)
 .init          0x0800dfd4        0x4 d:/program files/gnu arm embedded toolchain/9 2020-q2-update/bin/../lib/gcc/arm-none-eabi/9.3.1/thumb/v7e-m/nofp/crti.o
                0x0800dfd4                _init
 .init          0x0800dfd8        0x8 d:/program files/gnu arm embedded toolchain/9 2020-q2-update/bin/../lib/gcc/arm-none-eabi/9.3.1/thumb/v7e-m/nofp/crtn.o
 *(.fini)
 .fini          0x0800dfe0        0x4 d:/program files/gnu arm embedded toolchain/9 2020-q2-update/bin/../lib/gcc/arm-none-eabi/9.3.1/thumb/v7e-m/nofp/crti.o
                0x0800dfe0                _fini
 .fini          0x0800dfe4        0x8 d:/program files/gnu arm embedded toolchain/9 2020-q2-update/bin/../lib/gcc/arm-none-eabi/9.3.1/thumb/v7e-m/nofp/crtn.o
                0x0800dfec                . = ALIGN (0x4)
                0x0800dfec                _etext = .

.vfp11_veneer   0x0800dfec        0x0
 .vfp11_veneer  0x0800dfec        0x0 linker stubs

.v4_bx          0x0800dfec        0x0
 .v4_bx         0x0800dfec        0x0 linker stubs

.iplt           0x0800dfec        0x0
 .iplt          0x0800dfec        0x0 d:/program files/gnu arm embedded toolchain/9 2020-q2-update/bin/../lib/gcc/arm-none-eabi/9.3.1/thumb/v7e-m/nofp/crtbegin.o

.rodata         0x0800dff0     0x1318
                0x0800dff0                . = ALIGN (0x4)
 *(.rodata)
 .rodata        0x0800dff0       0x50 ./objects/printf-stdarg.o
 .rodata        0x0800e040        0xc ./objects/tremo_uart.o
 *fill*         0x0800e04c        0x4 
 .rodata        0x0800e050      0x188 ./objects/radio.o
                0x0800e050                FskBandwidths
                0x0800e160                Bandwidths
                0x0800e16c                Radio
 .rodata        0x0800e1d8       0x11 ./objects/sx126x.o
 .rodata        0x0800e1e9       0x18 ./objects/rtc-board.o
 .rodata        0x0800e201       0x10 ./objects/loramac.o
 *fill*         0x0800e211        0x3 
 .rodata        0x0800e214       0x26 ./objects/regioncn470.o
 .rodata        0x0800e23a       0x94 ./objects/linkwan.o
 *fill*         0x0800e2ce        0x2 
 .rodata        0x0800e2d0      0x15c ./objects/linkwan_ica_at.o
 .rodata        0x0800e42c        0x8 ./objects/main.o
 .rodata        0x0800e434       0x10 ../../../../../drivers/crypto/lib/libcrypto.a(aes.o)
 *(.rodata*)
 .rodata.str1.1
                0x0800e444       0x19 ./objects/printf-stdarg.o
 .rodata.str1.1
                0x0800e45d      0x3fc ./objects/loramac.o
 .rodata.str1.1
                0x0800e859       0x5a ./objects/regioncn470.o
 .rodata.str1.1
                0x0800e8b3      0x20e ./objects/linkwan.o
                                0x216 (size before relaxing)
 .rodata.str1.1
                0x0800eac1      0x68c ./objects/linkwan_ica_at.o
                                0x6a1 (size before relaxing)
 .rodata.str1.1
                0x0800f14d       0x62 ./objects/lwan_config.o
 .rodata.str1.1
                0x0800f1af       0x3d ./objects/main.o
                                 0x40 (size before relaxing)
 .rodata._global_impure_ptr
                0x0800f1ec        0x4 d:/program files/gnu arm embedded toolchain/9 2020-q2-update/bin/../lib/gcc/arm-none-eabi/9.3.1/../../../../arm-none-eabi/lib/thumb/v7e-m/nofp\libc.a(lib_a-impure.o)
                0x0800f1ec                _global_impure_ptr
 .rodata._ctype_
                0x0800f1f0      0x101 d:/program files/gnu arm embedded toolchain/9 2020-q2-update/bin/../lib/gcc/arm-none-eabi/9.3.1/../../../../arm-none-eabi/lib/thumb/v7e-m/nofp\libc.a(lib_a-ctype_.o)
                0x0800f1f0                _ctype_
 *fill*         0x0800f2f1        0x7 
 .rodata.TWO52  0x0800f2f8       0x10 d:/program files/gnu arm embedded toolchain/9 2020-q2-update/bin/../lib/gcc/arm-none-eabi/9.3.1/../../../../arm-none-eabi/lib/thumb/v7e-m/nofp\libm.a(lib_a-s_rint.o)
                0x0800f308                . = ALIGN (0x4)

.ARM.extab
 *(.ARM.extab* .gnu.linkonce.armextab.*)

.ARM            0x0800f308        0x8
                0x0800f308                __exidx_start = .
 *(.ARM.exidx*)
 .ARM.exidx     0x0800f308        0x8 d:/program files/gnu arm embedded toolchain/9 2020-q2-update/bin/../lib/gcc/arm-none-eabi/9.3.1/thumb/v7e-m/nofp\libgcc.a(_udivmoddi4.o)
                0x0800f310                __exidx_end = .

.rel.dyn        0x0800f310        0x0
 .rel.iplt      0x0800f310        0x0 d:/program files/gnu arm embedded toolchain/9 2020-q2-update/bin/../lib/gcc/arm-none-eabi/9.3.1/thumb/v7e-m/nofp/crtbegin.o

.preinit_array  0x0800f310        0x0
                0x0800f310                PROVIDE (__preinit_array_start = .)
 *(.preinit_array*)
                0x0800f310                PROVIDE (__preinit_array_end = .)

.init_array     0x0800f310        0x8
                0x0800f310                PROVIDE (__init_array_start = .)
 *(SORT_BY_NAME(.init_array.*))
 .init_array.00000
                0x0800f310        0x4 d:/program files/gnu arm embedded toolchain/9 2020-q2-update/bin/../lib/gcc/arm-none-eabi/9.3.1/../../../../arm-none-eabi/lib/thumb/v7e-m/nofp\libc.a(lib_a-__call_atexit.o)
 *(.init_array*)
 .init_array    0x0800f314        0x4 d:/program files/gnu arm embedded toolchain/9 2020-q2-update/bin/../lib/gcc/arm-none-eabi/9.3.1/thumb/v7e-m/nofp/crtbegin.o
                0x0800f318                PROVIDE (__init_array_end = .)

.fini_array     0x0800f318        0x4
                0x0800f318                PROVIDE (__fini_array_start = .)
 *(SORT_BY_NAME(.fini_array.*))
 *(.fini_array*)
 .fini_array    0x0800f318        0x4 d:/program files/gnu arm embedded toolchain/9 2020-q2-update/bin/../lib/gcc/arm-none-eabi/9.3.1/thumb/v7e-m/nofp/crtbegin.o
                0x0800f31c                PROVIDE (__fini_array_end = .)
                0x0800f31c                _sidata = LOADADDR (.data)

.data           0x20000000      0x8d4 load address 0x0800f31c
                0x20000000                . = ALIGN (0x4)
                0x20000000                _sdata = .
 *(.data)
 .data          0x20000000        0x1 ./objects/radio.o
                0x20000000                MaxPayloadLength
 *fill*         0x20000001        0x3 
 .data          0x20000004        0x4 ./objects/utilities.o
 .data          0x20000008        0x3 ./objects/loramac.o
 .data          0x2000000b       0x20 ./objects/loramaccrypto.o
 *fill*         0x2000002b        0x5 
 .data          0x20000030       0x20 ./objects/regioncn470.o
 .data          0x20000050       0x18 ./objects/linkwan.o
 .data          0x20000068       0x10 ./objects/linkwan_ica_at.o
                0x20000068                g_default_key
 .data          0x20000078       0x1c ./objects/main.o
                0x20000078                g_log_level
 *(.data*)
 .data._impure_ptr
                0x20000094        0x4 d:/program files/gnu arm embedded toolchain/9 2020-q2-update/bin/../lib/gcc/arm-none-eabi/9.3.1/../../../../arm-none-eabi/lib/thumb/v7e-m/nofp\libc.a(lib_a-impure.o)
                0x20000094                _impure_ptr
 .data.impure_data
                0x20000098      0x428 d:/program files/gnu arm embedded toolchain/9 2020-q2-update/bin/../lib/gcc/arm-none-eabi/9.3.1/../../../../arm-none-eabi/lib/thumb/v7e-m/nofp\libc.a(lib_a-impure.o)
 .data.__malloc_av_
                0x200004c0      0x408 d:/program files/gnu arm embedded toolchain/9 2020-q2-update/bin/../lib/gcc/arm-none-eabi/9.3.1/../../../../arm-none-eabi/lib/thumb/v7e-m/nofp\libc.a(lib_a-mallocr.o)
                0x200004c0                __malloc_av_
 .data.__malloc_sbrk_base
                0x200008c8        0x4 d:/program files/gnu arm embedded toolchain/9 2020-q2-update/bin/../lib/gcc/arm-none-eabi/9.3.1/../../../../arm-none-eabi/lib/thumb/v7e-m/nofp\libc.a(lib_a-mallocr.o)
                0x200008c8                __malloc_sbrk_base
 .data.__malloc_trim_threshold
                0x200008cc        0x4 d:/program files/gnu arm embedded toolchain/9 2020-q2-update/bin/../lib/gcc/arm-none-eabi/9.3.1/../../../../arm-none-eabi/lib/thumb/v7e-m/nofp\libc.a(lib_a-mallocr.o)
                0x200008cc                __malloc_trim_threshold
 .data.__atexit_recursive_mutex
                0x200008d0        0x4 d:/program files/gnu arm embedded toolchain/9 2020-q2-update/bin/../lib/gcc/arm-none-eabi/9.3.1/../../../../arm-none-eabi/lib/thumb/v7e-m/nofp\libc.a(lib_a-__call_atexit.o)
                0x200008d0                __atexit_recursive_mutex
                0x200008d4                . = ALIGN (0x4)
                0x200008d4                _edata = .

.igot.plt       0x200008d4        0x0 load address 0x0800fbf0
 .igot.plt      0x200008d4        0x0 d:/program files/gnu arm embedded toolchain/9 2020-q2-update/bin/../lib/gcc/arm-none-eabi/9.3.1/thumb/v7e-m/nofp/crtbegin.o
                0x200008d4                . = ALIGN (0x4)

.bss            0x200008d8     0x1650 load address 0x0800fbf0
                0x200008d8                _sbss = .
                0x200008d8                __bss_start__ = _sbss
 *(.bss)
 .bss           0x200008d8       0x1c d:/program files/gnu arm embedded toolchain/9 2020-q2-update/bin/../lib/gcc/arm-none-eabi/9.3.1/thumb/v7e-m/nofp/crtbegin.o
 .bss           0x200008f4      0x49d ./objects/printf-stdarg.o
                0x200008f4                printf_dma_idx_w
                0x200008f6                printf_dma_idx_r
                0x200008f8                printf_dma_queue
 .bss           0x20000d91        0x1 ./objects/tremo_delay.o
 *fill*         0x20000d92        0x6 
 .bss           0x20000d98       0x11 ./objects/timer.o
                0x20000da8                HasLoopedThroughMain
 *fill*         0x20000da9        0x3 
 .bss           0x20000dac       0x16 ./objects/radio.o
                0x20000db0                IrqFired
                0x20000db4                TxTimeout
                0x20000db8                RxContinuous
                0x20000dbc                RxTimeout
 *fill*         0x20000dc2        0x2 
 .bss           0x20000dc4        0x8 ./objects/sx126x.o
                0x20000dc8                FrequencyError
 .bss           0x20000dcc        0x9 ./objects/rtc-board.o
                0x20000dd0                McuWakeUpTime
                0x20000dd4                NonScheduledWakeUp
 .bss           0x20000dd5        0x1 ./objects/sx1262-board.o
                0x20000dd5                gPaOptSetting
 *fill*         0x20000dd6        0x2 
 .bss           0x20000dd8      0x4e9 ./objects/loramac.o
                0x20000ea8                LoRaMacState
                0x20001260                TxTimeOnAir
 *fill*         0x200012c1        0x3 
 .bss           0x200012c4       0x19 ./objects/loramacconfirmqueue.o
 *fill*         0x200012dd        0x3 
 .bss           0x200012e0       0x44 ./objects/loramaccrypto.o
 .bss           0x20001324      0x498 ./objects/regioncn470.o
 .bss           0x200017bc      0x235 ./objects/linkwan.o
                0x200017d0                g_lwan_device_state
                0x200017e4                g_lwan_device_state_last
                0x2000180c                g_lora_debug
 *fill*         0x200019f1        0x1 
 .bss           0x200019f2        0x3 ./objects/linkwan_ica_at.o
                0x200019f2                atcmd_index
                0x200019f4                g_atcmd_processing
 .bss           0x200019f5       0x8d ./objects/lwan_config.o
 *(.bss*)
 *fill*         0x20001a82        0x2 
 .bss.__malloc_current_mallinfo
                0x20001a84       0x28 d:/program files/gnu arm embedded toolchain/9 2020-q2-update/bin/../lib/gcc/arm-none-eabi/9.3.1/../../../../arm-none-eabi/lib/thumb/v7e-m/nofp\libc.a(lib_a-mallocr.o)
                0x20001a84                __malloc_current_mallinfo
 .bss.__malloc_max_sbrked_mem
                0x20001aac        0x4 d:/program files/gnu arm embedded toolchain/9 2020-q2-update/bin/../lib/gcc/arm-none-eabi/9.3.1/../../../../arm-none-eabi/lib/thumb/v7e-m/nofp\libc.a(lib_a-mallocr.o)
                0x20001aac                __malloc_max_sbrked_mem
 .bss.__malloc_max_total_mem
                0x20001ab0        0x4 d:/program files/gnu arm embedded toolchain/9 2020-q2-update/bin/../lib/gcc/arm-none-eabi/9.3.1/../../../../arm-none-eabi/lib/thumb/v7e-m/nofp\libc.a(lib_a-mallocr.o)
                0x20001ab0                __malloc_max_total_mem
 .bss.__malloc_top_pad
                0x20001ab4        0x4 d:/program files/gnu arm embedded toolchain/9 2020-q2-update/bin/../lib/gcc/arm-none-eabi/9.3.1/../../../../arm-none-eabi/lib/thumb/v7e-m/nofp\libc.a(lib_a-mallocr.o)
                0x20001ab4                __malloc_top_pad
 *(COMMON)
 COMMON         0x20001ab8       0x20 ./objects/tremo_dma.o
                0x20001ab8                g_dma_callback_handler
 COMMON         0x20001ad8      0x190 ./objects/radio.o
                0x20001ad8                irqRegs
                0x20001adc                SX126x
                0x20001b18                TxTimeoutTimer
                0x20001b2c                RadioRxPayload
                0x20001c2c                CadTimeoutTimer
                0x20001c40                RadioPktStatus
                0x20001c54                RxTimeoutTimer
 COMMON         0x20001c68       0x18 ./objects/rtc-board.o
                0x20001c68                RtcCalendarContext
                0x20001c78                RtcTimerContext
 COMMON         0x20001c80       0x7c ./objects/loramac.o
                0x20001c80                LoRaMacFlags
                0x20001c84                LoRaMacParamsDefaults
                0x20001cc0                LoRaMacParams
 COMMON         0x20001cfc        0xc ./objects/loramacconfirmqueue.o
                0x20001cfc                CommonStatus
                0x20001d00                BufferStart
                0x20001d04                BufferEnd
 COMMON         0x20001d08      0x1f6 ./objects/linkwan_ica_at.o
                0x20001d08                atcmd
 *fill*         0x20001efe        0x2 