Archive member included to satisfy reference by file (symbol)

../../../../../drivers/crypto/lib/libcrypto.a(aes.o)
                              ./objects/cmac.o (aes_init)
d:/program files/gnu arm embedded toolchain/9 2020-q2-update/bin/../lib/gcc/arm-none-eabi/9.3.1/thumb/v7e-m/nofp\libgcc.a(_arm_muldf3.o)
                              ./objects/printf-stdarg.o (__aeabi_dmul)
d:/program files/gnu arm embedded toolchain/9 2020-q2-update/bin/../lib/gcc/arm-none-eabi/9.3.1/thumb/v7e-m/nofp\libgcc.a(_arm_addsubdf3.o)
                              ./objects/printf-stdarg.o (__aeabi_dsub)
d:/program files/gnu arm embedded toolchain/9 2020-q2-update/bin/../lib/gcc/arm-none-eabi/9.3.1/thumb/v7e-m/nofp\libgcc.a(_arm_muldivdf3.o)
                              ./objects/printf-stdarg.o (__aeabi_ddiv)
d:/program files/gnu arm embedded toolchain/9 2020-q2-update/bin/../lib/gcc/arm-none-eabi/9.3.1/thumb/v7e-m/nofp\libgcc.a(_arm_cmpdf2.o)
                              ./objects/printf-stdarg.o (__aeabi_dcmpeq)
d:/program files/gnu arm embedded toolchain/9 2020-q2-update/bin/../lib/gcc/arm-none-eabi/9.3.1/thumb/v7e-m/nofp\libgcc.a(_arm_fixdfsi.o)
                              ./objects/printf-stdarg.o (__aeabi_d2iz)
d:/program files/gnu arm embedded toolchain/9 2020-q2-update/bin/../lib/gcc/arm-none-eabi/9.3.1/thumb/v7e-m/nofp\libgcc.a(_arm_fixunsdfsi.o)
                              ./objects/printf-stdarg.o (__aeabi_d2uiz)
d:/program files/gnu arm embedded toolchain/9 2020-q2-update/bin/../lib/gcc/arm-none-eabi/9.3.1/thumb/v7e-m/nofp\libgcc.a(_aeabi_uldivmod.o)
                              ./objects/printf-stdarg.o (__aeabi_uldivmod)
d:/program files/gnu arm embedded toolchain/9 2020-q2-update/bin/../lib/gcc/arm-none-eabi/9.3.1/thumb/v7e-m/nofp\libgcc.a(_fixunsdfdi.o)
                              ./objects/rtc-board.o (__aeabi_d2ulz)
d:/program files/gnu arm embedded toolchain/9 2020-q2-update/bin/../lib/gcc/arm-none-eabi/9.3.1/thumb/v7e-m/nofp\libgcc.a(_udivmoddi4.o)
                              d:/program files/gnu arm embedded toolchain/9 2020-q2-update/bin/../lib/gcc/arm-none-eabi/9.3.1/thumb/v7e-m/nofp\libgcc.a(_aeabi_uldivmod.o) (__udivmoddi4)
d:/program files/gnu arm embedded toolchain/9 2020-q2-update/bin/../lib/gcc/arm-none-eabi/9.3.1/thumb/v7e-m/nofp\libgcc.a(_dvmd_tls.o)
                              d:/program files/gnu arm embedded toolchain/9 2020-q2-update/bin/../lib/gcc/arm-none-eabi/9.3.1/thumb/v7e-m/nofp\libgcc.a(_aeabi_uldivmod.o) (__aeabi_ldiv0)
d:/program files/gnu arm embedded toolchain/9 2020-q2-update/bin/../lib/gcc/arm-none-eabi/9.3.1/../../../../arm-none-eabi/lib/thumb/v7e-m/nofp\libc.a(lib_a-exit.o)
                              d:/program files/gnu arm embedded toolchain/9 2020-q2-update/bin/../lib/gcc/arm-none-eabi/9.3.1/../../../../arm-none-eabi/lib/thumb/v7e-m/nofp/crt0.o (exit)
d:/program files/gnu arm embedded toolchain/9 2020-q2-update/bin/../lib/gcc/arm-none-eabi/9.3.1/../../../../arm-none-eabi/lib/thumb/v7e-m/nofp\libc.a(lib_a-impure.o)
                              d:/program files/gnu arm embedded toolchain/9 2020-q2-update/bin/../lib/gcc/arm-none-eabi/9.3.1/../../../../arm-none-eabi/lib/thumb/v7e-m/nofp\libc.a(lib_a-exit.o) (_global_impure_ptr)
d:/program files/gnu arm embedded toolchain/9 2020-q2-update/bin/../lib/gcc/arm-none-eabi/9.3.1/../../../../arm-none-eabi/lib/thumb/v7e-m/nofp\libc.a(lib_a-init.o)
                              d:/program files/gnu arm embedded toolchain/9 2020-q2-update/bin/../lib/gcc/arm-none-eabi/9.3.1/../../../../arm-none-eabi/lib/thumb/v7e-m/nofp/crt0.o (__libc_init_array)
d:/program files/gnu arm embedded toolchain/9 2020-q2-update/bin/../lib/gcc/arm-none-eabi/9.3.1/../../../../arm-none-eabi/lib/thumb/v7e-m/nofp\libc.a(lib_a-memcpy.o)
                              ../../../../../drivers/crypto/lib/libcrypto.a(aes.o) (memcpy)
d:/program files/gnu arm embedded toolchain/9 2020-q2-update/bin/../lib/gcc/arm-none-eabi/9.3.1/../../../../arm-none-eabi/lib/thumb/v7e-m/nofp\libc.a(lib_a-memset.o)
                              d:/program files/gnu arm embedded toolchain/9 2020-q2-update/bin/../lib/gcc/arm-none-eabi/9.3.1/../../../../arm-none-eabi/lib/thumb/v7e-m/nofp/crt0.o (memset)
d:/program files/gnu arm embedded toolchain/9 2020-q2-update/bin/../lib/gcc/arm-none-eabi/9.3.1/../../../../arm-none-eabi/lib/thumb/v7e-m/nofp\libc.a(lib_a-__call_atexit.o)
                              d:/program files/gnu arm embedded toolchain/9 2020-q2-update/bin/../lib/gcc/arm-none-eabi/9.3.1/../../../../arm-none-eabi/lib/thumb/v7e-m/nofp\libc.a(lib_a-exit.o) (__call_exitprocs)
d:/program files/gnu arm embedded toolchain/9 2020-q2-update/bin/../lib/gcc/arm-none-eabi/9.3.1/../../../../arm-none-eabi/lib/thumb/v7e-m/nofp\libc.a(lib_a-atexit.o)
                              d:/program files/gnu arm embedded toolchain/9 2020-q2-update/bin/../lib/gcc/arm-none-eabi/9.3.1/../../../../arm-none-eabi/lib/thumb/v7e-m/nofp\libc.a(lib_a-__call_atexit.o) (atexit)
[...]
Memory Configuration

Name             Origin             Length             Attributes
FLASH            0x08000000         0x00020000         xr
RAM              0x20000000         0x00004000         xrw
*default*        0x00000000         0xffffffff

Linker script and memory map

LOAD d:/program files/gnu arm embedded toolchain/9 2020-q2-update/bin/../lib/gcc/arm-none-eabi/9.3.1/thumb/v7e-m/nofp/crti.o
LOAD d:/program files/gnu arm embedded toolchain/9 2020-q2-update/bin/../lib/gcc/arm-none-eabi/9.3.1/thumb/v7e-m/nofp/crtbegin.o
LOAD d:/program files/gnu arm embedded toolchain/9 2020-q2-update/bin/../lib/gcc/arm-none-eabi/9.3.1/../../../../arm-none-eabi/lib/thumb/v7e-m/nofp/crt0.o
LOAD ./objects/printf-stdarg.o
LOAD ./objects/system_cm4.o
LOAD ./objects/startup_cm4.o
LOAD ./objects/tremo_adc.o
LOAD ./objects/tremo_bstimer.o
LOAD ./objects/tremo_crc.o
LOAD ./objects/tremo_dac.o
LOAD ./objects/tremo_delay.o
LOAD ./objects/tremo_dma.o
LOAD ./objects/tremo_flash.o
LOAD ./objects/tremo_gpio.o
LOAD ./objects/tremo_i2c.o
LOAD ./objects/tremo_i2s.o
LOAD ./objects/tremo_iwdg.o
LOAD ./objects/tremo_lcd.o
LOAD ./objects/tremo_lptimer.o
LOAD ./objects/tremo_lpuart.o
LOAD ./objects/tremo_pwr.o
LOAD ./objects/tremo_rcc.o
LOAD ./objects/tremo_rtc.o
LOAD ./objects/tremo_spi.o
LOAD ./objects/tremo_system.o
LOAD ./objects/tremo_timer.o
LOAD ./objects/tremo_uart.o
LOAD ./objects/tremo_wdg.o
LOAD ./objects/delay.o
LOAD ./objects/timer.o
LOAD ./objects/cmac.o
LOAD ./objects/radio.o
LOAD ./objects/sx126x.o
LOAD ./objects/rtc-board.o
LOAD ./objects/sx1262-board.o
LOAD ./objects/utilities.o
LOAD ./objects/loramac.o
LOAD ./objects/loramacclassb.o
LOAD ./objects/loramacconfirmqueue.o
LOAD ./objects/loramaccrypto.o
LOAD ./objects/region.o
LOAD ./objects/regioncommon.o
LOAD ./objects/regioncn470.o
LOAD ./objects/classa.o
LOAD ./objects/main.o
LOAD ./objects/tremo_it.o
LOAD ../../../../../drivers/crypto/lib/libcrypto.a
START GROUP
LOAD d:/program files/gnu arm embedded toolchain/9 2020-q2-update/bin/../lib/gcc/arm-none-eabi/9.3.1/thumb/v7e-m/nofp\libgcc.a
LOAD d:/program files/gnu arm embedded toolchain/9 2020-q2-update/bin/../lib/gcc/arm-none-eabi/9.3.1/../../../../arm-none-eabi/lib/thumb/v7e-m/nofp\libc.a
END GROUP
LOAD d:/program files/gnu arm embedded toolchain/9 2020-q2-update/bin/../lib/gcc/arm-none-eabi/9.3.1/thumb/v7e-m/nofp/crtend.o
LOAD d:/program files/gnu arm embedded toolchain/9 2020-q2-update/bin/../lib/gcc/arm-none-eabi/9.3.1/thumb/v7e-m/nofp/crtn.o
                0x20004000                _estack = 0x20004000
                0x00000000                _HEAP_SIZE = 0x0
                0x00001000                _STACK_SIZE = 0x1000

.isr_vector     0x08000000       0xd4
                0x08000000                . = ALIGN (0x4)
 *(.isr_vector)
 .isr_vector    0x08000000       0xd4 ./objects/startup_cm4.o
                0x08000000                g_pfnVectors
                0x080000d4                . = ALIGN (0x4)

.text           0x080000d8     0x8e3c
                0x080000d8                . = ALIGN (0x4)
 *(.text)
 .text          0x080000d8       0x40 d:/program files/gnu arm embedded toolchain/9 2020-q2-update/bin/../lib/gcc/arm-none-eabi/9.3.1/thumb/v7e-m/nofp/crtbegin.o
 .text          0x08000118      0x1ec ../../../../../drivers/crypto/lib/libcrypto.a(aes.o)
                0x08000118                aes_init
                0x08000228                aes_crypto
                0x080002cc                aes_close
 .text          0x08000304      0x378 d:/program files/gnu arm embedded toolchain/9 2020-q2-update/bin/../lib/gcc/arm-none-eabi/9.3.1/thumb/v7e-m/nofp\libgcc.a(_arm_addsubdf3.o)
                0x08000304                __aeabi_drsub
                0x0800030c                __aeabi_dsub
                0x0800030c                __subdf3
                0x08000310                __aeabi_dadd
                0x08000310                __adddf3
                0x08000588                __floatunsidf
                0x08000588                __aeabi_ui2d
                0x080005a8                __floatsidf
                0x080005a8                __aeabi_i2d
                0x080005cc                __aeabi_f2d
                0x080005cc                __extendsfdf2
                0x08000610                __floatundidf
                0x08000610                __aeabi_ul2d
                0x08000620                __floatdidf
                0x08000620                __aeabi_l2d
 .text          0x0800067c      0x424 d:/program files/gnu arm embedded toolchain/9 2020-q2-update/bin/../lib/gcc/arm-none-eabi/9.3.1/thumb/v7e-m/nofp\libgcc.a(_arm_muldivdf3.o)
                0x0800067c                __aeabi_dmul
                0x0800067c                __muldf3
                0x080008d0                __divdf3
                0x080008d0                __aeabi_ddiv
 .text          0x08000aa0      0x110 d:/program files/gnu arm embedded toolchain/9 2020-q2-update/bin/../lib/gcc/arm-none-eabi/9.3.1/thumb/v7e-m/nofp\libgcc.a(_arm_cmpdf2.o)
                0x08000aa0                __gtdf2
                0x08000aa0                __gedf2
                0x08000aa8                __ltdf2
                0x08000aa8                __ledf2
                0x08000ab0                __nedf2
                0x08000ab0                __eqdf2
                0x08000ab0                __cmpdf2
                0x08000b2c                __aeabi_cdrcmple
                0x08000b3c                __aeabi_cdcmpeq
                0x08000b3c                __aeabi_cdcmple
                0x08000b4c                __aeabi_dcmpeq
                0x08000b60                __aeabi_dcmplt
                0x08000b74                __aeabi_dcmple
                0x08000b88                __aeabi_dcmpge
                0x08000b9c                __aeabi_dcmpgt
 .text          0x08000bb0       0x50 d:/program files/gnu arm embedded toolchain/9 2020-q2-update/bin/../lib/gcc/arm-none-eabi/9.3.1/thumb/v7e-m/nofp\libgcc.a(_arm_fixdfsi.o)
                0x08000bb0                __aeabi_d2iz
                0x08000bb0                __fixdfsi
 .text          0x08000c00       0x40 d:/program files/gnu arm embedded toolchain/9 2020-q2-update/bin/../lib/gcc/arm-none-eabi/9.3.1/thumb/v7e-m/nofp\libgcc.a(_arm_fixunsdfsi.o)
                0x08000c00                __aeabi_d2uiz
                0x08000c00                __fixunsdfsi
 .text          0x08000c40       0x30 d:/program files/gnu arm embedded toolchain/9 2020-q2-update/bin/../lib/gcc/arm-none-eabi/9.3.1/thumb/v7e-m/nofp\libgcc.a(_aeabi_uldivmod.o)
                0x08000c40                __aeabi_uldivmod
 .text          0x08000c70       0x3c d:/program files/gnu arm embedded toolchain/9 2020-q2-update/bin/../lib/gcc/arm-none-eabi/9.3.1/thumb/v7e-m/nofp\libgcc.a(_fixunsdfdi.o)
                0x08000c70                __fixunsdfdi
                0x08000c70                __aeabi_d2ulz
 .text          0x08000cac      0x2c0 d:/program files/gnu arm embedded toolchain/9 2020-q2-update/bin/../lib/gcc/arm-none-eabi/9.3.1/thumb/v7e-m/nofp\libgcc.a(_udivmoddi4.o)
                0x08000cac                __udivmoddi4
 .text          0x08000f6c        0x4 d:/program files/gnu arm embedded toolchain/9 2020-q2-update/bin/../lib/gcc/arm-none-eabi/9.3.1/thumb/v7e-m/nofp\libgcc.a(_dvmd_tls.o)
                0x08000f6c                __aeabi_idiv0
                0x08000f6c                __aeabi_ldiv0
 .text          0x08000f70      0x134 d:/program files/gnu arm embedded toolchain/9 2020-q2-update/bin/../lib/gcc/arm-none-eabi/9.3.1/../../../../arm-none-eabi/lib/thumb/v7e-m/nofp\libc.a(lib_a-memcpy.o)
                0x08000f70                memcpy
 *(.text*)
 .text._out_null
                0x080010a4        0x2 ./objects/printf-stdarg.o
 .text._out_rev
                0x080010a6       0x96 ./objects/printf-stdarg.o
 .text._ntoa_format
                0x0800113c      0x10a ./objects/printf-stdarg.o
 .text._ntoa_long
                0x08001246       0x82 ./objects/printf-stdarg.o
 .text._ntoa_long_long
                0x080012c8       0xa6 ./objects/printf-stdarg.o
 *fill*         0x0800136e        0x2 
 .text._out_char
                0x08001370       0x10 ./objects/printf-stdarg.o
 .text._ftoa    0x08001380      0x32c ./objects/printf-stdarg.o
 *fill*         0x080016ac        0x4 
 .text._etoa    0x080016b0      0x3b8 ./objects/printf-stdarg.o
 .text._vsnprintf
                0x08001a68      0x550 ./objects/printf-stdarg.o
 .text.__wrap_printf
                0x08001fb8       0x28 ./objects/printf-stdarg.o
                0x08001fb8                __wrap_printf
 .text.nvic_init
                0x08001fe0       0x24 ./objects/system_cm4.o
                0x08001fe0                nvic_init
 .text.system_init
                0x08002004       0x44 ./objects/system_cm4.o
                0x08002004                system_init
 .text.Reset_Handler
                0x08002048       0x48 ./objects/startup_cm4.o
                0x08002048                Reset_Handler
 .text.Default_Handler
                0x08002090        0x2 ./objects/startup_cm4.o
                0x08002090                GPIO_IRQHandler
                0x08002090                SCC_IRQHandler
                0x08002090                TIMER2_IRQHandler
                0x08002090                EFC_IRQHandler
                0x08002090                I2C0_IRQHandler
                0x08002090                SAC_IRQHandler
                0x08002090                I2C1_IRQHandler
                0x08002090                UART1_IRQHandler
                0x08002090                BSTIMER0_IRQHandler
                0x08002090                TIMER3_IRQHandler
                0x08002090                UART0_IRQHandler
                0x08002090                SEC_IRQHandler
                0x08002090                WDG_IRQHandler
                0x08002090                LPTIMER1_IRQHandler
                0x08002090                LPTIMER0_IRQHandler
                0x08002090                SSP0_IRQHandler
                0x08002090                I2S_IRQHandler
                0x08002090                I2C2_IRQHandler
                0x08002090                TIMER0_IRQHandler
                0x08002090                LCD_IRQHandler
                0x08002090                LPUART_IRQHandler
                0x08002090                TIMER1_IRQHandler
                0x08002090                UART2_IRQHandler
                0x08002090                Default_Handler
                0x08002090                ADC_IRQHandler
                0x08002090                SSP1_IRQHandler
                0x08002090                DMA0_IRQHandler
                0x08002090                IWDG_IRQHandler
                0x08002090                SSP2_IRQHandler
                0x08002090                BSTIMER1_IRQHandler
                0x08002090                DAC_IRQHandler
                0x08002090                AFEC_IRQHandler
                0x08002090                UART3_IRQHandler
                0x08002090                QSPI_IRQHandler
                0x08002090                DMA1_IRQHandler
 *fill*         0x08002092        0x2 
 .text.delay_init
                0x08002094       0x48 ./objects/tremo_delay.o
                0x08002094                delay_init
 .text.delay_us
                0x080020dc       0x30 ./objects/tremo_delay.o
                0x080020dc                delay_us
 .text.delay_ms
                0x0800210c        0xa ./objects/tremo_delay.o
                0x0800210c                delay_ms
 *fill*         0x08002116        0x2 
 .text.gpio_init
                0x08002118      0x124 ./objects/tremo_gpio.o
                0x08002118                gpio_init
 .text.gpio_set_iomux
                0x0800223c       0x40 ./objects/tremo_gpio.o
                0x0800223c                gpio_set_iomux
 .text.deepsleep
                0x0800227c       0xc0 ./objects/tremo_pwr.o
                0x0800227c                deepsleep
 .text.pwr_deepsleep_wfi
                0x0800233c        0x6 ./objects/tremo_pwr.o
                0x0800233c                pwr_deepsleep_wfi
 *fill*         0x08002342        0x2 
 .text.pwr_xo32k_lpm_cmd
                0x08002344       0x18 ./objects/tremo_pwr.o
                0x08002344                pwr_xo32k_lpm_cmd
 .text.rcc_get_clk_freq
                0x0800235c       0x9c ./objects/tremo_rcc.o
                0x0800235c                rcc_get_clk_freq
 .text.rcc_get_uart0_clk_source
                0x080023f8        0xc ./objects/tremo_rcc.o
                0x080023f8                rcc_get_uart0_clk_source
 .text.rcc_get_uart1_clk_source
                0x08002404        0xc ./objects/tremo_rcc.o
                0x08002404                rcc_get_uart1_clk_source
 .text.rcc_get_uart2_clk_source
                0x08002410        0xc ./objects/tremo_rcc.o
                0x08002410                rcc_get_uart2_clk_source
 .text.rcc_get_uart3_clk_source
                0x0800241c        0xc ./objects/tremo_rcc.o
                0x0800241c                rcc_get_uart3_clk_source
 .text.rcc_get_rtc_clk_source
                0x08002428        0xc ./objects/tremo_rcc.o
                0x08002428                rcc_get_rtc_clk_source
 .text.rcc_enable_peripheral_clk
                0x08002434      0x4b4 ./objects/tremo_rcc.o
                0x08002434                rcc_enable_peripheral_clk
 .text.rcc_enable_oscillator
                0x080028e8       0xfc ./objects/tremo_rcc.o
                0x080028e8                rcc_enable_oscillator
 .text.rcc_rst_peripheral
                0x080029e4       0x4a ./objects/tremo_rcc.o
                0x080029e4                rcc_rst_peripheral
 .text.rtc_deinit
                0x08002a2e       0x1e ./objects/tremo_rtc.o
                0x08002a2e                rtc_deinit
 .text.rtc_check_syn
                0x08002a4c       0x14 ./objects/tremo_rtc.o
                0x08002a4c                rtc_check_syn
 .text.rtc_calendar_cmd
                0x08002a60       0x20 ./objects/tremo_rtc.o
                0x08002a60                rtc_calendar_cmd
 .text.rtc_cyc_cmd
                0x08002a80       0x20 ./objects/tremo_rtc.o
                0x08002a80                rtc_cyc_cmd
 .text.rtc_config_cyc_wakeup
                0x08002aa0       0x24 ./objects/tremo_rtc.o
                0x08002aa0                rtc_config_cyc_wakeup
 .text.rtc_get_calendar
                0x08002ac4       0xdc ./objects/tremo_rtc.o
                0x08002ac4                rtc_get_calendar
 .text.rtc_set_status
                0x08002ba0       0x30 ./objects/tremo_rtc.o
                0x08002ba0                rtc_set_status
 .text.rtc_get_status
                0x08002bd0       0x38 ./objects/tremo_rtc.o
                0x08002bd0                rtc_get_status
 .text.rtc_config_interrupt
                0x08002c08       0x38 ./objects/tremo_rtc.o
                0x08002c08                rtc_config_interrupt
 .text.rtc_config_cyc_max
                0x08002c40       0x14 ./objects/tremo_rtc.o
                0x08002c40                rtc_config_cyc_max
 .text.uart_send_data
                0x08002c54        0xa ./objects/tremo_uart.o
                0x08002c54                uart_send_data
 .text.uart_config_init
                0x08002c5e       0x16 ./objects/tremo_uart.o
                0x08002c5e                uart_config_init
 .text.uart_cmd
                0x08002c74       0x12 ./objects/tremo_uart.o
                0x08002c74                uart_cmd
 *fill*         0x08002c86        0x2 
 .text.uart_init
                0x08002c88      0x140 ./objects/tremo_uart.o
                0x08002c88                uart_init
 .text.DelayMs  0x08002dc8        0x4 ./objects/delay.o
                0x08002dc8                DelayMs
 .text.TimeStampsUpdate
                0x08002dcc       0x2c ./objects/timer.o
 .text.TimerInsertNewHeadTimer
                0x08002df8       0x1c ./objects/timer.o
 .text.TimerSetSysTime
                0x08002e14       0x30 ./objects/timer.o
                0x08002e14                TimerSetSysTime
 .text.TimerInit
                0x08002e44        0xe ./objects/timer.o
                0x08002e44                TimerInit
 *fill*         0x08002e52        0x2 
 .text.TimerStart
                0x08002e54       0x78 ./objects/timer.o
                0x08002e54                TimerStart
 .text.TimerIrqHandler
                0x08002ecc       0x68 ./objects/timer.o
                0x08002ecc                TimerIrqHandler
 .text.TimerStop
                0x08002f34       0x60 ./objects/timer.o
                0x08002f34                TimerStop
 .text.TimerSetValue
                0x08002f94       0x10 ./objects/timer.o
                0x08002f94                TimerSetValue
 .text.TimerGetCurrentTime
                0x08002fa4       0x18 ./objects/timer.o
                0x08002fa4                TimerGetCurrentTime
 .text.TimerGetSysTime
                0x08002fbc       0x2c ./objects/timer.o
                0x08002fbc                TimerGetSysTime
 .text.TimerGetElapsedTime
                0x08002fe8       0x12 ./objects/timer.o
                0x08002fe8                TimerGetElapsedTime
 *fill*         0x08002ffa        0x2 
 .text.TimerLowPowerHandler
                0x08002ffc       0x20 ./objects/timer.o
                0x08002ffc                TimerLowPowerHandler
 .text.AES_CMAC_Init
                0x0800301c       0x14 ./objects/cmac.o
                0x0800301c                AES_CMAC_Init
 .text.AES_CMAC_SetKey
                0x08003030        0xc ./objects/cmac.o
                0x08003030                AES_CMAC_SetKey
 .text.AES_CMAC_Update
                0x0800303c       0xb0 ./objects/cmac.o
                0x0800303c                AES_CMAC_Update
 .text.AES_CMAC_Final
                0x080030ec      0x15e ./objects/cmac.o
                0x080030ec                AES_CMAC_Final
 .text.RadioCheckRfFrequency
                0x0800324a        0x4 ./objects/radio.o
                0x0800324a                RadioCheckRfFrequency
 *fill*         0x0800324e        0x2 
 .text.RadioOnTxTimeoutIrq
                0x08003250       0x14 ./objects/radio.o
                0x08003250                RadioOnTxTimeoutIrq
 .text.RadioOnRxTimeoutIrq
                0x08003264       0x14 ./objects/radio.o
                0x08003264                RadioOnRxTimeoutIrq
 .text.RadioStandby
                0x08003278        0x6 ./objects/radio.o
                0x08003278                RadioStandby
 *fill*         0x0800327e        0x2 
 .text.RadioInit
                0x08003280       0x6c ./objects/radio.o
                0x08003280                RadioInit
 .text.RadioGetStatus
                0x080032ec       0x18 ./objects/radio.o
                0x080032ec                RadioGetStatus
 .text.RadioSetChannel
                0x08003304        0x4 ./objects/radio.o
                0x08003304                RadioSetChannel
 .text.RadioRssi
                0x08003308        0xa ./objects/radio.o
                0x08003308                RadioRssi
 .text.RadioRead
                0x08003312        0x4 ./objects/radio.o
                0x08003312                RadioRead
 .text.RadioWrite
                0x08003316        0x4 ./objects/radio.o
                0x08003316                RadioWrite
 *fill*         0x0800331a        0x2 
 .text.RadioSend
                0x0800331c       0x54 ./objects/radio.o
                0x0800331c                RadioSend
 .text.RadioSleep
                0x08003370       0x14 ./objects/radio.o
                0x08003370                RadioSleep
 .text.RadioSetRxDutyCycle
                0x08003384        0x4 ./objects/radio.o
                0x08003384                RadioSetRxDutyCycle
 .text.RadioStartCad
                0x08003388       0x6c ./objects/radio.o
                0x08003388                RadioStartCad
 .text.RadioSetTxContinuousWave
                0x080033f4       0x4c ./objects/radio.o
                0x080033f4                RadioSetTxContinuousWave
 .text.RadioWriteBuffer
                0x08003440        0x4 ./objects/radio.o
                0x08003440                RadioWriteBuffer
 .text.RadioReadBuffer
                0x08003444        0x4 ./objects/radio.o
                0x08003444                RadioReadBuffer
 .text.RadioGetWakeupTime
                0x08003448        0xa ./objects/radio.o
                0x08003448                RadioGetWakeupTime
 *fill*         0x08003452        0x2 
 .text.RadioOnCadTimeoutIrq
                0x08003454       0x20 ./objects/radio.o
                0x08003454                RadioOnCadTimeoutIrq
 .text.RadioGetFskBandwidthRegValue
                0x08003474       0x34 ./objects/radio.o
 .text.RadioSetMaxPayloadLength
                0x080034a8       0x28 ./objects/radio.o
                0x080034a8                RadioSetMaxPayloadLength
 .text.RadioRx  0x080034d0       0x44 ./objects/radio.o
                0x080034d0                RadioRx
 .text.RadioRxBoosted
                0x08003514       0x40 ./objects/radio.o
                0x08003514                RadioRxBoosted
 .text.RadioIrqProcess
                0x08003554      0x160 ./objects/radio.o
                0x08003554                RadioIrqProcess
 .text.RadioSetPublicNetwork
                0x080036b4       0x3c ./objects/radio.o
                0x080036b4                RadioSetPublicNetwork
 .text.RadioSetModem.part.0
                0x080036f0       0x24 ./objects/radio.o
 .text.RadioSetModem
                0x08003714       0x20 ./objects/radio.o
                0x08003714                RadioSetModem
 .text.RadioIsChannelFree
                0x08003734       0x4e ./objects/radio.o
                0x08003734                RadioIsChannelFree
 .text.RadioRandom
                0x08003782       0x3c ./objects/radio.o
                0x08003782                RadioRandom
 *fill*         0x080037be        0x2 
 .text.RadioSymbTime
                0x080037c0       0x2c ./objects/radio.o
                0x080037c0                RadioSymbTime
 *fill*         0x080037ec        0x4 
 .text.RadioSetRxConfig
                0x080037f0      0x21c ./objects/radio.o
                0x080037f0                RadioSetRxConfig
 *fill*         0x08003a0c        0x4 
 .text.RadioSetTxConfig
                0x08003a10      0x198 ./objects/radio.o
                0x08003a10                RadioSetTxConfig
 .text.RadioTimeOnAir
                0x08003ba8      0x190 ./objects/radio.o
                0x08003ba8                RadioTimeOnAir
 .text.RadioOnDioIrq
                0x08003d38       0x24 ./objects/radio.o
                0x08003d38                RadioOnDioIrq
 .text.SX126xGetOperatingMode
                0x08003d5c        0xc ./objects/sx126x.o
                0x08003d5c                SX126xGetOperatingMode
 .text.SX126xSetOperatingMode
                0x08003d68        0xc ./objects/sx126x.o
                0x08003d68                SX126xSetOperatingMode
 .text.SX126xCheckDeviceReady
                0x08003d74       0x24 ./objects/sx126x.o
                0x08003d74                SX126xCheckDeviceReady
 .text.SX126xSetPayload
                0x08003d98        0xa ./objects/sx126x.o
                0x08003d98                SX126xSetPayload
 .text.SX126xSetSyncWord
                0x08003da2       0x12 ./objects/sx126x.o
                0x08003da2                SX126xSetSyncWord
 .text.SX126xSetCrcSeed
                0x08003db4       0x24 ./objects/sx126x.o
                0x08003db4                SX126xSetCrcSeed
 .text.SX126xSetCrcPolynomial
                0x08003dd8       0x24 ./objects/sx126x.o
                0x08003dd8                SX126xSetCrcPolynomial
 .text.SX126xSetWhiteningSeed
                0x08003dfc       0x38 ./objects/sx126x.o
                0x08003dfc                SX126xSetWhiteningSeed
 .text.SX126xSetSleep
                0x08003e34       0x24 ./objects/sx126x.o
                0x08003e34                SX126xSetSleep
 .text.SX126xSetStandby
                0x08003e58       0x2c ./objects/sx126x.o
                0x08003e58                SX126xSetStandby
 .text.SX126xSetTx
                0x08003e84       0x2c ./objects/sx126x.o
                0x08003e84                SX126xSetTx
 .text.SX126xSendPayload
                0x08003eb0       0x12 ./objects/sx126x.o
                0x08003eb0                SX126xSendPayload
 *fill*         0x08003ec2        0x2 
 .text.SX126xSetRx
                0x08003ec4       0x2c ./objects/sx126x.o
                0x08003ec4                SX126xSetRx
 .text.SX126xSetRxBoosted
                0x08003ef0       0x38 ./objects/sx126x.o
                0x08003ef0                SX126xSetRxBoosted
 .text.SX126xSetRxDutyCycle
                0x08003f28       0x38 ./objects/sx126x.o
                0x08003f28                SX126xSetRxDutyCycle
 .text.SX126xSetCad
                0x08003f60       0x18 ./objects/sx126x.o
                0x08003f60                SX126xSetCad
 .text.SX126xSetTxContinuousWave
                0x08003f78        0xa ./objects/sx126x.o
                0x08003f78                SX126xSetTxContinuousWave
 .text.SX126xSetStopRxTimerOnPreambleDetect
                0x08003f82       0x18 ./objects/sx126x.o
                0x08003f82                SX126xSetStopRxTimerOnPreambleDetect
 .text.SX126xSetLoRaSymbNumTimeout
                0x08003f9a       0x18 ./objects/sx126x.o
                0x08003f9a                SX126xSetLoRaSymbNumTimeout
 .text.SX126xSetRegulatorMode
                0x08003fb2       0x18 ./objects/sx126x.o
                0x08003fb2                SX126xSetRegulatorMode
 *fill*         0x08003fca        0x2 
 .text.SX126xCalibrateImage
                0x08003fcc       0x64 ./objects/sx126x.o
                0x08003fcc                SX126xCalibrateImage
 .text.SX126xSetPaConfig
                0x08004030       0x24 ./objects/sx126x.o
                0x08004030                SX126xSetPaConfig
 .text.SX126xSetDioIrqParams
                0x08004054       0x2a ./objects/sx126x.o
                0x08004054                SX126xSetDioIrqParams
 .text.SX126xGetIrqStatus
                0x0800407e       0x1e ./objects/sx126x.o
                0x0800407e                SX126xGetIrqStatus
 .text.SX126xSetDio2AsRfSwitchCtrl
                0x0800409c       0x18 ./objects/sx126x.o
                0x0800409c                SX126xSetDio2AsRfSwitchCtrl
 .text.SX126xInit
                0x080040b4       0x28 ./objects/sx126x.o
                0x080040b4                SX126xInit
 *fill*         0x080040dc        0x4 
 .text.SX126xSetRfFrequency
                0x080040e0       0x4c ./objects/sx126x.o
                0x080040e0                SX126xSetRfFrequency
 .text.SX126xSetPacketType
                0x0800412c       0x20 ./objects/sx126x.o
                0x0800412c                SX126xSetPacketType
 .text.SX126xGetPacketType
                0x0800414c        0xc ./objects/sx126x.o
                0x0800414c                SX126xGetPacketType
 .text.SX126xSetTxParams
                0x08004158       0xbc ./objects/sx126x.o
                0x08004158                SX126xSetTxParams
 *fill*         0x08004214        0x4 
 .text.SX126xSetModulationParams
                0x08004218       0xb4 ./objects/sx126x.o
                0x08004218                SX126xSetModulationParams
 .text.SX126xSetPacketParams
                0x080042cc       0xac ./objects/sx126x.o
                0x080042cc                SX126xSetPacketParams
 .text.SX126xSetCadParams
                0x08004378       0x3c ./objects/sx126x.o
                0x08004378                SX126xSetCadParams
 .text.SX126xSetBufferBaseAddress
                0x080043b4       0x1a ./objects/sx126x.o
                0x080043b4                SX126xSetBufferBaseAddress
 .text.SX126xGetRssiInst
                0x080043ce       0x1a ./objects/sx126x.o
                0x080043ce                SX126xGetRssiInst
 .text.SX126xGetRxBufferStatus
                0x080043e8       0x48 ./objects/sx126x.o
                0x080043e8                SX126xGetRxBufferStatus
 .text.SX126xGetPayload
                0x08004430       0x32 ./objects/sx126x.o
                0x08004430                SX126xGetPayload
 *fill*         0x08004462        0x2 
 .text.SX126xGetPacketStatus
                0x08004464       0x80 ./objects/sx126x.o
                0x08004464                SX126xGetPacketStatus
 .text.SX126xClearIrqStatus
                0x080044e4       0x18 ./objects/sx126x.o
                0x080044e4                SX126xClearIrqStatus
 .text.RtcInit  0x080044fc       0x30 ./objects/rtc-board.o
                0x080044fc                RtcInit
 .text.RtcSetTimeout
                0x0800452c       0x8c ./objects/rtc-board.o
                0x0800452c                RtcSetTimeout
 .text.RtcStopTimeout
                0x080045b8       0x14 ./objects/rtc-board.o
                0x080045b8                RtcStopTimeout
 .text.RtcGetTimerContext
                0x080045cc        0xc ./objects/rtc-board.o
                0x080045cc                RtcGetTimerContext
 .text.RtcGetTimerValue
                0x080045d8      0x120 ./objects/rtc-board.o
                0x080045d8                RtcGetTimerValue
 .text.RtcSetTimerContext
                0x080046f8       0x18 ./objects/rtc-board.o
                0x080046f8                RtcSetTimerContext
 .text.RtcGetElapsedTime
                0x08004710       0x18 ./objects/rtc-board.o
                0x08004710                RtcGetElapsedTime
 .text.RtcEnterLowPowerStopMode
                0x08004728       0x20 ./objects/rtc-board.o
                0x08004728                RtcEnterLowPowerStopMode
 .text.RtcOnIrq
                0x08004748       0x32 ./objects/rtc-board.o
                0x08004748                RtcOnIrq
 .text.BoardDisableIrq
                0x0800477a        0x4 ./objects/sx1262-board.o
                0x0800477a                BoardDisableIrq
 .text.BoardEnableIrq
                0x0800477e        0x4 ./objects/sx1262-board.o
                0x0800477e                BoardEnableIrq
 *fill*         0x08004782        0x2 
 .text.SpiInOut
                0x08004784       0x18 ./objects/sx1262-board.o
                0x08004784                SpiInOut
 .text.SX126xLoracInit
                0x0800479c       0x5c ./objects/sx1262-board.o
                0x0800479c                SX126xLoracInit
 .text.SX126xGetBoardTcxoWakeupTime
                0x080047f8        0x4 ./objects/sx1262-board.o
                0x080047f8                SX126xGetBoardTcxoWakeupTime
 .text.SX126xReset
                0x080047fc       0x40 ./objects/sx1262-board.o
                0x080047fc                SX126xReset
 .text.SX126xWaitOnBusy
                0x0800483c       0x18 ./objects/sx1262-board.o
                0x0800483c                SX126xWaitOnBusy
 .text.SX126xWakeup
                0x08004854       0x30 ./objects/sx1262-board.o
                0x08004854                SX126xWakeup
 .text.SX126xWriteCommand
                0x08004884       0x44 ./objects/sx1262-board.o
                0x08004884                SX126xWriteCommand
 .text.SX126xReadCommand
                0x080048c8       0x48 ./objects/sx1262-board.o
                0x080048c8                SX126xReadCommand
 .text.SX126xWriteRegisters
                0x08004910       0x48 ./objects/sx1262-board.o
                0x08004910                SX126xWriteRegisters
 .text.SX126xWriteRegister
                0x08004958       0x16 ./objects/sx1262-board.o
                0x08004958                SX126xWriteRegister
 *fill*         0x0800496e        0x2 
 .text.SX126xReadRegisters
                0x08004970       0x50 ./objects/sx1262-board.o
                0x08004970                SX126xReadRegisters
 .text.SX126xReadRegister
                0x080049c0       0x16 ./objects/sx1262-board.o
                0x080049c0                SX126xReadRegister
 *fill*         0x080049d6        0x2 
 .text.SX126xWriteBuffer
                0x080049d8       0x48 ./objects/sx1262-board.o
                0x080049d8                SX126xWriteBuffer
 .text.SX126xReadBuffer
                0x08004a20       0x50 ./objects/sx1262-board.o
                0x08004a20                SX126xReadBuffer
 .text.SX126xSetRfTxPower
                0x08004a70        0x6 ./objects/sx1262-board.o
                0x08004a70                SX126xSetRfTxPower
 .text.SX126xGetPaSelect
                0x08004a76        0x4 ./objects/sx1262-board.o
                0x08004a76                SX126xGetPaSelect
 *fill*         0x08004a7a        0x2 
 .text.SX126xAntSwOn
                0x08004a7c       0x10 ./objects/sx1262-board.o
                0x08004a7c                SX126xAntSwOn
 .text.SX126xAntSwOff
                0x08004a8c       0x10 ./objects/sx1262-board.o
                0x08004a8c                SX126xAntSwOff
 .text.rand1    0x08004a9c       0x28 ./objects/utilities.o
                0x08004a9c                rand1
 .text.srand1   0x08004ac4        0xc ./objects/utilities.o
                0x08004ac4                srand1
 .text.randr    0x08004ad0       0x1a ./objects/utilities.o
                0x08004ad0                randr
 .text.memcpy1  0x08004aea       0x14 ./objects/utilities.o
                0x08004aea                memcpy1
 .text.memcpyr  0x08004afe       0x14 ./objects/utilities.o
                0x08004afe                memcpyr
 .text.memset1  0x08004b12        0xe ./objects/utilities.o
                0x08004b12                memset1
 .text.SetMlmeScheduleUplinkIndication
                0x08004b20       0x1c ./objects/loramac.o
 .text.AddMacCommand
                0x08004b3c      0x17c ./objects/loramac.o
 .text.ResetMacParameters
                0x08004cb8       0x8c ./objects/loramac.o
 .text.ValidatePayloadLength
                0x08004d44       0x5c ./objects/loramac.o
 .text.OnAckTimeoutTimerEvent
                0x08004da0       0x44 ./objects/loramac.o
 .text.PrepareRxDoneAbort
                0x08004de4       0x5c ./objects/loramac.o
 .text.ProcessMacCommands
                0x08004e40      0x478 ./objects/loramac.o
 .text.OnRadioRxDone
                0x080052b8      0x5a8 ./objects/loramac.o
 .text.RxWindowSetup
                0x08005860       0x14 ./objects/loramac.o
 .text.OnRxWindow1TimerEvent
                0x08005874       0x74 ./objects/loramac.o
 .text.OnRxWindow2TimerEvent
                0x080058e8       0x74 ./objects/loramac.o
 .text.OpenContinuousRx2Window
                0x0800595c       0x14 ./objects/loramac.o
 .text.OnRadioRxTimeout
                0x08005970       0xe0 ./objects/loramac.o
 .text.OnRadioTxTimeout
                0x08005a50       0x3c ./objects/loramac.o
 .text.OnRadioRxError
                0x08005a8c       0xe0 ./objects/loramac.o
 .text.OnRadioTxDone
                0x08005b6c      0x128 ./objects/loramac.o
 .text.PrepareFrame
                0x08005c94      0x38c ./objects/loramac.o
                0x08005c94                PrepareFrame
 .text.SendFrameOnChannel
                0x08006020      0x114 ./objects/loramac.o
                0x08006020                SendFrameOnChannel
 .text.ScheduleTx
                0x08006134      0x1a4 ./objects/loramac.o
 .text.Send     0x080062d8       0x44 ./objects/loramac.o
                0x080062d8                Send
 .text.OnTxDelayedTimerEvent
                0x0800631c       0x7c ./objects/loramac.o
 .text.OnMacStateCheckTimerEvent
                0x08006398      0x32c ./objects/loramac.o
 .text.SetTxContinuousWave
                0x080066c4       0x60 ./objects/loramac.o
                0x080066c4                SetTxContinuousWave
 .text.SetTxContinuousWave1
                0x08006724       0x40 ./objects/loramac.o
                0x08006724                SetTxContinuousWave1
 .text.LoRaMacInitialization
                0x08006764      0x2f4 ./objects/loramac.o
                0x08006764                LoRaMacInitialization
 .text.LoRaMacQueryTxPossible
                0x08006a58       0xdc ./objects/loramac.o
                0x08006a58                LoRaMacQueryTxPossible
 .text.LoRaMacMibGetRequestConfirm
                0x08006b34      0x150 ./objects/loramac.o
                0x08006b34                LoRaMacMibGetRequestConfirm
 .text.LoRaMacMulticastChannelLink
                0x08006c84       0x40 ./objects/loramac.o
                0x08006c84                LoRaMacMulticastChannelLink
 .text.LoRaMacMulticastChannelUnlink
                0x08006cc4       0x44 ./objects/loramac.o
                0x08006cc4                LoRaMacMulticastChannelUnlink
 .text.LoRaMacMibSetRequestConfirm
                0x08006d08      0x350 ./objects/loramac.o
                0x08006d08                LoRaMacMibSetRequestConfirm
 .text.LoRaMacMlmeRequest
                0x08007058      0x218 ./objects/loramac.o
                0x08007058                LoRaMacMlmeRequest
 .text.LoRaMacMcpsRequest
                0x08007270      0x130 ./objects/loramac.o
                0x08007270                LoRaMacMcpsRequest
 .text.LoRaMacClassBInit
                0x080073a0        0x2 ./objects/loramacclassb.o
                0x080073a0                LoRaMacClassBInit
 .text.LoRaMacClassBSetBeaconState
                0x080073a2        0x2 ./objects/loramacclassb.o
                0x080073a2                LoRaMacClassBSetBeaconState
 .text.LoRaMacClassBSetPingSlotState
                0x080073a4        0x2 ./objects/loramacclassb.o
                0x080073a4                LoRaMacClassBSetPingSlotState
 .text.LoRaMacClassBSetMulticastSlotState
                0x080073a6        0x2 ./objects/loramacclassb.o
                0x080073a6                LoRaMacClassBSetMulticastSlotState
 .text.LoRaMacClassBIsAcquisitionInProgress
                0x080073a8        0x4 ./objects/loramacclassb.o
                0x080073a8                LoRaMacClassBIsAcquisitionInProgress
 .text.LoRaMacClassBBeaconTimerEvent
                0x080073ac        0x2 ./objects/loramacclassb.o
                0x080073ac                LoRaMacClassBBeaconTimerEvent
 .text.LoRaMacClassBPingSlotTimerEvent
                0x080073ae        0x2 ./objects/loramacclassb.o
                0x080073ae                LoRaMacClassBPingSlotTimerEvent
 .text.LoRaMacClassBMulticastSlotTimerEvent
                0x080073b0        0x2 ./objects/loramacclassb.o
                0x080073b0                LoRaMacClassBMulticastSlotTimerEvent
 .text.LoRaMacClassBRxBeacon
                0x080073b2        0x4 ./objects/loramacclassb.o
                0x080073b2                LoRaMacClassBRxBeacon
 .text.LoRaMacClassBIsBeaconExpected
                0x080073b6        0x4 ./objects/loramacclassb.o
                0x080073b6                LoRaMacClassBIsBeaconExpected
 .text.LoRaMacClassBIsPingExpected
                0x080073ba        0x4 ./objects/loramacclassb.o
                0x080073ba                LoRaMacClassBIsPingExpected
 .text.LoRaMacClassBIsMulticastExpected
                0x080073be        0x4 ./objects/loramacclassb.o
                0x080073be                LoRaMacClassBIsMulticastExpected
 .text.LoRaMacClassBIsBeaconModeActive
                0x080073c2        0x4 ./objects/loramacclassb.o
                0x080073c2                LoRaMacClassBIsBeaconModeActive
 .text.LoRaMacClassBSetPingSlotInfo
                0x080073c6        0x2 ./objects/loramacclassb.o
                0x080073c6                LoRaMacClassBSetPingSlotInfo
 .text.LoRaMacClassBHaltBeaconing
                0x080073c8        0x2 ./objects/loramacclassb.o
                0x080073c8                LoRaMacClassBHaltBeaconing
 .text.LoRaMacClassBResumeBeaconing
                0x080073ca        0x2 ./objects/loramacclassb.o
                0x080073ca                LoRaMacClassBResumeBeaconing
 .text.LoRaMacClassBSwitchClass
                0x080073cc        0x4 ./objects/loramacclassb.o
                0x080073cc                LoRaMacClassBSwitchClass
 .text.LoRaMacClassBMibGetRequestConfirm
                0x080073d0        0x4 ./objects/loramacclassb.o
                0x080073d0                LoRaMacClassBMibGetRequestConfirm
 .text.LoRaMacMibClassBSetRequestConfirm
                0x080073d4        0x4 ./objects/loramacclassb.o
                0x080073d4                LoRaMacMibClassBSetRequestConfirm
 .text.LoRaMacClassBPingSlotInfoAns
                0x080073d8        0x2 ./objects/loramacclassb.o
                0x080073d8                LoRaMacClassBPingSlotInfoAns
 .text.LoRaMacClassBPingSlotChannelReq
                0x080073da        0x4 ./objects/loramacclassb.o
                0x080073da                LoRaMacClassBPingSlotChannelReq
 .text.LoRaMacClassBBeaconTimingAns
                0x080073de        0x2 ./objects/loramacclassb.o
                0x080073de                LoRaMacClassBBeaconTimingAns
 .text.LoRaMacClassBDeviceTimeAns
                0x080073e0        0x2 ./objects/loramacclassb.o
                0x080073e0                LoRaMacClassBDeviceTimeAns
 .text.LoRaMacClassBBeaconFreqReq
                0x080073e2        0x4 ./objects/loramacclassb.o
                0x080073e2                LoRaMacClassBBeaconFreqReq
 .text.LoRaMacClassBIsUplinkCollision
                0x080073e6        0x6 ./objects/loramacclassb.o
                0x080073e6                LoRaMacClassBIsUplinkCollision
 .text.LoRaMacClassBStopRxSlots
                0x080073ec        0x2 ./objects/loramacclassb.o
                0x080073ec                LoRaMacClassBStopRxSlots
 .text.LoRaMacClassBSetMulticastPeriodicity
                0x080073ee        0x2 ./objects/loramacclassb.o
                0x080073ee                LoRaMacClassBSetMulticastPeriodicity
 .text.LoRaMacConfirmQueueInit
                0x080073f0       0x34 ./objects/loramacconfirmqueue.o
                0x080073f0                LoRaMacConfirmQueueInit
 .text.LoRaMacConfirmQueueAdd
                0x08007424       0x44 ./objects/loramacconfirmqueue.o
                0x08007424                LoRaMacConfirmQueueAdd
 .text.LoRaMacConfirmQueueRemoveLast
                0x08007468       0x28 ./objects/loramacconfirmqueue.o
                0x08007468                LoRaMacConfirmQueueRemoveLast
 .text.LoRaMacConfirmQueueRemoveFirst
                0x08007490       0x28 ./objects/loramacconfirmqueue.o
                0x08007490                LoRaMacConfirmQueueRemoveFirst
 .text.LoRaMacConfirmQueueSetStatus
                0x080074b8       0x40 ./objects/loramacconfirmqueue.o
                0x080074b8                LoRaMacConfirmQueueSetStatus
 .text.LoRaMacConfirmQueueGetStatus
                0x080074f8       0x3c ./objects/loramacconfirmqueue.o
                0x080074f8                LoRaMacConfirmQueueGetStatus
 .text.LoRaMacConfirmQueueSetStatusCmn
                0x08007534       0x44 ./objects/loramacconfirmqueue.o
                0x08007534                LoRaMacConfirmQueueSetStatusCmn
 .text.LoRaMacConfirmQueueGetStatusCmn
                0x08007578        0xc ./objects/loramacconfirmqueue.o
                0x08007578                LoRaMacConfirmQueueGetStatusCmn
 .text.LoRaMacConfirmQueueIsCmdActive
                0x08007584       0x38 ./objects/loramacconfirmqueue.o
                0x08007584                LoRaMacConfirmQueueIsCmdActive
 .text.LoRaMacConfirmQueueHandleCb
                0x080075bc       0x60 ./objects/loramacconfirmqueue.o
                0x080075bc                LoRaMacConfirmQueueHandleCb
 .text.LoRaMacConfirmQueueGetCnt
                0x0800761c        0xc ./objects/loramacconfirmqueue.o
                0x0800761c                LoRaMacConfirmQueueGetCnt
 .text.LoRaMacConfirmQueueIsFull
                0x08007628       0x14 ./objects/loramacconfirmqueue.o
                0x08007628                LoRaMacConfirmQueueIsFull
 .text.LoRaMacComputeMic
                0x0800763c       0x70 ./objects/loramaccrypto.o
                0x0800763c                LoRaMacComputeMic
 .text.LoRaMacPayloadEncrypt
                0x080076ac       0xe0 ./objects/loramaccrypto.o
                0x080076ac                LoRaMacPayloadEncrypt
 .text.LoRaMacPayloadDecrypt
                0x0800778c       0x10 ./objects/loramaccrypto.o
                0x0800778c                LoRaMacPayloadDecrypt
 .text.LoRaMacJoinComputeMic
                0x0800779c       0x3c ./objects/loramaccrypto.o
                0x0800779c                LoRaMacJoinComputeMic
 .text.LoRaMacJoinDecrypt
                0x080077d8       0x3e ./objects/loramaccrypto.o
                0x080077d8                LoRaMacJoinDecrypt
 .text.LoRaMacJoinComputeSKeys
                0x08007816       0x86 ./objects/loramaccrypto.o
                0x08007816                LoRaMacJoinComputeSKeys
 .text.RegionIsActive
                0x0800789c        0x8 ./objects/region.o
                0x0800789c                RegionIsActive
 .text.RegionGetPhyParam
                0x080078a4       0x14 ./objects/region.o
                0x080078a4                RegionGetPhyParam
 .text.RegionSetBandTxDone
                0x080078b8        0xc ./objects/region.o
                0x080078b8                RegionSetBandTxDone
 .text.RegionInitDefaults
                0x080078c4        0xc ./objects/region.o
                0x080078c4                RegionInitDefaults
 .text.RegionVerify
                0x080078d0       0x12 ./objects/region.o
                0x080078d0                RegionVerify
 .text.RegionApplyCFList
                0x080078e2        0xc ./objects/region.o
                0x080078e2                RegionApplyCFList
 .text.RegionChanMaskSet
                0x080078ee        0xe ./objects/region.o
                0x080078ee                RegionChanMaskSet
 .text.RegionAdrNext
                0x080078fc       0x20 ./objects/region.o
                0x080078fc                RegionAdrNext
 .text.RegionComputeRxWindowParameters
                0x0800791c       0x1e ./objects/region.o
                0x0800791c                RegionComputeRxWindowParameters
 .text.RegionRxConfig
                0x0800793a       0x12 ./objects/region.o
                0x0800793a                RegionRxConfig
 .text.RegionTxConfig
                0x0800794c       0x1e ./objects/region.o
                0x0800794c                RegionTxConfig
 .text.RegionLinkAdrReq
                0x0800796a       0x20 ./objects/region.o
                0x0800796a                RegionLinkAdrReq
 .text.RegionRxParamSetupReq
                0x0800798a        0xe ./objects/region.o
                0x0800798a                RegionRxParamSetupReq
 .text.RegionNewChannelReq
                0x08007998        0xe ./objects/region.o
                0x08007998                RegionNewChannelReq
 .text.RegionTxParamSetupReq
                0x080079a6        0xe ./objects/region.o
                0x080079a6                RegionTxParamSetupReq
 .text.RegionDlChannelReq
                0x080079b4        0xe ./objects/region.o
                0x080079b4                RegionDlChannelReq
 .text.RegionAlternateDr
                0x080079c2        0xe ./objects/region.o
                0x080079c2                RegionAlternateDr
 .text.RegionCalcBackOff
                0x080079d0        0xc ./objects/region.o
                0x080079d0                RegionCalcBackOff
 .text.RegionNextChannel
                0x080079dc       0x20 ./objects/region.o
                0x080079dc                RegionNextChannel
 .text.RegionSetContinuousWave
                0x080079fc        0xc ./objects/region.o
                0x080079fc                RegionSetContinuousWave
 .text.RegionApplyDrOffset
                0x08007a08       0x1e ./objects/region.o
                0x08007a08                RegionApplyDrOffset
 *fill*         0x08007a26        0x2 
 .text.RegionCommonGetJoinDc
                0x08007a28       0x30 ./objects/regioncommon.o
                0x08007a28                RegionCommonGetJoinDc
 .text.RegionCommonChanVerifyDr
                0x08007a58       0x66 ./objects/regioncommon.o
                0x08007a58                RegionCommonChanVerifyDr
 .text.RegionCommonValueInRange
                0x08007abe       0x12 ./objects/regioncommon.o
                0x08007abe                RegionCommonValueInRange
 .text.RegionCommonCountChannels
                0x08007ad0       0x3c ./objects/regioncommon.o
                0x08007ad0                RegionCommonCountChannels
 .text.RegionCommonChanMaskCopy
                0x08007b0c       0x1e ./objects/regioncommon.o
                0x08007b0c                RegionCommonChanMaskCopy
 .text.RegionCommonSetBandTxDone
                0x08007b2a        0xe ./objects/regioncommon.o
                0x08007b2a                RegionCommonSetBandTxDone
 .text.RegionCommonUpdateBandTimeOff
                0x08007b38      0x10a ./objects/regioncommon.o
                0x08007b38                RegionCommonUpdateBandTimeOff
 .text.RegionCommonParseLinkAdrReq
                0x08007c42       0x34 ./objects/regioncommon.o
                0x08007c42                RegionCommonParseLinkAdrReq
 *fill*         0x08007c76        0x2 
 .text.RegionCommonComputeSymbolTimeLoRa
                0x08007c78       0x34 ./objects/regioncommon.o
                0x08007c78                RegionCommonComputeSymbolTimeLoRa
 .text.RegionCommonComputeRxWindowParameters
                0x08007cac       0xac ./objects/regioncommon.o
                0x08007cac                RegionCommonComputeRxWindowParameters
 .text.RegionCommonComputeTxPower
                0x08007d58       0x30 ./objects/regioncommon.o
                0x08007d58                RegionCommonComputeTxPower
 .text.RegionCN470GetPhyParam
                0x08007d88      0x108 ./objects/regioncn470.o
                0x08007d88                RegionCN470GetPhyParam
 .text.RegionCN470SetBandTxDone
                0x08007e90       0x2c ./objects/regioncn470.o
                0x08007e90                RegionCN470SetBandTxDone
 .text.RegionCN470InitDefaults
                0x08007ebc       0x6c ./objects/regioncn470.o
                0x08007ebc                RegionCN470InitDefaults
 .text.RegionCN470Verify
                0x08007f28       0x3c ./objects/regioncn470.o
                0x08007f28                RegionCN470Verify
 .text.RegionCN470ApplyCFList
                0x08007f64        0x2 ./objects/regioncn470.o
                0x08007f64                RegionCN470ApplyCFList
 *fill*         0x08007f66        0x2 
 .text.RegionCN470ChanMaskSet
                0x08007f68       0x34 ./objects/regioncn470.o
                0x08007f68                RegionCN470ChanMaskSet
 .text.RegionCN470AdrNext
                0x08007f9c       0x80 ./objects/regioncn470.o
                0x08007f9c                RegionCN470AdrNext
 .text.RegionCN470ComputeRxWindowParameters
                0x0800801c       0x74 ./objects/regioncn470.o
                0x0800801c                RegionCN470ComputeRxWindowParameters
 .text.RegionCN470RxConfig
                0x08008090       0xac ./objects/regioncn470.o
                0x08008090                RegionCN470RxConfig
 .text.RegionCN470TxConfig
                0x0800813c       0xb8 ./objects/regioncn470.o
                0x0800813c                RegionCN470TxConfig
 .text.RegionCN470LinkAdrReq
                0x080081f4      0x118 ./objects/regioncn470.o
                0x080081f4                RegionCN470LinkAdrReq
 .text.RegionCN470RxParamSetupReq
                0x0800830c       0x68 ./objects/regioncn470.o
                0x0800830c                RegionCN470RxParamSetupReq
 .text.RegionCN470NewChannelReq
                0x08008374        0x4 ./objects/regioncn470.o
                0x08008374                RegionCN470NewChannelReq
 .text.RegionCN470TxParamSetupReq
                0x08008378        0x6 ./objects/regioncn470.o
                0x08008378                RegionCN470TxParamSetupReq
 .text.RegionCN470DlChannelReq
                0x0800837e        0x4 ./objects/regioncn470.o
                0x0800837e                RegionCN470DlChannelReq
 .text.RegionCN470AlternateDr
                0x08008382       0x3e ./objects/regioncn470.o
                0x08008382                RegionCN470AlternateDr
 .text.RegionCN470CalcBackOff
                0x080083c0       0x64 ./objects/regioncn470.o
                0x080083c0                RegionCN470CalcBackOff
 .text.RegionCN470NextChannel
                0x08008424      0x158 ./objects/regioncn470.o
                0x08008424                RegionCN470NextChannel
 .text.RegionCN470SetContinuousWave
                0x0800857c       0x4c ./objects/regioncn470.o
                0x0800857c                RegionCN470SetContinuousWave
 .text.RegionCN470ApplyDrOffset
                0x080085c8        0xc ./objects/regioncn470.o
                0x080085c8                RegionCN470ApplyDrOffset
 .text.McpsConfirm
                0x080085d4        0xc ./objects/classa.o
 .text.BoardGetBatteryLevel
                0x080085e0        0x4 ./objects/classa.o
                0x080085e0                BoardGetBatteryLevel
 .text.MlmeConfirm
                0x080085e4       0x64 ./objects/classa.o
 .text.OnTxNextPacketTimerEvent
                0x08008648       0x5c ./objects/classa.o
 .text.MlmeIndication
                0x080086a4        0xc ./objects/classa.o
 .text.McpsIndication
                0x080086b0       0x70 ./objects/classa.o
 .text.app_start
                0x08008720      0x19c ./objects/classa.o
                0x08008720                app_start
 .text.uart_log_init
                0x080088bc       0x40 ./objects/main.o
                0x080088bc                uart_log_init
 .text.board_init
                0x080088fc       0x6a ./objects/main.o
                0x080088fc                board_init
 .text.startup.main
                0x08008966        0xe ./objects/main.o
                0x08008966                main
 .text.NMI_Handler
                0x08008974        0x2 ./objects/tremo_it.o
                0x08008974                NMI_Handler
 .text.HardFault_Handler
                0x08008976        0x2 ./objects/tremo_it.o
                0x08008976                HardFault_Handler
 .text.MemManage_Handler
                0x08008978        0x2 ./objects/tremo_it.o
                0x08008978                MemManage_Handler
 .text.BusFault_Handler
                0x0800897a        0x2 ./objects/tremo_it.o
                0x0800897a                BusFault_Handler
 .text.UsageFault_Handler
                0x0800897c        0x2 ./objects/tremo_it.o
                0x0800897c                UsageFault_Handler
 .text.SVC_Handler
                0x0800897e        0x2 ./objects/tremo_it.o
                0x0800897e                SVC_Handler
 .text.PendSV_Handler
                0x08008980        0x2 ./objects/tremo_it.o
                0x08008980                PendSV_Handler
 .text.SysTick_Handler
                0x08008982        0x2 ./objects/tremo_it.o
                0x08008982                SysTick_Handler
 .text.PWR_IRQHandler
                0x08008984        0x2 ./objects/tremo_it.o
                0x08008984                PWR_IRQHandler
 .text.LORA_IRQHandler
                0x08008986        0x4 ./objects/tremo_it.o
                0x08008986                LORA_IRQHandler
 .text.RTC_IRQHandler
                0x0800898a        0x4 ./objects/tremo_it.o
                0x0800898a                RTC_IRQHandler
 *fill*         0x0800898e        0x2 
 .text.__libc_init_array
                0x08008990       0x48 d:/program files/gnu arm embedded toolchain/9 2020-q2-update/bin/../lib/gcc/arm-none-eabi/9.3.1/../../../../arm-none-eabi/lib/thumb/v7e-m/nofp\libc.a(lib_a-init.o)
                0x08008990                __libc_init_array
 .text.memset   0x080089d8       0xa0 d:/program files/gnu arm embedded toolchain/9 2020-q2-update/bin/../lib/gcc/arm-none-eabi/9.3.1/../../../../arm-none-eabi/lib/thumb/v7e-m/nofp\libc.a(lib_a-memset.o)
                0x080089d8                memset
 .text.startup.register_fini
                0x08008a78       0x14 d:/program files/gnu arm embedded toolchain/9 2020-q2-update/bin/../lib/gcc/arm-none-eabi/9.3.1/../../../../arm-none-eabi/lib/thumb/v7e-m/nofp\libc.a(lib_a-__call_atexit.o)
 .text.atexit   0x08008a8c        0xc d:/program files/gnu arm embedded toolchain/9 2020-q2-update/bin/../lib/gcc/arm-none-eabi/9.3.1/../../../../arm-none-eabi/lib/thumb/v7e-m/nofp\libc.a(lib_a-atexit.o)
                0x08008a8c                atexit
 .text.__libc_fini_array
                0x08008a98       0x2c d:/program files/gnu arm embedded toolchain/9 2020-q2-update/bin/../lib/gcc/arm-none-eabi/9.3.1/../../../../arm-none-eabi/lib/thumb/v7e-m/nofp\libc.a(lib_a-fini.o)
                0x08008a98                __libc_fini_array
 .text.__retarget_lock_acquire_recursive
                0x08008ac4        0x4 d:/program files/gnu arm embedded toolchain/9 2020-q2-update/bin/../lib/gcc/arm-none-eabi/9.3.1/../../../../arm-none-eabi/lib/thumb/v7e-m/nofp\libc.a(lib_a-lock.o)
                0x08008ac4                __retarget_lock_acquire_recursive
 .text.__retarget_lock_release_recursive
                0x08008ac8        0x4 d:/program files/gnu arm embedded toolchain/9 2020-q2-update/bin/../lib/gcc/arm-none-eabi/9.3.1/../../../../arm-none-eabi/lib/thumb/v7e-m/nofp\libc.a(lib_a-lock.o)
                0x08008ac8                __retarget_lock_release_recursive
 .text.__register_exitproc
                0x08008acc       0x8c d:/program files/gnu arm embedded toolchain/9 2020-q2-update/bin/../lib/gcc/arm-none-eabi/9.3.1/../../../../arm-none-eabi/lib/thumb/v7e-m/nofp\libc.a(lib_a-__atexit.o)
                0x08008acc                __register_exitproc
 .text.ceil     0x08008b58       0xf8 d:/program files/gnu arm embedded toolchain/9 2020-q2-update/bin/../lib/gcc/arm-none-eabi/9.3.1/../../../../arm-none-eabi/lib/thumb/v7e-m/nofp\libm.a(lib_a-s_ceil.o)
                0x08008b58                ceil
 .text.floor    0x08008c50       0xf8 d:/program files/gnu arm embedded toolchain/9 2020-q2-update/bin/../lib/gcc/arm-none-eabi/9.3.1/../../../../arm-none-eabi/lib/thumb/v7e-m/nofp\libm.a(lib_a-s_floor.o)
                0x08008c50                floor
 .text.rint     0x08008d48      0x120 d:/program files/gnu arm embedded toolchain/9 2020-q2-update/bin/../lib/gcc/arm-none-eabi/9.3.1/../../../../arm-none-eabi/lib/thumb/v7e-m/nofp\libm.a(lib_a-s_rint.o)
                0x08008d48                rint
 .text.round    0x08008e68       0x94 d:/program files/gnu arm embedded toolchain/9 2020-q2-update/bin/../lib/gcc/arm-none-eabi/9.3.1/../../../../arm-none-eabi/lib/thumb/v7e-m/nofp\libm.a(lib_a-s_round.o)
                0x08008e68                round
 *(.glue_7)
 .glue_7        0x08008efc        0x0 linker stubs
 *(.glue_7t)
 .glue_7t       0x08008efc        0x0 linker stubs
 *(.eh_frame)
 .eh_frame      0x08008efc        0x0 d:/program files/gnu arm embedded toolchain/9 2020-q2-update/bin/../lib/gcc/arm-none-eabi/9.3.1/thumb/v7e-m/nofp/crtbegin.o
 *(.init)
 .init          0x08008efc        0x4 d:/program files/gnu arm embedded toolchain/9 2020-q2-update/bin/../lib/gcc/arm-none-eabi/9.3.1/thumb/v7e-m/nofp/crti.o
                0x08008efc                _init
 .init          0x08008f00        0x8 d:/program files/gnu arm embedded toolchain/9 2020-q2-update/bin/../lib/gcc/arm-none-eabi/9.3.1/thumb/v7e-m/nofp/crtn.o
 *(.fini)
 .fini          0x08008f08        0x4 d:/program files/gnu arm embedded toolchain/9 2020-q2-update/bin/../lib/gcc/arm-none-eabi/9.3.1/thumb/v7e-m/nofp/crti.o
                0x08008f08                _fini
 .fini          0x08008f0c        0x8 d:/program files/gnu arm embedded toolchain/9 2020-q2-update/bin/../lib/gcc/arm-none-eabi/9.3.1/thumb/v7e-m/nofp/crtn.o
                0x08008f14                . = ALIGN (0x4)
                0x08008f14                _etext = .

.vfp11_veneer   0x08008f14        0x0
 .vfp11_veneer  0x08008f14        0x0 linker stubs

.v4_bx          0x08008f14        0x0
 .v4_bx         0x08008f14        0x0 linker stubs

.iplt           0x08008f14        0x0
 .iplt          0x08008f14        0x0 d:/program files/gnu arm embedded toolchain/9 2020-q2-update/bin/../lib/gcc/arm-none-eabi/9.3.1/thumb/v7e-m/nofp/crtbegin.o

.rodata         0x08008f18      0x308
                0x08008f18                . = ALIGN (0x4)
 *(.rodata)
 .rodata        0x08008f18       0x50 ./objects/printf-stdarg.o
 .rodata        0x08008f68        0xc ./objects/tremo_uart.o
 *fill*         0x08008f74        0x4 
 .rodata        0x08008f78      0x188 ./objects/radio.o
                0x08008f78                FskBandwidths
                0x08009088                Bandwidths
                0x08009094                Radio
 .rodata        0x08009100       0x11 ./objects/sx126x.o
 .rodata        0x08009111       0x18 ./objects/rtc-board.o
 .rodata        0x08009129       0x10 ./objects/loramac.o
 *fill*         0x08009139        0x3 
 .rodata        0x0800913c       0x26 ./objects/regioncn470.o
 *fill*         0x08009162        0x2 
 .rodata        0x08009164       0x10 ../../../../../drivers/crypto/lib/libcrypto.a(aes.o)
 *(.rodata*)
 .rodata.str1.1
                0x08009174       0x19 ./objects/printf-stdarg.o
 .rodata.str1.1
                0x0800918d       0x7a ./objects/classa.o
                                 0x7d (size before relaxing)
 *fill*         0x08009207        0x1 
 .rodata._global_impure_ptr
                0x08009208        0x4 d:/program files/gnu arm embedded toolchain/9 2020-q2-update/bin/../lib/gcc/arm-none-eabi/9.3.1/../../../../arm-none-eabi/lib/thumb/v7e-m/nofp\libc.a(lib_a-impure.o)
                0x08009208                _global_impure_ptr
 *fill*         0x0800920c        0x4 
 .rodata.TWO52  0x08009210       0x10 d:/program files/gnu arm embedded toolchain/9 2020-q2-update/bin/../lib/gcc/arm-none-eabi/9.3.1/../../../../arm-none-eabi/lib/thumb/v7e-m/nofp\libm.a(lib_a-s_rint.o)
                0x08009220                . = ALIGN (0x4)

.ARM.extab
 *(.ARM.extab* .gnu.linkonce.armextab.*)

.ARM            0x08009220        0x8
                0x08009220                __exidx_start = .
 *(.ARM.exidx*)
 .ARM.exidx     0x08009220        0x8 d:/program files/gnu arm embedded toolchain/9 2020-q2-update/bin/../lib/gcc/arm-none-eabi/9.3.1/thumb/v7e-m/nofp\libgcc.a(_udivmoddi4.o)
                0x08009228                __exidx_end = .

.rel.dyn        0x08009228        0x0
 .rel.iplt      0x08009228        0x0 d:/program files/gnu arm embedded toolchain/9 2020-q2-update/bin/../lib/gcc/arm-none-eabi/9.3.1/thumb/v7e-m/nofp/crtbegin.o

.preinit_array  0x08009228        0x0
                0x08009228                PROVIDE (__preinit_array_start = .)
 *(.preinit_array*)
                0x08009228                PROVIDE (__preinit_array_end = .)

.init_array     0x08009228        0x8
                0x08009228                PROVIDE (__init_array_start = .)
 *(SORT_BY_NAME(.init_array.*))
 .init_array.00000
                0x08009228        0x4 d:/program files/gnu arm embedded toolchain/9 2020-q2-update/bin/../lib/gcc/arm-none-eabi/9.3.1/../../../../arm-none-eabi/lib/thumb/v7e-m/nofp\libc.a(lib_a-__call_atexit.o)
 *(.init_array*)
 .init_array    0x0800922c        0x4 d:/program files/gnu arm embedded toolchain/9 2020-q2-update/bin/../lib/gcc/arm-none-eabi/9.3.1/thumb/v7e-m/nofp/crtbegin.o
                0x08009230                PROVIDE (__init_array_end = .)

.fini_array     0x08009230        0x4
                0x08009230                PROVIDE (__fini_array_start = .)
 *(SORT_BY_NAME(.fini_array.*))
 *(.fini_array*)
 .fini_array    0x08009230        0x4 d:/program files/gnu arm embedded toolchain/9 2020-q2-update/bin/../lib/gcc/arm-none-eabi/9.3.1/thumb/v7e-m/nofp/crtbegin.o
                0x08009234                PROVIDE (__fini_array_end = .)
                0x08009234                _sidata = LOADADDR (.data)

.data           0x20000000      0x49c load address 0x08009234
                0x20000000                . = ALIGN (0x4)
                0x20000000                _sdata = .
 *(.data)
 .data          0x20000000        0x1 ./objects/radio.o
                0x20000000                MaxPayloadLength
 *fill*         0x20000001        0x3 
 .data          0x20000004        0x4 ./objects/utilities.o
 .data          0x20000008        0x3 ./objects/loramac.o
 .data          0x2000000b       0x20 ./objects/loramaccrypto.o
 *fill*         0x2000002b        0x5 
 .data          0x20000030       0x20 ./objects/regioncn470.o
 .data          0x20000050       0x20 ./objects/classa.o
 *(.data*)
 .data.impure_data
                0x20000070      0x428 d:/program files/gnu arm embedded toolchain/9 2020-q2-update/bin/../lib/gcc/arm-none-eabi/9.3.1/../../../../arm-none-eabi/lib/thumb/v7e-m/nofp\libc.a(lib_a-impure.o)
 .data.__atexit_recursive_mutex
                0x20000498        0x4 d:/program files/gnu arm embedded toolchain/9 2020-q2-update/bin/../lib/gcc/arm-none-eabi/9.3.1/../../../../arm-none-eabi/lib/thumb/v7e-m/nofp\libc.a(lib_a-__call_atexit.o)
                0x20000498                __atexit_recursive_mutex
                0x2000049c                . = ALIGN (0x4)
                0x2000049c                _edata = .

.igot.plt       0x2000049c        0x0 load address 0x080096d0
 .igot.plt      0x2000049c        0x0 d:/program files/gnu arm embedded toolchain/9 2020-q2-update/bin/../lib/gcc/arm-none-eabi/9.3.1/thumb/v7e-m/nofp/crtbegin.o
                0x2000049c                . = ALIGN (0x4)

.bss            0x200004a0      0xcbc load address 0x080096d0
                0x200004a0                _sbss = .
                0x200004a0                __bss_start__ = _sbss
 *(.bss)
 .bss           0x200004a0       0x1c d:/program files/gnu arm embedded toolchain/9 2020-q2-update/bin/../lib/gcc/arm-none-eabi/9.3.1/thumb/v7e-m/nofp/crtbegin.o
 .bss           0x200004bc        0x1 ./objects/tremo_delay.o
 *fill*         0x200004bd        0x3 
 .bss           0x200004c0       0x11 ./objects/timer.o
                0x200004d0                HasLoopedThroughMain
 *fill*         0x200004d1        0x3 
 .bss           0x200004d4       0x16 ./objects/radio.o
                0x200004d8                IrqFired
                0x200004dc                TxTimeout
                0x200004e0                RxContinuous
                0x200004e4                RxTimeout
 *fill*         0x200004ea        0x2 
 .bss           0x200004ec        0x8 ./objects/sx126x.o
                0x200004f0                FrequencyError
 .bss           0x200004f4        0x9 ./objects/rtc-board.o
                0x200004f8                McuWakeUpTime
                0x200004fc                NonScheduledWakeUp
 .bss           0x200004fd        0x1 ./objects/sx1262-board.o
                0x200004fd                gPaOptSetting
 *fill*         0x200004fe        0x2 
 .bss           0x20000500      0x4d9 ./objects/loramac.o
                0x200005d0                LoRaMacState
                0x20000978                TxTimeOnAir
 *fill*         0x200009d9        0x3 
 .bss           0x200009dc       0x19 ./objects/loramacconfirmqueue.o
 *fill*         0x200009f5        0x3 
 .bss           0x200009f8       0x44 ./objects/loramaccrypto.o
 .bss           0x20000a3c      0x498 ./objects/regioncn470.o
 .bss           0x20000ed4       0x30 ./objects/classa.o
 *(.bss*)
 *(COMMON)
 COMMON         0x20000f04      0x190 ./objects/radio.o
                0x20000f04                irqRegs
                0x20000f08                SX126x
                0x20000f44                TxTimeoutTimer
                0x20000f58                RadioRxPayload
                0x20001058                CadTimeoutTimer
                0x2000106c                RadioPktStatus
                0x20001080                RxTimeoutTimer
 *fill*         0x20001094        0x4 
 COMMON         0x20001098       0x18 ./objects/rtc-board.o
                0x20001098                RtcCalendarContext
                0x200010a8                RtcTimerContext
 COMMON         0x200010b0       0x7c ./objects/loramac.o
                0x200010b0                LoRaMacFlags
                0x200010b4                LoRaMacParamsDefaults
                0x200010f0                LoRaMacParams
 COMMON         0x2000112c        0xc ./objects/loramacconfirmqueue.o
                0x2000112c                CommonStatus
                0x20001130                BufferStart
                0x20001134                BufferEnd
 COMMON         0x20001138       0x21 d:/program files/gnu arm embedded toolchain/9 2020-q2-update/bin/../lib/gcc/arm-none-eabi/9.3.1/../../../../arm-none-eabi/lib/thumb/v7e-m/nofp\libc.a(lib_a-lock.o)
                0x20001138                __lock___atexit_recursive_mutex
                0x2000113c                __lock___arc4random_mutex
                0x20001140                __lock___env_recursive_mutex
                0x20001144                __lock___sinit_recursive_mutex
                0x20001148                __lock___malloc_recursive_mutex
                0x2000114c                __lock___at_quick_exit_mutex
                0x20001150                __lock___dd_hash_mutex
                0x20001154                __lock___tz_mutex
                0x20001158                __lock___sfp_recursive_mutex
                0x2000115c                . = ALIGN (0x4)
 *fill*         0x20001159        0x3 
                0x2000115c                _ebss = .
                0x2000115c                __bss_end__ = _ebss

.heap           0x2000115c        0x0 load address 0x080096d0
                0x2000115c                . = ALIGN (0x4)
                0x2000115c                _heap_bottom = .
                0x2000115c                end = _heap_bottom
                0x2000115c                _end = end
                0x2000115c                __end = end
                0x2000115c                . = (. + _HEAP_SIZE)
                0x2000115c                _heap_top = .

.stack          0x2000115c     0x1000 load address 0x080096d0
                0x2000115c                . = ALIGN (0x4)
                0x2000115c                _stack_bottom = .
                0x2000215c                . = (. + _STACK_SIZE)
 *fill*         0x2000115c     0x1000 
                0x2000215c                _stack_top = .

/DISCARD/
 libc.a(*)
 libm.a(*)
 libgcc.a(*)

.ARM.attributes
                0x00000000       0x2e
 *(.ARM.attributes)
 .ARM.attributes
                0x00000000       0x1e d:/program files/gnu arm embedded toolchain/9 2020-q2-update/bin/../lib/gcc/arm-none-eabi/9.3.1/thumb/v7e-m/nofp/crti.o
 .ARM.attributes
                0x0000001e       0x2e d:/program files/gnu arm embedded toolchain/9 2020-q2-update/bin/../lib/gcc/arm-none-eabi/9.3.1/thumb/v7e-m/nofp/crtbegin.o
 .ARM.attributes
                0x0000004c       0x32 ./objects/printf-stdarg.o
 .ARM.attributes
                0x0000007e       0x32 ./objects/system_cm4.o
 .ARM.attributes
                0x000000b0       0x25 ./objects/startup_cm4.o
 .ARM.attributes
                0x000000d5       0x32 ./objects/tremo_delay.o
 .ARM.attributes
                0x00000107       0x32 ./objects/tremo_gpio.o
 .ARM.attributes
                0x00000139       0x32 ./objects/tremo_pwr.o
 .ARM.attributes
                0x0000016b       0x32 ./objects/tremo_rcc.o
 .ARM.attributes
                0x0000019d       0x32 ./objects/tremo_rtc.o
 .ARM.attributes
                0x000001cf       0x32 ./objects/tremo_uart.o
 .ARM.attributes
                0x00000201       0x32 ./objects/delay.o
 .ARM.attributes
                0x00000233       0x32 ./objects/timer.o
 .ARM.attributes
                0x00000265       0x32 ./objects/cmac.o
 .ARM.attributes
                0x00000297       0x32 ./objects/radio.o
 .ARM.attributes
                0x000002c9       0x32 ./objects/sx126x.o
 .ARM.attributes
                0x000002fb       0x32 ./objects/rtc-board.o
 .ARM.attributes
                0x0000032d       0x32 ./objects/sx1262-board.o
 .ARM.attributes
                0x0000035f       0x32 ./objects/utilities.o
 .ARM.attributes
                0x00000391       0x32 ./objects/loramac.o
 .ARM.attributes
                0x000003c3       0x32 ./objects/loramacclassb.o
 .ARM.attributes
                0x000003f5       0x32 ./objects/loramacconfirmqueue.o
 .ARM.attributes
                0x00000427       0x32 ./objects/loramaccrypto.o
 .ARM.attributes
                0x00000459       0x32 ./objects/region.o
 .ARM.attributes
                0x0000048b       0x32 ./objects/regioncommon.o
 .ARM.attributes
                0x000004bd       0x32 ./objects/regioncn470.o
 .ARM.attributes
                0x000004ef       0x32 ./objects/classa.o
 .ARM.attributes
                0x00000521       0x32 ./objects/main.o
 .ARM.attributes
                0x00000553       0x32 ./objects/tremo_it.o
 .ARM.attributes
                0x00000585       0x2e ../../../../../drivers/crypto/lib/libcrypto.a(aes.o)
 .ARM.attributes
                0x000005b3       0x1e d:/program files/gnu arm embedded toolchain/9 2020-q2-update/bin/../lib/gcc/arm-none-eabi/9.3.1/thumb/v7e-m/nofp\libgcc.a(_arm_addsubdf3.o)
 .ARM.attributes
                0x000005d1       0x1e d:/program files/gnu arm embedded toolchain/9 2020-q2-update/bin/../lib/gcc/arm-none-eabi/9.3.1/thumb/v7e-m/nofp\libgcc.a(_arm_muldivdf3.o)
 .ARM.attributes
                0x000005ef       0x1e d:/program files/gnu arm embedded toolchain/9 2020-q2-update/bin/../lib/gcc/arm-none-eabi/9.3.1/thumb/v7e-m/nofp\libgcc.a(_arm_cmpdf2.o)
 .ARM.attributes
                0x0000060d       0x1e d:/program files/gnu arm embedded toolchain/9 2020-q2-update/bin/../lib/gcc/arm-none-eabi/9.3.1/thumb/v7e-m/nofp\libgcc.a(_arm_fixdfsi.o)
 .ARM.attributes
                0x0000062b       0x1e d:/program files/gnu arm embedded toolchain/9 2020-q2-update/bin/../lib/gcc/arm-none-eabi/9.3.1/thumb/v7e-m/nofp\libgcc.a(_arm_fixunsdfsi.o)
 .ARM.attributes
                0x00000649       0x1e d:/program files/gnu arm embedded toolchain/9 2020-q2-update/bin/../lib/gcc/arm-none-eabi/9.3.1/thumb/v7e-m/nofp\libgcc.a(_aeabi_uldivmod.o)
 .ARM.attributes
                0x00000667       0x2e d:/program files/gnu arm embedded toolchain/9 2020-q2-update/bin/../lib/gcc/arm-none-eabi/9.3.1/thumb/v7e-m/nofp\libgcc.a(_fixunsdfdi.o)
 .ARM.attributes
                0x00000695       0x2e d:/program files/gnu arm embedded toolchain/9 2020-q2-update/bin/../lib/gcc/arm-none-eabi/9.3.1/thumb/v7e-m/nofp\libgcc.a(_udivmoddi4.o)
 .ARM.attributes
                0x000006c3       0x1e d:/program files/gnu arm embedded toolchain/9 2020-q2-update/bin/../lib/gcc/arm-none-eabi/9.3.1/thumb/v7e-m/nofp\libgcc.a(_dvmd_tls.o)
 .ARM.attributes
                0x000006e1       0x2e d:/program files/gnu arm embedded toolchain/9 2020-q2-update/bin/../lib/gcc/arm-none-eabi/9.3.1/../../../../arm-none-eabi/lib/thumb/v7e-m/nofp\libc.a(lib_a-impure.o)
 .ARM.attributes
                0x0000070f       0x2e d:/program files/gnu arm embedded toolchain/9 2020-q2-update/bin/../lib/gcc/arm-none-eabi/9.3.1/../../../../arm-none-eabi/lib/thumb/v7e-m/nofp\libc.a(lib_a-init.o)
 .ARM.attributes
                0x0000073d       0x1c d:/program files/gnu arm embedded toolchain/9 2020-q2-update/bin/../lib/gcc/arm-none-eabi/9.3.1/../../../../arm-none-eabi/lib/thumb/v7e-m/nofp\libc.a(lib_a-memcpy.o)
 .ARM.attributes
                0x00000759       0x2e d:/program files/gnu arm embedded toolchain/9 2020-q2-update/bin/../lib/gcc/arm-none-eabi/9.3.1/../../../../arm-none-eabi/lib/thumb/v7e-m/nofp\libc.a(lib_a-memset.o)
 .ARM.attributes
                0x00000787       0x2e d:/program files/gnu arm embedded toolchain/9 2020-q2-update/bin/../lib/gcc/arm-none-eabi/9.3.1/../../../../arm-none-eabi/lib/thumb/v7e-m/nofp\libc.a(lib_a-__call_atexit.o)
 .ARM.attributes
                0x000007b5       0x2e d:/program files/gnu arm embedded toolchain/9 2020-q2-update/bin/../lib/gcc/arm-none-eabi/9.3.1/../../../../arm-none-eabi/lib/thumb/v7e-m/nofp\libc.a(lib_a-atexit.o)
 .ARM.attributes
                0x000007e3       0x2e d:/program files/gnu arm embedded toolchain/9 2020-q2-update/bin/../lib/gcc/arm-none-eabi/9.3.1/../../../../arm-none-eabi/lib/thumb/v7e-m/nofp\libc.a(lib_a-fini.o)
 .ARM.attributes
                0x00000811       0x2e d:/program files/gnu arm embedded toolchain/9 2020-q2-update/bin/../lib/gcc/arm-none-eabi/9.3.1/../../../../arm-none-eabi/lib/thumb/v7e-m/nofp\libc.a(lib_a-lock.o)
 .ARM.attributes
                0x0000083f       0x2e d:/program files/gnu arm embedded toolchain/9 2020-q2-update/bin/../lib/gcc/arm-none-eabi/9.3.1/../../../../arm-none-eabi/lib/thumb/v7e-m/nofp\libc.a(lib_a-__atexit.o)
 .ARM.attributes
                0x0000086d       0x1e d:/program files/gnu arm embedded toolchain/9 2020-q2-update/bin/../lib/gcc/arm-none-eabi/9.3.1/thumb/v7e-m/nofp/crtn.o
OUTPUT(./Objects/project.elf elf32-littlearm)
LOAD linker stubs
LOAD d:/program files/gnu arm embedded toolchain/9 2020-q2-update/bin/../lib/gcc/arm-none-eabi/9.3.1/../../../../arm-none-eabi/lib/thumb/v7e-m/nofp\libc.a
LOAD d:/program files/gnu arm embedded toolchain/9 2020-q2-update/bin/../lib/gcc/arm-none-eabi/9.3.1/../../../../arm-none-eabi/lib/thumb/v7e-m/nofp\libm.a
LOAD d:/program files/gnu arm embedded toolchain/9 2020-q2-update/bin/../lib/gcc/arm-none-eabi/9.3.1/thumb/v7e-m/nofp\libgcc.a

.debug_info     0x00000000    0x2d551
 .debug_info    0x00000000     0x226e ./objects/printf-stdarg.o
 .debug_info    0x0000226e      0x855 ./objects/system_cm4.o
 .debug_info    0x00002ac3       0x22 ./objects/startup_cm4.o
 .debug_info    0x00002ae5      0x7cb ./objects/tremo_delay.o
 .debug_info    0x000032b0      0x90a ./objects/tremo_gpio.o
 .debug_info    0x00003bba      0x9ea ./objects/tremo_pwr.o
 .debug_info    0x000045a4     0x1153 ./objects/tremo_rcc.o
 .debug_info    0x000056f7     0x1b7c ./objects/tremo_rtc.o
 .debug_info    0x00007273     0x1608 ./objects/tremo_uart.o
 .debug_info    0x0000887b      0x185 ./objects/delay.o
 .debug_info    0x00008a00     0x1dfa ./objects/timer.o
 .debug_info    0x0000a7fa      0xeba ./objects/cmac.o
 .debug_info    0x0000b6b4     0x3533 ./objects/radio.o
 .debug_info    0x0000ebe7     0x3075 ./objects/sx126x.o
 .debug_info    0x00011c5c     0x1c9c ./objects/rtc-board.o
 .debug_info    0x000138f8     0x2693 ./objects/sx1262-board.o
 .debug_info    0x00015f8b      0xc5f ./objects/utilities.o
 .debug_info    0x00016bea     0x6335 ./objects/loramac.o
 .debug_info    0x0001cf1f     0x22a6 ./objects/loramacclassb.o
 .debug_info    0x0001f1c5     0x11aa ./objects/loramacconfirmqueue.o
 .debug_info    0x0002036f     0x13b0 ./objects/loramaccrypto.o
 .debug_info    0x0002171f     0x2866 ./objects/region.o
 .debug_info    0x00023f85     0x1ac1 ./objects/regioncommon.o
 .debug_info    0x00025a46     0x2e91 ./objects/regioncn470.o
 .debug_info    0x000288d7     0x2745 ./objects/classa.o
 .debug_info    0x0002b01c     0x17c5 ./objects/main.o
 .debug_info    0x0002c7e1      0x136 ./objects/tremo_it.o
 .debug_info    0x0002c917      0xc3a ../../../../../drivers/crypto/lib/libcrypto.a(aes.o)

.debug_abbrev   0x00000000     0x6086
 .debug_abbrev  0x00000000      0x51f ./objects/printf-stdarg.o
 .debug_abbrev  0x0000051f      0x1e0 ./objects/system_cm4.o
 .debug_abbrev  0x000006ff       0x12 ./objects/startup_cm4.o
 .debug_abbrev  0x00000711      0x237 ./objects/tremo_delay.o
 .debug_abbrev  0x00000948      0x24a ./objects/tremo_gpio.o
 .debug_abbrev  0x00000b92      0x224 ./objects/tremo_pwr.o
 .debug_abbrev  0x00000db6      0x276 ./objects/tremo_rcc.o
 .debug_abbrev  0x0000102c      0x491 ./objects/tremo_rtc.o
 .debug_abbrev  0x000014bd      0x402 ./objects/tremo_uart.o
 .debug_abbrev  0x000018bf      0x109 ./objects/delay.o
 .debug_abbrev  0x000019c8      0x5a2 ./objects/timer.o
 .debug_abbrev  0x00001f6a      0x284 ./objects/cmac.o
 .debug_abbrev  0x000021ee      0x57a ./objects/radio.o
 .debug_abbrev  0x00002768      0x514 ./objects/sx126x.o
 .debug_abbrev  0x00002c7c      0x51d ./objects/rtc-board.o
 .debug_abbrev  0x00003199      0x510 ./objects/sx1262-board.o
 .debug_abbrev  0x000036a9      0x25e ./objects/utilities.o
 .debug_abbrev  0x00003907      0x65e ./objects/loramac.o
 .debug_abbrev  0x00003f65      0x3a1 ./objects/loramacclassb.o
 .debug_abbrev  0x00004306      0x323 ./objects/loramacconfirmqueue.o
 .debug_abbrev  0x00004629      0x27a ./objects/loramaccrypto.o
 .debug_abbrev  0x000048a3      0x329 ./objects/region.o
 .debug_abbrev  0x00004bcc      0x4b8 ./objects/regioncommon.o
 .debug_abbrev  0x00005084      0x553 ./objects/regioncn470.o
 .debug_abbrev  0x000055d7      0x4f6 ./objects/classa.o
 .debug_abbrev  0x00005acd      0x2bd ./objects/main.o
 .debug_abbrev  0x00005d8a       0xd4 ./objects/tremo_it.o
 .debug_abbrev  0x00005e5e      0x228 ../../../../../drivers/crypto/lib/libcrypto.a(aes.o)

.debug_loc      0x00000000    0x110c5
 .debug_loc     0x00000000     0x277f ./objects/printf-stdarg.o
 .debug_loc     0x0000277f       0xc3 ./objects/system_cm4.o
 .debug_loc     0x00002842      0x1d7 ./objects/tremo_delay.o
 .debug_loc     0x00002a19      0x860 ./objects/tremo_gpio.o
 .debug_loc     0x00003279      0x15f ./objects/tremo_pwr.o
 .debug_loc     0x000033d8      0x777 ./objects/tremo_rcc.o
 .debug_loc     0x00003b4f      0xedf ./objects/tremo_rtc.o
 .debug_loc     0x00004a2e      0x6fc ./objects/tremo_uart.o
 .debug_loc     0x0000512a       0xb2 ./objects/delay.o
 .debug_loc     0x000051dc      0x6b0 ./objects/timer.o
 .debug_loc     0x0000588c      0x38c ./objects/cmac.o
 .debug_loc     0x00005c18     0x15ed ./objects/radio.o
 .debug_loc     0x00007205     0x11da ./objects/sx126x.o
 .debug_loc     0x000083df      0x70f ./objects/rtc-board.o
 .debug_loc     0x00008aee      0x82b ./objects/sx1262-board.o
 .debug_loc     0x00009319      0x234 ./objects/utilities.o
 .debug_loc     0x0000954d     0x392b ./objects/loramac.o
 .debug_loc     0x0000ce78       0xe5 ./objects/loramacclassb.o
 .debug_loc     0x0000cf5d      0x581 ./objects/loramacconfirmqueue.o
 .debug_loc     0x0000d4de      0x8b3 ./objects/loramaccrypto.o
 .debug_loc     0x0000dd91     0x103f ./objects/region.o
 .debug_loc     0x0000edd0      0xad8 ./objects/regioncommon.o
 .debug_loc     0x0000f8a8     0x1483 ./objects/regioncn470.o
 .debug_loc     0x00010d2b      0x23e ./objects/classa.o
 .debug_loc     0x00010f69       0x78 ./objects/main.o
 .debug_loc     0x00010fe1       0xe4 ../../../../../drivers/crypto/lib/libcrypto.a(aes.o)

.debug_aranges  0x00000000     0x1010
 .debug_aranges
                0x00000000       0x88 ./objects/printf-stdarg.o
 .debug_aranges
                0x00000088       0x28 ./objects/system_cm4.o
 .debug_aranges
                0x000000b0       0x28 ./objects/startup_cm4.o
 .debug_aranges
                0x000000d8       0x30 ./objects/tremo_delay.o
 .debug_aranges
                0x00000108       0x78 ./objects/tremo_gpio.o
 .debug_aranges
                0x00000180       0x58 ./objects/tremo_pwr.o
 .debug_aranges
                0x000001d8      0x178 ./objects/tremo_rcc.o
 .debug_aranges
                0x00000350      0x120 ./objects/tremo_rtc.o
 .debug_aranges
                0x00000470       0x98 ./objects/tremo_uart.o
 .debug_aranges
                0x00000508       0x28 ./objects/delay.o
 .debug_aranges
                0x00000530       0x88 ./objects/timer.o
 .debug_aranges
                0x000005b8       0x38 ./objects/cmac.o
 .debug_aranges
                0x000005f0      0x140 ./objects/radio.o
 .debug_aranges
                0x00000730      0x198 ./objects/sx126x.o
 .debug_aranges
                0x000008c8       0x78 ./objects/rtc-board.o
 .debug_aranges
                0x00000940       0xd0 ./objects/sx1262-board.o
 .debug_aranges
                0x00000a10       0x50 ./objects/utilities.o
 .debug_aranges
                0x00000a60      0x148 ./objects/loramac.o
 .debug_aranges
                0x00000ba8       0x80 ./objects/loramacclassb.o
 .debug_aranges
                0x00000c28       0x78 ./objects/loramacconfirmqueue.o
 .debug_aranges
                0x00000ca0       0x50 ./objects/loramaccrypto.o
 .debug_aranges
                0x00000cf0       0xd8 ./objects/region.o
 .debug_aranges
                0x00000dc8       0x88 ./objects/regioncommon.o
 .debug_aranges
                0x00000e50       0xc8 ./objects/regioncn470.o
 .debug_aranges
                0x00000f18       0x50 ./objects/classa.o
 .debug_aranges
                0x00000f68       0x30 ./objects/main.o
 .debug_aranges
                0x00000f98       0x58 ./objects/tremo_it.o
 .debug_aranges
                0x00000ff0       0x20 ../../../../../drivers/crypto/lib/libcrypto.a(aes.o)

.debug_ranges   0x00000000     0x18c8
 .debug_ranges  0x00000000      0x1d0 ./objects/printf-stdarg.o
 .debug_ranges  0x000001d0       0x70 ./objects/system_cm4.o
 .debug_ranges  0x00000240       0x20 ./objects/startup_cm4.o
 .debug_ranges  0x00000260       0x58 ./objects/tremo_delay.o
 .debug_ranges  0x000002b8       0x68 ./objects/tremo_gpio.o
 .debug_ranges  0x00000320       0x60 ./objects/tremo_pwr.o
 .debug_ranges  0x00000380      0x180 ./objects/tremo_rcc.o
 .debug_ranges  0x00000500      0x140 ./objects/tremo_rtc.o
 .debug_ranges  0x00000640       0x88 ./objects/tremo_uart.o
 .debug_ranges  0x000006c8       0x30 ./objects/delay.o
 .debug_ranges  0x000006f8       0xd8 ./objects/timer.o
 .debug_ranges  0x000007d0       0x98 ./objects/cmac.o
 .debug_ranges  0x00000868      0x1a8 ./objects/radio.o
 .debug_ranges  0x00000a10      0x1e8 ./objects/sx126x.o
 .debug_ranges  0x00000bf8      0x158 ./objects/rtc-board.o
 .debug_ranges  0x00000d50      0x188 ./objects/sx1262-board.o
 .debug_ranges  0x00000ed8       0x40 ./objects/utilities.o
 .debug_ranges  0x00000f18      0x338 ./objects/loramac.o
 .debug_ranges  0x00001250       0x70 ./objects/loramacclassb.o
 .debug_ranges  0x000012c0      0x108 ./objects/loramacconfirmqueue.o
 .debug_ranges  0x000013c8       0x40 ./objects/loramaccrypto.o
 .debug_ranges  0x00001408       0xc8 ./objects/region.o
 .debug_ranges  0x000014d0      0x160 ./objects/regioncommon.o
 .debug_ranges  0x00001630      0x1a0 ./objects/regioncn470.o
 .debug_ranges  0x000017d0       0x90 ./objects/classa.o
 .debug_ranges  0x00001860       0x20 ./objects/main.o
 .debug_ranges  0x00001880       0x48 ./objects/tremo_it.o

.debug_line     0x00000000     0xf7c8
 .debug_line    0x00000000     0x10e7 ./objects/printf-stdarg.o
 .debug_line    0x000010e7      0x2b7 ./objects/system_cm4.o
 .debug_line    0x0000139e       0x88 ./objects/startup_cm4.o
 .debug_line    0x00001426      0x2df ./objects/tremo_delay.o
 .debug_line    0x00001705      0x6f1 ./objects/tremo_gpio.o
 .debug_line    0x00001df6      0x435 ./objects/tremo_pwr.o
 .debug_line    0x0000222b     0x11e3 ./objects/tremo_rcc.o
 .debug_line    0x0000340e      0xe3f ./objects/tremo_rtc.o
 .debug_line    0x0000424d      0x752 ./objects/tremo_uart.o
 .debug_line    0x0000499f      0x1b0 ./objects/delay.o
 .debug_line    0x00004b4f      0x7aa ./objects/timer.o
 .debug_line    0x000052f9      0x4fe ./objects/cmac.o
 .debug_line    0x000057f7      0xf6e ./objects/radio.o
 .debug_line    0x00006765      0xeb4 ./objects/sx126x.o
 .debug_line    0x00007619      0x6d3 ./objects/rtc-board.o
 .debug_line    0x00007cec      0x937 ./objects/sx1262-board.o
 .debug_line    0x00008623      0x328 ./objects/utilities.o
 .debug_line    0x0000894b     0x33bf ./objects/loramac.o
 .debug_line    0x0000bd0a      0x3b2 ./objects/loramacclassb.o
 .debug_line    0x0000c0bc      0x687 ./objects/loramacconfirmqueue.o
 .debug_line    0x0000c743      0x5be ./objects/loramaccrypto.o
 .debug_line    0x0000cd01      0x68e ./objects/region.o
 .debug_line    0x0000d38f      0x805 ./objects/regioncommon.o
 .debug_line    0x0000db94      0xe2b ./objects/regioncn470.o
 .debug_line    0x0000e9bf      0x6c9 ./objects/classa.o
 .debug_line    0x0000f088      0x382 ./objects/main.o
 .debug_line    0x0000f40a      0x156 ./objects/tremo_it.o
 .debug_line    0x0000f560      0x268 ../../../../../drivers/crypto/lib/libcrypto.a(aes.o)

.debug_str      0x00000000     0x992a
 .debug_str     0x00000000      0x7c7 ./objects/printf-stdarg.o
                                0x89b (size before relaxing)
 .debug_str     0x000007c7      0x41a ./objects/system_cm4.o
                                0x694 (size before relaxing)
 .debug_str     0x00000be1       0x3b ./objects/startup_cm4.o
                                 0xa9 (size before relaxing)
 .debug_str     0x00000c1c       0xe6 ./objects/tremo_delay.o
                                0x645 (size before relaxing)
 .debug_str     0x00000d02      0x6a9 ./objects/tremo_gpio.o
                                0x92b (size before relaxing)
 .debug_str     0x000013ab       0xf1 ./objects/tremo_pwr.o
                                0x702 (size before relaxing)
 .debug_str     0x0000149c      0xef3 ./objects/tremo_rcc.o
                               0x159c (size before relaxing)
 .debug_str     0x0000238f      0x87a ./objects/tremo_rtc.o
                               0x130a (size before relaxing)
 .debug_str     0x00002c09      0x4d8 ./objects/tremo_uart.o
                                0xfe9 (size before relaxing)
 .debug_str     0x000030e1       0x2b ./objects/delay.o
                                0x287 (size before relaxing)
 .debug_str     0x0000310c      0xa26 ./objects/timer.o
                               0x125b (size before relaxing)
 .debug_str     0x00003b32       0xab ./objects/cmac.o
                                0x6ea (size before relaxing)
 .debug_str     0x00003bdd      0xa13 ./objects/radio.o
                               0x1ab4 (size before relaxing)
 .debug_str     0x000045f0      0x90d ./objects/sx126x.o
                               0x1dad (size before relaxing)
 .debug_str     0x00004efd      0x254 ./objects/rtc-board.o
                               0x13b6 (size before relaxing)
 .debug_str     0x00005151       0xc7 ./objects/sx1262-board.o
                               0x19c8 (size before relaxing)
 .debug_str     0x00005218       0x4b ./objects/utilities.o
                                0x6d1 (size before relaxing)
 .debug_str     0x00005263     0x34e5 ./objects/loramac.o
                               0x4247 (size before relaxing)
 .debug_str     0x00008748       0xf4 ./objects/loramacclassb.o
                               0x21f0 (size before relaxing)
 .debug_str     0x0000883c      0x127 ./objects/loramacconfirmqueue.o
                                0xe1b (size before relaxing)
 .debug_str     0x00008963       0xdd ./objects/loramaccrypto.o
                                0x86c (size before relaxing)
 .debug_str     0x00008a40      0x3cf ./objects/region.o
                               0x1d59 (size before relaxing)
 .debug_str     0x00008e0f      0x3cb ./objects/regioncommon.o
                                0xf3b (size before relaxing)
 .debug_str     0x000091da      0x153 ./objects/regioncn470.o
                               0x1ecd (size before relaxing)
 .debug_str     0x0000932d      0x1bc ./objects/classa.o
                               0x1fe1 (size before relaxing)
 .debug_str     0x000094e9       0x75 ./objects/main.o
                                0xf37 (size before relaxing)
 .debug_str     0x0000955e       0xfc ./objects/tremo_it.o
                                0x2a3 (size before relaxing)
 .debug_str     0x0000965a      0x2d0 ../../../../../drivers/crypto/lib/libcrypto.a(aes.o)
                                0x74e (size before relaxing)

.comment        0x00000000       0xc5
 .comment       0x00000000       0x4c ./objects/printf-stdarg.o
                                 0x4d (size before relaxing)
 .comment       0x0000004c       0x4d ./objects/system_cm4.o
 .comment       0x0000004c       0x4d ./objects/tremo_delay.o
 .comment       0x0000004c       0x4d ./objects/tremo_gpio.o
 .comment       0x0000004c       0x4d ./objects/tremo_pwr.o
 .comment       0x0000004c       0x4d ./objects/tremo_rcc.o
 .comment       0x0000004c       0x4d ./objects/tremo_rtc.o
 .comment       0x0000004c       0x4d ./objects/tremo_uart.o
 .comment       0x0000004c       0x4d ./objects/delay.o
 .comment       0x0000004c       0x4d ./objects/timer.o
 .comment       0x0000004c       0x4d ./objects/cmac.o
 .comment       0x0000004c       0x4d ./objects/radio.o
 .comment       0x0000004c       0x4d ./objects/sx126x.o
 .comment       0x0000004c       0x4d ./objects/rtc-board.o
 .comment       0x0000004c       0x4d ./objects/sx1262-board.o
 .comment       0x0000004c       0x4d ./objects/utilities.o
 .comment       0x0000004c       0x4d ./objects/loramac.o
 .comment       0x0000004c       0x4d ./objects/loramacclassb.o
 .comment       0x0000004c       0x4d ./objects/loramacconfirmqueue.o
 .comment       0x0000004c       0x4d ./objects/loramaccrypto.o
 .comment       0x0000004c       0x4d ./objects/region.o
 .comment       0x0000004c       0x4d ./objects/regioncommon.o
 .comment       0x0000004c       0x4d ./objects/regioncn470.o
 .comment       0x0000004c       0x4d ./objects/classa.o
 .comment       0x0000004c       0x4d ./objects/main.o
 .comment       0x0000004c       0x4d ./objects/tremo_it.o
 .comment       0x0000004c       0x79 ../../../../../drivers/crypto/lib/libcrypto.a(aes.o)
                                 0x7a (size before relaxing)

.debug_frame    0x00000000     0x3150
 .debug_frame   0x00000000      0x2a4 ./objects/printf-stdarg.o
 .debug_frame   0x000002a4       0x3c ./objects/system_cm4.o
 .debug_frame   0x000002e0       0x54 ./objects/tremo_delay.o
 .debug_frame   0x00000334      0x114 ./objects/tremo_gpio.o
 .debug_frame   0x00000448       0xa8 ./objects/tremo_pwr.o
 .debug_frame   0x000004f0      0x2d8 ./objects/tremo_rcc.o
 .debug_frame   0x000007c8      0x318 ./objects/tremo_rtc.o
 .debug_frame   0x00000ae0      0x138 ./objects/tremo_uart.o
 .debug_frame   0x00000c18       0x30 ./objects/delay.o
 .debug_frame   0x00000c48      0x184 ./objects/timer.o
 .debug_frame   0x00000dcc       0x8c ./objects/cmac.o
 .debug_frame   0x00000e58      0x3d8 ./objects/radio.o
 .debug_frame   0x00001230      0x4bc ./objects/sx126x.o
 .debug_frame   0x000016ec      0x15c ./objects/rtc-board.o
 .debug_frame   0x00001848      0x254 ./objects/sx1262-board.o
 .debug_frame   0x00001a9c       0x8c ./objects/utilities.o
 .debug_frame   0x00001b28      0x4dc ./objects/loramac.o
 .debug_frame   0x00002004      0x1f0 ./objects/loramacclassb.o
 .debug_frame   0x000021f4      0x124 ./objects/loramacconfirmqueue.o