Archive member included to satisfy reference by file (symbol)

../../../../../drivers/crypto/lib/libcrypto.a(aes.o)
                              ./objects/cmac.o (aes_init)
d:/program files/gnu arm embedded toolchain/9 2020-q2-update/bin/../lib/gcc/arm-none-eabi/9.3.1/thumb/v7e-m/nofp\libgcc.a(_arm_muldf3.o)
                              ./objects/printf-stdarg.o (__aeabi_dmul)
d:/program files/gnu arm embedded toolchain/9 2020-q2-update/bin/../lib/gcc/arm-none-eabi/9.3.1/thumb/v7e-m/nofp\libgcc.a(_arm_addsubdf3.o)
                              ./objects/printf-stdarg.o (__aeabi_dsub)
d:/program files/gnu arm embedded toolchain/9 2020-q2-update/bin/../lib/gcc/arm-none-eabi/9.3.1/thumb/v7e-m/nofp\libgcc.a(_arm_muldivdf3.o)
                              ./objects/printf-stdarg.o (__aeabi_ddiv)
d:/program files/gnu arm embedded toolchain/9 2020-q2-update/bin/../lib/gcc/arm-none-eabi/9.3.1/thumb/v7e-m/nofp\libgcc.a(_arm_cmpdf2.o)
                              ./objects/printf-stdarg.o (__aeabi_dcmpeq)
d:/program files/gnu arm embedded toolchain/9 2020-q2-update/bin/../lib/gcc/arm-none-eabi/9.3.1/thumb/v7e-m/nofp\libgcc.a(_arm_fixdfsi.o)
                              ./objects/printf-stdarg.o (__aeabi_d2iz)
d:/program files/gnu arm embedded toolchain/9 2020-q2-update/bin/../lib/gcc/arm-none-eabi/9.3.1/thumb/v7e-m/nofp\libgcc.a(_arm_fixunsdfsi.o)
                              ./objects/printf-stdarg.o (__aeabi_d2uiz)
d:/program files/gnu arm embedded toolchain/9 2020-q2-update/bin/../lib/gcc/arm-none-eabi/9.3.1/thumb/v7e-m/nofp\libgcc.a(_aeabi_uldivmod.o)
                              ./objects/printf-stdarg.o (__aeabi_uldivmod)
d:/program files/gnu arm embedded toolchain/9 2020-q2-update/bin/../lib/gcc/arm-none-eabi/9.3.1/thumb/v7e-m/nofp\libgcc.a(_fixunsdfdi.o)
                              ./objects/rtc-board.o (__aeabi_d2ulz)
d:/program files/gnu arm embedded toolchain/9 2020-q2-update/bin/../lib/gcc/arm-none-eabi/9.3.1/thumb/v7e-m/nofp\libgcc.a(_udivmoddi4.o)
                              d:/program files/gnu arm embedded toolchain/9 2020-q2-update/bin/../lib/gcc/arm-none-eabi/9.3.1/thumb/v7e-m/nofp\libgcc.a(_aeabi_uldivmod.o) (__udivmoddi4)
d:/program files/gnu arm embedded toolchain/9 2020-q2-update/bin/../lib/gcc/arm-none-eabi/9.3.1/thumb/v7e-m/nofp\libgcc.a(_dvmd_tls.o)
                              d:/program files/gnu arm embedded toolchain/9 2020-q2-update/bin/../lib/gcc/arm-none-eabi/9.3.1/thumb/v7e-m/nofp\libgcc.a(_aeabi_uldivmod.o) (__aeabi_ldiv0)
d:/program files/gnu arm embedded toolchain/9 2020-q2-update/bin/../lib/gcc/arm-none-eabi/9.3.1/../../../../arm-none-eabi/lib/thumb/v7e-m/nofp\libc.a(lib_a-exit.o)
                              d:/program files/gnu arm embedded toolchain/9 2020-q2-update/bin/../lib/gcc/arm-none-eabi/9.3.1/../../../../arm-none-eabi/lib/thumb/v7e-m/nofp/crt0.o (exit)
d:/program files/gnu arm embedded toolchain/9 2020-q2-update/bin/../lib/gcc/arm-none-eabi/9.3.1/../../../../arm-none-eabi/lib/thumb/v7e-m/nofp\libc.a(lib_a-impure.o)
                              d:/program files/gnu arm embedded toolchain/9 2020-q2-update/bin/../lib/gcc/arm-none-eabi/9.3.1/../../../../arm-none-eabi/lib/thumb/v7e-m/nofp\libc.a(lib_a-exit.o) (_global_impure_ptr)
d:/program files/gnu arm embedded toolchain/9 2020-q2-update/bin/../lib/gcc/arm-none-eabi/9.3.1/../../../../arm-none-eabi/lib/thumb/v7e-m/nofp\libc.a(lib_a-init.o)
                              d:/program files/gnu arm embedded toolchain/9 2020-q2-update/bin/../lib/gcc/arm-none-eabi/9.3.1/../../../../arm-none-eabi/lib/thumb/v7e-m/nofp/crt0.o (__libc_init_array)
d:/program files/gnu arm embedded toolchain/9 2020-q2-update/bin/../lib/gcc/arm-none-eabi/9.3.1/../../../../arm-none-eabi/lib/thumb/v7e-m/nofp\libc.a(lib_a-memcpy.o)
                              ../../../../../drivers/crypto/lib/libcrypto.a(aes.o) (memcpy)
d:/program files/gnu arm embedded toolchain/9 2020-q2-update/bin/../lib/gcc/arm-none-eabi/9.3.1/../../../../arm-none-eabi/lib/thumb/v7e-m/nofp\libc.a(lib_a-memset.o)
                              d:/program files/gnu arm embedded toolchain/9 2020-q2-update/bin/../lib/gcc/arm-none-eabi/9.3.1/../../../../arm-none-eabi/lib/thumb/v7e-m/nofp/crt0.o (memset)
d:/program files/gnu arm embedded toolchain/9 2020-q2-update/bin/../lib/gcc/arm-none-eabi/9.3.1/../../../../arm-none-eabi/lib/thumb/v7e-m/nofp\libc.a(lib_a-__call_atexit.o)
                              d:/program files/gnu arm embedded toolchain/9 2020-q2-update/bin/../lib/gcc/arm-none-eabi/9.3.1/../../../../arm-none-eabi/lib/thumb/v7e-m/nofp\libc.a(lib_a-exit.o) (__call_exitprocs)
d:/program files/gnu arm embedded toolchain/9 2020-q2-update/bin/../lib/gcc/arm-none-eabi/9.3.1/../../../../arm-none-eabi/lib/thumb/v7e-m/nofp\libc.a(lib_a-atexit.o)
                              d:/program files/gnu arm embedded toolchain/9 2020-q2-update/bin/../lib/gcc/arm-none-eabi/9.3.1/../../../../arm-none-eabi/lib/thumb/v7e-m/nofp\libc.a(lib_a-__call_atexit.o) (atexit)
[...]
Memory Configuration

Name             Origin             Length             Attributes
FLASH            0x08000000         0x00020000         xr
RAM              0x20000000         0x00004000         xrw
*default*        0x00000000         0xffffffff

Linker script and memory map

LOAD d:/program files/gnu arm embedded toolchain/9 2020-q2-update/bin/../lib/gcc/arm-none-eabi/9.3.1/thumb/v7e-m/nofp/crti.o
LOAD d:/program files/gnu arm embedded toolchain/9 2020-q2-update/bin/../lib/gcc/arm-none-eabi/9.3.1/thumb/v7e-m/nofp/crtbegin.o
LOAD d:/program files/gnu arm embedded toolchain/9 2020-q2-update/bin/../lib/gcc/arm-none-eabi/9.3.1/../../../../arm-none-eabi/lib/thumb/v7e-m/nofp/crt0.o
LOAD ./objects/printf-stdarg.o
LOAD ./objects/system_cm4.o
LOAD ./objects/startup_cm4.o
LOAD ./objects/tremo_adc.o
LOAD ./objects/tremo_bstimer.o
LOAD ./objects/tremo_crc.o
LOAD ./objects/tremo_dac.o
LOAD ./objects/tremo_delay.o
LOAD ./objects/tremo_dma.o
LOAD ./objects/tremo_flash.o
LOAD ./objects/tremo_gpio.o
LOAD ./objects/tremo_i2c.o
LOAD ./objects/tremo_i2s.o
LOAD ./objects/tremo_iwdg.o
LOAD ./objects/tremo_lcd.o
LOAD ./objects/tremo_lptimer.o
LOAD ./objects/tremo_lpuart.o
LOAD ./objects/tremo_pwr.o
LOAD ./objects/tremo_rcc.o
LOAD ./objects/tremo_rtc.o
LOAD ./objects/tremo_spi.o
LOAD ./objects/tremo_system.o
LOAD ./objects/tremo_timer.o
LOAD ./objects/tremo_uart.o
LOAD ./objects/tremo_wdg.o
LOAD ./objects/delay.o
LOAD ./objects/timer.o
LOAD ./objects/cmac.o
LOAD ./objects/radio.o
LOAD ./objects/sx126x.o
LOAD ./objects/rtc-board.o
LOAD ./objects/sx1262-board.o
LOAD ./objects/utilities.o
LOAD ./objects/loramac.o
LOAD ./objects/loramacclassb.o
LOAD ./objects/loramacconfirmqueue.o
LOAD ./objects/loramaccrypto.o
LOAD ./objects/region.o
LOAD ./objects/regioncommon.o
LOAD ./objects/regioncn470.o
LOAD ./objects/classc.o
LOAD ./objects/main.o
LOAD ./objects/tremo_it.o
LOAD ../../../../../drivers/crypto/lib/libcrypto.a
START GROUP
LOAD d:/program files/gnu arm embedded toolchain/9 2020-q2-update/bin/../lib/gcc/arm-none-eabi/9.3.1/thumb/v7e-m/nofp\libgcc.a
LOAD d:/program files/gnu arm embedded toolchain/9 2020-q2-update/bin/../lib/gcc/arm-none-eabi/9.3.1/../../../../arm-none-eabi/lib/thumb/v7e-m/nofp\libc.a
END GROUP
LOAD d:/program files/gnu arm embedded toolchain/9 2020-q2-update/bin/../lib/gcc/arm-none-eabi/9.3.1/thumb/v7e-m/nofp/crtend.o
LOAD d:/program files/gnu arm embedded toolchain/9 2020-q2-update/bin/../lib/gcc/arm-none-eabi/9.3.1/thumb/v7e-m/nofp/crtn.o
                0x20004000                _estack = 0x20004000
                0x00000000                _HEAP_SIZE = 0x0
                0x00001000                _STACK_SIZE = 0x1000

.isr_vector     0x08000000       0xd4
                0x08000000                . = ALIGN (0x4)
 *(.isr_vector)
 .isr_vector    0x08000000       0xd4 ./objects/startup_cm4.o
                0x08000000                g_pfnVectors
                0x080000d4                . = ALIGN (0x4)

.text           0x080000d8     0x8d54
                0x080000d8                . = ALIGN (0x4)
 *(.text)
 .text          0x080000d8       0x40 d:/program files/gnu arm embedded toolchain/9 2020-q2-update/bin/../lib/gcc/arm-none-eabi/9.3.1/thumb/v7e-m/nofp/crtbegin.o
 .text          0x08000118      0x1ec ../../../../../drivers/crypto/lib/libcrypto.a(aes.o)
                0x08000118                aes_init
                0x08000228                aes_crypto
                0x080002cc                aes_close
 .text          0x08000304      0x378 d:/program files/gnu arm embedded toolchain/9 2020-q2-update/bin/../lib/gcc/arm-none-eabi/9.3.1/thumb/v7e-m/nofp\libgcc.a(_arm_addsubdf3.o)
                0x08000304                __aeabi_drsub
                0x0800030c                __aeabi_dsub
                0x0800030c                __subdf3
                0x08000310                __aeabi_dadd
                0x08000310                __adddf3
                0x08000588                __floatunsidf
                0x08000588                __aeabi_ui2d
                0x080005a8                __floatsidf
                0x080005a8                __aeabi_i2d
                0x080005cc                __aeabi_f2d
                0x080005cc                __extendsfdf2
                0x08000610                __floatundidf
                0x08000610                __aeabi_ul2d
                0x08000620                __floatdidf
                0x08000620                __aeabi_l2d
 .text          0x0800067c      0x424 d:/program files/gnu arm embedded toolchain/9 2020-q2-update/bin/../lib/gcc/arm-none-eabi/9.3.1/thumb/v7e-m/nofp\libgcc.a(_arm_muldivdf3.o)
                0x0800067c                __aeabi_dmul
                0x0800067c                __muldf3
                0x080008d0                __divdf3
                0x080008d0                __aeabi_ddiv
 .text          0x08000aa0      0x110 d:/program files/gnu arm embedded toolchain/9 2020-q2-update/bin/../lib/gcc/arm-none-eabi/9.3.1/thumb/v7e-m/nofp\libgcc.a(_arm_cmpdf2.o)
                0x08000aa0                __gtdf2
                0x08000aa0                __gedf2
                0x08000aa8                __ltdf2
                0x08000aa8                __ledf2
                0x08000ab0                __nedf2
                0x08000ab0                __eqdf2
                0x08000ab0                __cmpdf2
                0x08000b2c                __aeabi_cdrcmple
                0x08000b3c                __aeabi_cdcmpeq
                0x08000b3c                __aeabi_cdcmple
                0x08000b4c                __aeabi_dcmpeq
                0x08000b60                __aeabi_dcmplt
                0x08000b74                __aeabi_dcmple
                0x08000b88                __aeabi_dcmpge
                0x08000b9c                __aeabi_dcmpgt
 .text          0x08000bb0       0x50 d:/program files/gnu arm embedded toolchain/9 2020-q2-update/bin/../lib/gcc/arm-none-eabi/9.3.1/thumb/v7e-m/nofp\libgcc.a(_arm_fixdfsi.o)
                0x08000bb0                __aeabi_d2iz
                0x08000bb0                __fixdfsi
 .text          0x08000c00       0x40 d:/program files/gnu arm embedded toolchain/9 2020-q2-update/bin/../lib/gcc/arm-none-eabi/9.3.1/thumb/v7e-m/nofp\libgcc.a(_arm_fixunsdfsi.o)
                0x08000c00                __aeabi_d2uiz
                0x08000c00                __fixunsdfsi
 .text          0x08000c40       0x30 d:/program files/gnu arm embedded toolchain/9 2020-q2-update/bin/../lib/gcc/arm-none-eabi/9.3.1/thumb/v7e-m/nofp\libgcc.a(_aeabi_uldivmod.o)
                0x08000c40                __aeabi_uldivmod
 .text          0x08000c70       0x3c d:/program files/gnu arm embedded toolchain/9 2020-q2-update/bin/../lib/gcc/arm-none-eabi/9.3.1/thumb/v7e-m/nofp\libgcc.a(_fixunsdfdi.o)
                0x08000c70                __fixunsdfdi
                0x08000c70                __aeabi_d2ulz
 .text          0x08000cac      0x2c0 d:/program files/gnu arm embedded toolchain/9 2020-q2-update/bin/../lib/gcc/arm-none-eabi/9.3.1/thumb/v7e-m/nofp\libgcc.a(_udivmoddi4.o)
                0x08000cac                __udivmoddi4
 .text          0x08000f6c        0x4 d:/program files/gnu arm embedded toolchain/9 2020-q2-update/bin/../lib/gcc/arm-none-eabi/9.3.1/thumb/v7e-m/nofp\libgcc.a(_dvmd_tls.o)
                0x08000f6c                __aeabi_idiv0
                0x08000f6c                __aeabi_ldiv0
 .text          0x08000f70      0x134 d:/program files/gnu arm embedded toolchain/9 2020-q2-update/bin/../lib/gcc/arm-none-eabi/9.3.1/../../../../arm-none-eabi/lib/thumb/v7e-m/nofp\libc.a(lib_a-memcpy.o)
                0x08000f70                memcpy
 *(.text*)
 .text._out_null
                0x080010a4        0x2 ./objects/printf-stdarg.o
 .text._out_rev
                0x080010a6       0x96 ./objects/printf-stdarg.o
 .text._ntoa_format
                0x0800113c      0x10a ./objects/printf-stdarg.o
 .text._ntoa_long
                0x08001246       0x82 ./objects/printf-stdarg.o
 .text._ntoa_long_long
                0x080012c8       0xa6 ./objects/printf-stdarg.o
 *fill*         0x0800136e        0x2 
 .text._out_char
                0x08001370       0x10 ./objects/printf-stdarg.o
 .text._ftoa    0x08001380      0x32c ./objects/printf-stdarg.o
 *fill*         0x080016ac        0x4 
 .text._etoa    0x080016b0      0x3b8 ./objects/printf-stdarg.o
 .text._vsnprintf
                0x08001a68      0x550 ./objects/printf-stdarg.o
 .text.__wrap_printf
                0x08001fb8       0x28 ./objects/printf-stdarg.o
                0x08001fb8                __wrap_printf
 .text.nvic_init
                0x08001fe0       0x24 ./objects/system_cm4.o
                0x08001fe0                nvic_init
 .text.system_init
                0x08002004       0x44 ./objects/system_cm4.o
                0x08002004                system_init
 .text.Reset_Handler
                0x08002048       0x48 ./objects/startup_cm4.o
                0x08002048                Reset_Handler
 .text.Default_Handler
                0x08002090        0x2 ./objects/startup_cm4.o
                0x08002090                GPIO_IRQHandler
                0x08002090                SCC_IRQHandler
                0x08002090                TIMER2_IRQHandler
                0x08002090                EFC_IRQHandler
                0x08002090                I2C0_IRQHandler
                0x08002090                SAC_IRQHandler
                0x08002090                I2C1_IRQHandler
                0x08002090                UART1_IRQHandler
                0x08002090                BSTIMER0_IRQHandler
                0x08002090                TIMER3_IRQHandler
                0x08002090                UART0_IRQHandler
                0x08002090                SEC_IRQHandler
                0x08002090                WDG_IRQHandler
                0x08002090                LPTIMER1_IRQHandler
                0x08002090                LPTIMER0_IRQHandler
                0x08002090                SSP0_IRQHandler
                0x08002090                I2S_IRQHandler
                0x08002090                I2C2_IRQHandler
                0x08002090                TIMER0_IRQHandler
                0x08002090                LCD_IRQHandler
                0x08002090                LPUART_IRQHandler
                0x08002090                TIMER1_IRQHandler
                0x08002090                UART2_IRQHandler
                0x08002090                Default_Handler
                0x08002090                ADC_IRQHandler
                0x08002090                SSP1_IRQHandler
                0x08002090                DMA0_IRQHandler
                0x08002090                IWDG_IRQHandler
                0x08002090                SSP2_IRQHandler
                0x08002090                BSTIMER1_IRQHandler
                0x08002090                DAC_IRQHandler
                0x08002090                AFEC_IRQHandler
                0x08002090                UART3_IRQHandler
                0x08002090                QSPI_IRQHandler
                0x08002090                DMA1_IRQHandler
 *fill*         0x08002092        0x2 
 .text.delay_init
                0x08002094       0x48 ./objects/tremo_delay.o
                0x08002094                delay_init
 .text.delay_us
                0x080020dc       0x30 ./objects/tremo_delay.o
                0x080020dc                delay_us
 .text.delay_ms
                0x0800210c        0xa ./objects/tremo_delay.o
                0x0800210c                delay_ms
 *fill*         0x08002116        0x2 
 .text.gpio_init
                0x08002118      0x124 ./objects/tremo_gpio.o
                0x08002118                gpio_init
 .text.gpio_set_iomux
                0x0800223c       0x40 ./objects/tremo_gpio.o
                0x0800223c                gpio_set_iomux
 .text.pwr_xo32k_lpm_cmd
                0x0800227c       0x18 ./objects/tremo_pwr.o
                0x0800227c                pwr_xo32k_lpm_cmd
 .text.rcc_get_clk_freq
                0x08002294       0x9c ./objects/tremo_rcc.o
                0x08002294                rcc_get_clk_freq
 .text.rcc_get_uart0_clk_source
                0x08002330        0xc ./objects/tremo_rcc.o
                0x08002330                rcc_get_uart0_clk_source
 .text.rcc_get_uart1_clk_source
                0x0800233c        0xc ./objects/tremo_rcc.o
                0x0800233c                rcc_get_uart1_clk_source
 .text.rcc_get_uart2_clk_source
                0x08002348        0xc ./objects/tremo_rcc.o
                0x08002348                rcc_get_uart2_clk_source
 .text.rcc_get_uart3_clk_source
                0x08002354        0xc ./objects/tremo_rcc.o
                0x08002354                rcc_get_uart3_clk_source
 .text.rcc_get_rtc_clk_source
                0x08002360        0xc ./objects/tremo_rcc.o
                0x08002360                rcc_get_rtc_clk_source
 .text.rcc_enable_peripheral_clk
                0x0800236c      0x4b4 ./objects/tremo_rcc.o
                0x0800236c                rcc_enable_peripheral_clk
 .text.rcc_enable_oscillator
                0x08002820       0xfc ./objects/tremo_rcc.o
                0x08002820                rcc_enable_oscillator
 .text.rcc_rst_peripheral
                0x0800291c       0x4a ./objects/tremo_rcc.o
                0x0800291c                rcc_rst_peripheral
 .text.rtc_deinit
                0x08002966       0x1e ./objects/tremo_rtc.o
                0x08002966                rtc_deinit
 .text.rtc_check_syn
                0x08002984       0x14 ./objects/tremo_rtc.o
                0x08002984                rtc_check_syn
 .text.rtc_calendar_cmd
                0x08002998       0x20 ./objects/tremo_rtc.o
                0x08002998                rtc_calendar_cmd
 .text.rtc_cyc_cmd
                0x080029b8       0x20 ./objects/tremo_rtc.o
                0x080029b8                rtc_cyc_cmd
 .text.rtc_config_cyc_wakeup
                0x080029d8       0x24 ./objects/tremo_rtc.o
                0x080029d8                rtc_config_cyc_wakeup
 .text.rtc_get_calendar
                0x080029fc       0xdc ./objects/tremo_rtc.o
                0x080029fc                rtc_get_calendar
 .text.rtc_set_status
                0x08002ad8       0x30 ./objects/tremo_rtc.o
                0x08002ad8                rtc_set_status
 .text.rtc_get_status
                0x08002b08       0x38 ./objects/tremo_rtc.o
                0x08002b08                rtc_get_status
 .text.rtc_config_interrupt
                0x08002b40       0x38 ./objects/tremo_rtc.o
                0x08002b40                rtc_config_interrupt
 .text.rtc_config_cyc_max
                0x08002b78       0x14 ./objects/tremo_rtc.o
                0x08002b78                rtc_config_cyc_max
 .text.uart_send_data
                0x08002b8c        0xa ./objects/tremo_uart.o
                0x08002b8c                uart_send_data
 .text.uart_config_init
                0x08002b96       0x16 ./objects/tremo_uart.o
                0x08002b96                uart_config_init
 .text.uart_cmd
                0x08002bac       0x12 ./objects/tremo_uart.o
                0x08002bac                uart_cmd
 *fill*         0x08002bbe        0x2 
 .text.uart_init
                0x08002bc0      0x140 ./objects/tremo_uart.o
                0x08002bc0                uart_init
 .text.DelayMs  0x08002d00        0x4 ./objects/delay.o
                0x08002d00                DelayMs
 .text.TimeStampsUpdate
                0x08002d04       0x2c ./objects/timer.o
 .text.TimerInsertNewHeadTimer
                0x08002d30       0x1c ./objects/timer.o
 .text.TimerSetSysTime
                0x08002d4c       0x30 ./objects/timer.o
                0x08002d4c                TimerSetSysTime
 .text.TimerInit
                0x08002d7c        0xe ./objects/timer.o
                0x08002d7c                TimerInit
 *fill*         0x08002d8a        0x2 
 .text.TimerStart
                0x08002d8c       0x78 ./objects/timer.o
                0x08002d8c                TimerStart
 .text.TimerIrqHandler
                0x08002e04       0x68 ./objects/timer.o
                0x08002e04                TimerIrqHandler
 .text.TimerStop
                0x08002e6c       0x60 ./objects/timer.o
                0x08002e6c                TimerStop
 .text.TimerSetValue
                0x08002ecc       0x10 ./objects/timer.o
                0x08002ecc                TimerSetValue
 .text.TimerGetCurrentTime
                0x08002edc       0x18 ./objects/timer.o
                0x08002edc                TimerGetCurrentTime
 .text.TimerGetSysTime
                0x08002ef4       0x2c ./objects/timer.o
                0x08002ef4                TimerGetSysTime
 .text.TimerGetElapsedTime
                0x08002f20       0x12 ./objects/timer.o
                0x08002f20                TimerGetElapsedTime
 .text.AES_CMAC_Init
                0x08002f32       0x14 ./objects/cmac.o
                0x08002f32                AES_CMAC_Init
 .text.AES_CMAC_SetKey
                0x08002f46        0xc ./objects/cmac.o
                0x08002f46                AES_CMAC_SetKey
 .text.AES_CMAC_Update
                0x08002f52       0xb0 ./objects/cmac.o
                0x08002f52                AES_CMAC_Update
 .text.AES_CMAC_Final
                0x08003002      0x15e ./objects/cmac.o
                0x08003002                AES_CMAC_Final
 .text.RadioCheckRfFrequency
                0x08003160        0x4 ./objects/radio.o
                0x08003160                RadioCheckRfFrequency
 .text.RadioOnTxTimeoutIrq
                0x08003164       0x14 ./objects/radio.o
                0x08003164                RadioOnTxTimeoutIrq
 .text.RadioOnRxTimeoutIrq
                0x08003178       0x14 ./objects/radio.o
                0x08003178                RadioOnRxTimeoutIrq
 .text.RadioStandby
                0x0800318c        0x6 ./objects/radio.o
                0x0800318c                RadioStandby
 *fill*         0x08003192        0x2 
 .text.RadioInit
                0x08003194       0x6c ./objects/radio.o
                0x08003194                RadioInit
 .text.RadioGetStatus
                0x08003200       0x18 ./objects/radio.o
                0x08003200                RadioGetStatus
 .text.RadioSetChannel
                0x08003218        0x4 ./objects/radio.o
                0x08003218                RadioSetChannel
 .text.RadioRssi
                0x0800321c        0xa ./objects/radio.o
                0x0800321c                RadioRssi
 .text.RadioRead
                0x08003226        0x4 ./objects/radio.o
                0x08003226                RadioRead
 .text.RadioWrite
                0x0800322a        0x4 ./objects/radio.o
                0x0800322a                RadioWrite
 *fill*         0x0800322e        0x2 
 .text.RadioSend
                0x08003230       0x54 ./objects/radio.o
                0x08003230                RadioSend
 .text.RadioSleep
                0x08003284       0x14 ./objects/radio.o
                0x08003284                RadioSleep
 .text.RadioSetRxDutyCycle
                0x08003298        0x4 ./objects/radio.o
                0x08003298                RadioSetRxDutyCycle
 .text.RadioStartCad
                0x0800329c       0x6c ./objects/radio.o
                0x0800329c                RadioStartCad
 .text.RadioSetTxContinuousWave
                0x08003308       0x4c ./objects/radio.o
                0x08003308                RadioSetTxContinuousWave
 .text.RadioWriteBuffer
                0x08003354        0x4 ./objects/radio.o
                0x08003354                RadioWriteBuffer
 .text.RadioReadBuffer
                0x08003358        0x4 ./objects/radio.o
                0x08003358                RadioReadBuffer
 .text.RadioGetWakeupTime
                0x0800335c        0xa ./objects/radio.o
                0x0800335c                RadioGetWakeupTime
 *fill*         0x08003366        0x2 
 .text.RadioOnCadTimeoutIrq
                0x08003368       0x20 ./objects/radio.o
                0x08003368                RadioOnCadTimeoutIrq
 .text.RadioGetFskBandwidthRegValue
                0x08003388       0x34 ./objects/radio.o
 .text.RadioSetMaxPayloadLength
                0x080033bc       0x28 ./objects/radio.o
                0x080033bc                RadioSetMaxPayloadLength
 .text.RadioRx  0x080033e4       0x44 ./objects/radio.o
                0x080033e4                RadioRx
 .text.RadioRxBoosted
                0x08003428       0x40 ./objects/radio.o
                0x08003428                RadioRxBoosted
 .text.RadioIrqProcess
                0x08003468      0x160 ./objects/radio.o
                0x08003468                RadioIrqProcess
 .text.RadioSetPublicNetwork
                0x080035c8       0x3c ./objects/radio.o
                0x080035c8                RadioSetPublicNetwork
 .text.RadioSetModem.part.0
                0x08003604       0x24 ./objects/radio.o
 .text.RadioSetModem
                0x08003628       0x20 ./objects/radio.o
                0x08003628                RadioSetModem
 .text.RadioIsChannelFree
                0x08003648       0x4e ./objects/radio.o
                0x08003648                RadioIsChannelFree
 .text.RadioRandom
                0x08003696       0x3c ./objects/radio.o
                0x08003696                RadioRandom
 *fill*         0x080036d2        0x2 
 .text.RadioSymbTime
                0x080036d4       0x2c ./objects/radio.o
                0x080036d4                RadioSymbTime
 .text.RadioSetRxConfig
                0x08003700      0x21c ./objects/radio.o
                0x08003700                RadioSetRxConfig
 *fill*         0x0800391c        0x4 
 .text.RadioSetTxConfig
                0x08003920      0x198 ./objects/radio.o
                0x08003920                RadioSetTxConfig
 .text.RadioTimeOnAir
                0x08003ab8      0x190 ./objects/radio.o
                0x08003ab8                RadioTimeOnAir
 .text.RadioOnDioIrq
                0x08003c48       0x24 ./objects/radio.o
                0x08003c48                RadioOnDioIrq
 .text.SX126xGetOperatingMode
                0x08003c6c        0xc ./objects/sx126x.o
                0x08003c6c                SX126xGetOperatingMode
 .text.SX126xSetOperatingMode
                0x08003c78        0xc ./objects/sx126x.o
                0x08003c78                SX126xSetOperatingMode
 .text.SX126xCheckDeviceReady
                0x08003c84       0x24 ./objects/sx126x.o
                0x08003c84                SX126xCheckDeviceReady
 .text.SX126xSetPayload
                0x08003ca8        0xa ./objects/sx126x.o
                0x08003ca8                SX126xSetPayload
 .text.SX126xSetSyncWord
                0x08003cb2       0x12 ./objects/sx126x.o
                0x08003cb2                SX126xSetSyncWord
 .text.SX126xSetCrcSeed
                0x08003cc4       0x24 ./objects/sx126x.o
                0x08003cc4                SX126xSetCrcSeed
 .text.SX126xSetCrcPolynomial
                0x08003ce8       0x24 ./objects/sx126x.o
                0x08003ce8                SX126xSetCrcPolynomial
 .text.SX126xSetWhiteningSeed
                0x08003d0c       0x38 ./objects/sx126x.o
                0x08003d0c                SX126xSetWhiteningSeed
 .text.SX126xSetSleep
                0x08003d44       0x24 ./objects/sx126x.o
                0x08003d44                SX126xSetSleep
 .text.SX126xSetStandby
                0x08003d68       0x2c ./objects/sx126x.o
                0x08003d68                SX126xSetStandby
 .text.SX126xSetTx
                0x08003d94       0x2c ./objects/sx126x.o
                0x08003d94                SX126xSetTx
 .text.SX126xSendPayload
                0x08003dc0       0x12 ./objects/sx126x.o
                0x08003dc0                SX126xSendPayload
 *fill*         0x08003dd2        0x2 
 .text.SX126xSetRx
                0x08003dd4       0x2c ./objects/sx126x.o
                0x08003dd4                SX126xSetRx
 .text.SX126xSetRxBoosted
                0x08003e00       0x38 ./objects/sx126x.o
                0x08003e00                SX126xSetRxBoosted
 .text.SX126xSetRxDutyCycle
                0x08003e38       0x38 ./objects/sx126x.o
                0x08003e38                SX126xSetRxDutyCycle
 .text.SX126xSetCad
                0x08003e70       0x18 ./objects/sx126x.o
                0x08003e70                SX126xSetCad
 .text.SX126xSetTxContinuousWave
                0x08003e88        0xa ./objects/sx126x.o
                0x08003e88                SX126xSetTxContinuousWave
 .text.SX126xSetStopRxTimerOnPreambleDetect
                0x08003e92       0x18 ./objects/sx126x.o
                0x08003e92                SX126xSetStopRxTimerOnPreambleDetect
 .text.SX126xSetLoRaSymbNumTimeout
                0x08003eaa       0x18 ./objects/sx126x.o
                0x08003eaa                SX126xSetLoRaSymbNumTimeout
 .text.SX126xSetRegulatorMode
                0x08003ec2       0x18 ./objects/sx126x.o
                0x08003ec2                SX126xSetRegulatorMode
 *fill*         0x08003eda        0x2 
 .text.SX126xCalibrateImage
                0x08003edc       0x64 ./objects/sx126x.o
                0x08003edc                SX126xCalibrateImage
 .text.SX126xSetPaConfig
                0x08003f40       0x24 ./objects/sx126x.o
                0x08003f40                SX126xSetPaConfig
 .text.SX126xSetDioIrqParams
                0x08003f64       0x2a ./objects/sx126x.o
                0x08003f64                SX126xSetDioIrqParams
 .text.SX126xGetIrqStatus
                0x08003f8e       0x1e ./objects/sx126x.o
                0x08003f8e                SX126xGetIrqStatus
 .text.SX126xSetDio2AsRfSwitchCtrl
                0x08003fac       0x18 ./objects/sx126x.o
                0x08003fac                SX126xSetDio2AsRfSwitchCtrl
 .text.SX126xInit
                0x08003fc4       0x28 ./objects/sx126x.o
                0x08003fc4                SX126xInit
 *fill*         0x08003fec        0x4 
 .text.SX126xSetRfFrequency
                0x08003ff0       0x4c ./objects/sx126x.o
                0x08003ff0                SX126xSetRfFrequency
 .text.SX126xSetPacketType
                0x0800403c       0x20 ./objects/sx126x.o
                0x0800403c                SX126xSetPacketType
 .text.SX126xGetPacketType
                0x0800405c        0xc ./objects/sx126x.o
                0x0800405c                SX126xGetPacketType
 .text.SX126xSetTxParams
                0x08004068       0xbc ./objects/sx126x.o
                0x08004068                SX126xSetTxParams
 *fill*         0x08004124        0x4 
 .text.SX126xSetModulationParams
                0x08004128       0xb4 ./objects/sx126x.o
                0x08004128                SX126xSetModulationParams
 .text.SX126xSetPacketParams
                0x080041dc       0xac ./objects/sx126x.o
                0x080041dc                SX126xSetPacketParams
 .text.SX126xSetCadParams
                0x08004288       0x3c ./objects/sx126x.o
                0x08004288                SX126xSetCadParams
 .text.SX126xSetBufferBaseAddress
                0x080042c4       0x1a ./objects/sx126x.o
                0x080042c4                SX126xSetBufferBaseAddress
 .text.SX126xGetRssiInst
                0x080042de       0x1a ./objects/sx126x.o
                0x080042de                SX126xGetRssiInst
 .text.SX126xGetRxBufferStatus
                0x080042f8       0x48 ./objects/sx126x.o
                0x080042f8                SX126xGetRxBufferStatus
 .text.SX126xGetPayload
                0x08004340       0x32 ./objects/sx126x.o
                0x08004340                SX126xGetPayload
 *fill*         0x08004372        0x2 
 .text.SX126xGetPacketStatus
                0x08004374       0x80 ./objects/sx126x.o
                0x08004374                SX126xGetPacketStatus
 .text.SX126xClearIrqStatus
                0x080043f4       0x18 ./objects/sx126x.o
                0x080043f4                SX126xClearIrqStatus
 .text.RtcInit  0x0800440c       0x30 ./objects/rtc-board.o
                0x0800440c                RtcInit
 .text.RtcSetTimeout
                0x0800443c       0x8c ./objects/rtc-board.o
                0x0800443c                RtcSetTimeout
 .text.RtcStopTimeout
                0x080044c8       0x14 ./objects/rtc-board.o
                0x080044c8                RtcStopTimeout
 .text.RtcGetTimerContext
                0x080044dc        0xc ./objects/rtc-board.o
                0x080044dc                RtcGetTimerContext
 .text.RtcGetTimerValue
                0x080044e8      0x120 ./objects/rtc-board.o
                0x080044e8                RtcGetTimerValue
 .text.RtcSetTimerContext
                0x08004608       0x18 ./objects/rtc-board.o
                0x08004608                RtcSetTimerContext
 .text.RtcGetElapsedTime
                0x08004620       0x18 ./objects/rtc-board.o
                0x08004620                RtcGetElapsedTime
 .text.RtcOnIrq
                0x08004638       0x32 ./objects/rtc-board.o
                0x08004638                RtcOnIrq
 .text.BoardDisableIrq
                0x0800466a        0x4 ./objects/sx1262-board.o
                0x0800466a                BoardDisableIrq
 .text.BoardEnableIrq
                0x0800466e        0x4 ./objects/sx1262-board.o
                0x0800466e                BoardEnableIrq
 *fill*         0x08004672        0x2 
 .text.SpiInOut
                0x08004674       0x18 ./objects/sx1262-board.o
                0x08004674                SpiInOut
 .text.SX126xLoracInit
                0x0800468c       0x5c ./objects/sx1262-board.o
                0x0800468c                SX126xLoracInit
 .text.SX126xGetBoardTcxoWakeupTime
                0x080046e8        0x4 ./objects/sx1262-board.o
                0x080046e8                SX126xGetBoardTcxoWakeupTime
 .text.SX126xReset
                0x080046ec       0x40 ./objects/sx1262-board.o
                0x080046ec                SX126xReset
 .text.SX126xWaitOnBusy
                0x0800472c       0x18 ./objects/sx1262-board.o
                0x0800472c                SX126xWaitOnBusy
 .text.SX126xWakeup
                0x08004744       0x30 ./objects/sx1262-board.o
                0x08004744                SX126xWakeup
 .text.SX126xWriteCommand
                0x08004774       0x44 ./objects/sx1262-board.o
                0x08004774                SX126xWriteCommand
 .text.SX126xReadCommand
                0x080047b8       0x48 ./objects/sx1262-board.o
                0x080047b8                SX126xReadCommand
 .text.SX126xWriteRegisters
                0x08004800       0x48 ./objects/sx1262-board.o
                0x08004800                SX126xWriteRegisters
 .text.SX126xWriteRegister
                0x08004848       0x16 ./objects/sx1262-board.o
                0x08004848                SX126xWriteRegister
 *fill*         0x0800485e        0x2 
 .text.SX126xReadRegisters
                0x08004860       0x50 ./objects/sx1262-board.o
                0x08004860                SX126xReadRegisters
 .text.SX126xReadRegister
                0x080048b0       0x16 ./objects/sx1262-board.o
                0x080048b0                SX126xReadRegister
 *fill*         0x080048c6        0x2 
 .text.SX126xWriteBuffer
                0x080048c8       0x48 ./objects/sx1262-board.o
                0x080048c8                SX126xWriteBuffer
 .text.SX126xReadBuffer
                0x08004910       0x50 ./objects/sx1262-board.o
                0x08004910                SX126xReadBuffer
 .text.SX126xSetRfTxPower
                0x08004960        0x6 ./objects/sx1262-board.o
                0x08004960                SX126xSetRfTxPower
 .text.SX126xGetPaSelect
                0x08004966        0x4 ./objects/sx1262-board.o
                0x08004966                SX126xGetPaSelect
 *fill*         0x0800496a        0x2 
 .text.SX126xAntSwOn
                0x0800496c       0x10 ./objects/sx1262-board.o
                0x0800496c                SX126xAntSwOn
 .text.SX126xAntSwOff
                0x0800497c       0x10 ./objects/sx1262-board.o
                0x0800497c                SX126xAntSwOff
 .text.rand1    0x0800498c       0x28 ./objects/utilities.o
                0x0800498c                rand1
 .text.srand1   0x080049b4        0xc ./objects/utilities.o
                0x080049b4                srand1
 .text.randr    0x080049c0       0x1a ./objects/utilities.o
                0x080049c0                randr
 .text.memcpy1  0x080049da       0x14 ./objects/utilities.o
                0x080049da                memcpy1
 .text.memcpyr  0x080049ee       0x14 ./objects/utilities.o
                0x080049ee                memcpyr
 .text.memset1  0x08004a02        0xe ./objects/utilities.o
                0x08004a02                memset1
 .text.SetMlmeScheduleUplinkIndication
                0x08004a10       0x1c ./objects/loramac.o
 .text.AddMacCommand
                0x08004a2c      0x17c ./objects/loramac.o
 .text.ResetMacParameters
                0x08004ba8       0x8c ./objects/loramac.o
 .text.ValidatePayloadLength
                0x08004c34       0x5c ./objects/loramac.o
 .text.OnAckTimeoutTimerEvent
                0x08004c90       0x44 ./objects/loramac.o
 .text.PrepareRxDoneAbort
                0x08004cd4       0x5c ./objects/loramac.o
 .text.ProcessMacCommands
                0x08004d30      0x478 ./objects/loramac.o
 .text.OnRadioRxDone
                0x080051a8      0x5a8 ./objects/loramac.o
 .text.RxWindowSetup
                0x08005750       0x14 ./objects/loramac.o
 .text.OnRxWindow1TimerEvent
                0x08005764       0x74 ./objects/loramac.o
 .text.OnRxWindow2TimerEvent
                0x080057d8       0x74 ./objects/loramac.o
 .text.OpenContinuousRx2Window
                0x0800584c       0x14 ./objects/loramac.o
 .text.OnRadioRxTimeout
                0x08005860       0xe0 ./objects/loramac.o
 .text.OnRadioTxTimeout
                0x08005940       0x3c ./objects/loramac.o
 .text.OnRadioRxError
                0x0800597c       0xe0 ./objects/loramac.o
 .text.OnRadioTxDone
                0x08005a5c      0x128 ./objects/loramac.o
 .text.PrepareFrame
                0x08005b84      0x38c ./objects/loramac.o
                0x08005b84                PrepareFrame
 .text.SendFrameOnChannel
                0x08005f10      0x114 ./objects/loramac.o
                0x08005f10                SendFrameOnChannel
 .text.ScheduleTx
                0x08006024      0x1a4 ./objects/loramac.o
 .text.Send     0x080061c8       0x44 ./objects/loramac.o
                0x080061c8                Send
 .text.OnTxDelayedTimerEvent
                0x0800620c       0x7c ./objects/loramac.o
 .text.OnMacStateCheckTimerEvent
                0x08006288      0x32c ./objects/loramac.o
 .text.SetTxContinuousWave
                0x080065b4       0x60 ./objects/loramac.o
                0x080065b4                SetTxContinuousWave
 .text.SetTxContinuousWave1
                0x08006614       0x40 ./objects/loramac.o
                0x08006614                SetTxContinuousWave1
 .text.LoRaMacInitialization
                0x08006654      0x2f4 ./objects/loramac.o
                0x08006654                LoRaMacInitialization
 .text.LoRaMacQueryTxPossible
                0x08006948       0xdc ./objects/loramac.o
                0x08006948                LoRaMacQueryTxPossible
 .text.LoRaMacMibGetRequestConfirm
                0x08006a24      0x150 ./objects/loramac.o
                0x08006a24                LoRaMacMibGetRequestConfirm
 .text.LoRaMacMulticastChannelLink
                0x08006b74       0x40 ./objects/loramac.o
                0x08006b74                LoRaMacMulticastChannelLink
 .text.LoRaMacMulticastChannelUnlink
                0x08006bb4       0x44 ./objects/loramac.o
                0x08006bb4                LoRaMacMulticastChannelUnlink
 .text.LoRaMacMibSetRequestConfirm
                0x08006bf8      0x350 ./objects/loramac.o
                0x08006bf8                LoRaMacMibSetRequestConfirm
 .text.LoRaMacMlmeRequest
                0x08006f48      0x218 ./objects/loramac.o
                0x08006f48                LoRaMacMlmeRequest
 .text.LoRaMacMcpsRequest
                0x08007160      0x130 ./objects/loramac.o
                0x08007160                LoRaMacMcpsRequest
 .text.LoRaMacClassBInit
                0x08007290        0x2 ./objects/loramacclassb.o
                0x08007290                LoRaMacClassBInit
 .text.LoRaMacClassBSetBeaconState
                0x08007292        0x2 ./objects/loramacclassb.o
                0x08007292                LoRaMacClassBSetBeaconState
 .text.LoRaMacClassBSetPingSlotState
                0x08007294        0x2 ./objects/loramacclassb.o
                0x08007294                LoRaMacClassBSetPingSlotState
 .text.LoRaMacClassBSetMulticastSlotState
                0x08007296        0x2 ./objects/loramacclassb.o
                0x08007296                LoRaMacClassBSetMulticastSlotState
 .text.LoRaMacClassBIsAcquisitionInProgress
                0x08007298        0x4 ./objects/loramacclassb.o
                0x08007298                LoRaMacClassBIsAcquisitionInProgress
 .text.LoRaMacClassBBeaconTimerEvent
                0x0800729c        0x2 ./objects/loramacclassb.o
                0x0800729c                LoRaMacClassBBeaconTimerEvent
 .text.LoRaMacClassBPingSlotTimerEvent
                0x0800729e        0x2 ./objects/loramacclassb.o
                0x0800729e                LoRaMacClassBPingSlotTimerEvent
 .text.LoRaMacClassBMulticastSlotTimerEvent
                0x080072a0        0x2 ./objects/loramacclassb.o
                0x080072a0                LoRaMacClassBMulticastSlotTimerEvent
 .text.LoRaMacClassBRxBeacon
                0x080072a2        0x4 ./objects/loramacclassb.o
                0x080072a2                LoRaMacClassBRxBeacon
 .text.LoRaMacClassBIsBeaconExpected
                0x080072a6        0x4 ./objects/loramacclassb.o
                0x080072a6                LoRaMacClassBIsBeaconExpected
 .text.LoRaMacClassBIsPingExpected
                0x080072aa        0x4 ./objects/loramacclassb.o
                0x080072aa                LoRaMacClassBIsPingExpected
 .text.LoRaMacClassBIsMulticastExpected
                0x080072ae        0x4 ./objects/loramacclassb.o
                0x080072ae                LoRaMacClassBIsMulticastExpected
 .text.LoRaMacClassBIsBeaconModeActive
                0x080072b2        0x4 ./objects/loramacclassb.o
                0x080072b2                LoRaMacClassBIsBeaconModeActive
 .text.LoRaMacClassBSetPingSlotInfo
                0x080072b6        0x2 ./objects/loramacclassb.o
                0x080072b6                LoRaMacClassBSetPingSlotInfo
 .text.LoRaMacClassBHaltBeaconing
                0x080072b8        0x2 ./objects/loramacclassb.o
                0x080072b8                LoRaMacClassBHaltBeaconing
 .text.LoRaMacClassBResumeBeaconing
                0x080072ba        0x2 ./objects/loramacclassb.o
                0x080072ba                LoRaMacClassBResumeBeaconing
 .text.LoRaMacClassBSwitchClass
                0x080072bc        0x4 ./objects/loramacclassb.o
                0x080072bc                LoRaMacClassBSwitchClass
 .text.LoRaMacClassBMibGetRequestConfirm
                0x080072c0        0x4 ./objects/loramacclassb.o
                0x080072c0                LoRaMacClassBMibGetRequestConfirm
 .text.LoRaMacMibClassBSetRequestConfirm
                0x080072c4        0x4 ./objects/loramacclassb.o
                0x080072c4                LoRaMacMibClassBSetRequestConfirm
 .text.LoRaMacClassBPingSlotInfoAns
                0x080072c8        0x2 ./objects/loramacclassb.o
                0x080072c8                LoRaMacClassBPingSlotInfoAns
 .text.LoRaMacClassBPingSlotChannelReq
                0x080072ca        0x4 ./objects/loramacclassb.o
                0x080072ca                LoRaMacClassBPingSlotChannelReq
 .text.LoRaMacClassBBeaconTimingAns
                0x080072ce        0x2 ./objects/loramacclassb.o
                0x080072ce                LoRaMacClassBBeaconTimingAns
 .text.LoRaMacClassBDeviceTimeAns
                0x080072d0        0x2 ./objects/loramacclassb.o
                0x080072d0                LoRaMacClassBDeviceTimeAns
 .text.LoRaMacClassBBeaconFreqReq
                0x080072d2        0x4 ./objects/loramacclassb.o
                0x080072d2                LoRaMacClassBBeaconFreqReq
 .text.LoRaMacClassBIsUplinkCollision
                0x080072d6        0x6 ./objects/loramacclassb.o
                0x080072d6                LoRaMacClassBIsUplinkCollision
 .text.LoRaMacClassBStopRxSlots
                0x080072dc        0x2 ./objects/loramacclassb.o
                0x080072dc                LoRaMacClassBStopRxSlots
 .text.LoRaMacClassBSetMulticastPeriodicity
                0x080072de        0x2 ./objects/loramacclassb.o
                0x080072de                LoRaMacClassBSetMulticastPeriodicity
 .text.LoRaMacConfirmQueueInit
                0x080072e0       0x34 ./objects/loramacconfirmqueue.o
                0x080072e0                LoRaMacConfirmQueueInit
 .text.LoRaMacConfirmQueueAdd
                0x08007314       0x44 ./objects/loramacconfirmqueue.o
                0x08007314                LoRaMacConfirmQueueAdd
 .text.LoRaMacConfirmQueueRemoveLast
                0x08007358       0x28 ./objects/loramacconfirmqueue.o
                0x08007358                LoRaMacConfirmQueueRemoveLast
 .text.LoRaMacConfirmQueueRemoveFirst
                0x08007380       0x28 ./objects/loramacconfirmqueue.o
                0x08007380                LoRaMacConfirmQueueRemoveFirst
 .text.LoRaMacConfirmQueueSetStatus
                0x080073a8       0x40 ./objects/loramacconfirmqueue.o
                0x080073a8                LoRaMacConfirmQueueSetStatus
 .text.LoRaMacConfirmQueueGetStatus
                0x080073e8       0x3c ./objects/loramacconfirmqueue.o
                0x080073e8                LoRaMacConfirmQueueGetStatus
 .text.LoRaMacConfirmQueueSetStatusCmn
                0x08007424       0x44 ./objects/loramacconfirmqueue.o
                0x08007424                LoRaMacConfirmQueueSetStatusCmn
 .text.LoRaMacConfirmQueueGetStatusCmn
                0x08007468        0xc ./objects/loramacconfirmqueue.o
                0x08007468                LoRaMacConfirmQueueGetStatusCmn
 .text.LoRaMacConfirmQueueIsCmdActive
                0x08007474       0x38 ./objects/loramacconfirmqueue.o
                0x08007474                LoRaMacConfirmQueueIsCmdActive
 .text.LoRaMacConfirmQueueHandleCb
                0x080074ac       0x60 ./objects/loramacconfirmqueue.o
                0x080074ac                LoRaMacConfirmQueueHandleCb
 .text.LoRaMacConfirmQueueGetCnt
                0x0800750c        0xc ./objects/loramacconfirmqueue.o
                0x0800750c                LoRaMacConfirmQueueGetCnt
 .text.LoRaMacConfirmQueueIsFull
                0x08007518       0x14 ./objects/loramacconfirmqueue.o
                0x08007518                LoRaMacConfirmQueueIsFull
 .text.LoRaMacComputeMic
                0x0800752c       0x70 ./objects/loramaccrypto.o
                0x0800752c                LoRaMacComputeMic
 .text.LoRaMacPayloadEncrypt
                0x0800759c       0xe0 ./objects/loramaccrypto.o
                0x0800759c                LoRaMacPayloadEncrypt
 .text.LoRaMacPayloadDecrypt
                0x0800767c       0x10 ./objects/loramaccrypto.o
                0x0800767c                LoRaMacPayloadDecrypt
 .text.LoRaMacJoinComputeMic
                0x0800768c       0x3c ./objects/loramaccrypto.o
                0x0800768c                LoRaMacJoinComputeMic
 .text.LoRaMacJoinDecrypt
                0x080076c8       0x3e ./objects/loramaccrypto.o
                0x080076c8                LoRaMacJoinDecrypt
 .text.LoRaMacJoinComputeSKeys
                0x08007706       0x86 ./objects/loramaccrypto.o
                0x08007706                LoRaMacJoinComputeSKeys
 .text.RegionIsActive
                0x0800778c        0x8 ./objects/region.o
                0x0800778c                RegionIsActive
 .text.RegionGetPhyParam
                0x08007794       0x14 ./objects/region.o
                0x08007794                RegionGetPhyParam
 .text.RegionSetBandTxDone
                0x080077a8        0xc ./objects/region.o
                0x080077a8                RegionSetBandTxDone
 .text.RegionInitDefaults
                0x080077b4        0xc ./objects/region.o
                0x080077b4                RegionInitDefaults
 .text.RegionVerify
                0x080077c0       0x12 ./objects/region.o
                0x080077c0                RegionVerify
 .text.RegionApplyCFList
                0x080077d2        0xc ./objects/region.o
                0x080077d2                RegionApplyCFList
 .text.RegionChanMaskSet
                0x080077de        0xe ./objects/region.o
                0x080077de                RegionChanMaskSet
 .text.RegionAdrNext
                0x080077ec       0x20 ./objects/region.o
                0x080077ec                RegionAdrNext
 .text.RegionComputeRxWindowParameters
                0x0800780c       0x1e ./objects/region.o
                0x0800780c                RegionComputeRxWindowParameters
 .text.RegionRxConfig
                0x0800782a       0x12 ./objects/region.o
                0x0800782a                RegionRxConfig
 .text.RegionTxConfig
                0x0800783c       0x1e ./objects/region.o
                0x0800783c                RegionTxConfig
 .text.RegionLinkAdrReq
                0x0800785a       0x20 ./objects/region.o
                0x0800785a                RegionLinkAdrReq
 .text.RegionRxParamSetupReq
                0x0800787a        0xe ./objects/region.o
                0x0800787a                RegionRxParamSetupReq
 .text.RegionNewChannelReq
                0x08007888        0xe ./objects/region.o
                0x08007888                RegionNewChannelReq
 .text.RegionTxParamSetupReq
                0x08007896        0xe ./objects/region.o
                0x08007896                RegionTxParamSetupReq
 .text.RegionDlChannelReq
                0x080078a4        0xe ./objects/region.o
                0x080078a4                RegionDlChannelReq
 .text.RegionAlternateDr
                0x080078b2        0xe ./objects/region.o
                0x080078b2                RegionAlternateDr
 .text.RegionCalcBackOff
                0x080078c0        0xc ./objects/region.o
                0x080078c0                RegionCalcBackOff
 .text.RegionNextChannel
                0x080078cc       0x20 ./objects/region.o
                0x080078cc                RegionNextChannel
 .text.RegionSetContinuousWave
                0x080078ec        0xc ./objects/region.o
                0x080078ec                RegionSetContinuousWave
 .text.RegionApplyDrOffset
                0x080078f8       0x1e ./objects/region.o
                0x080078f8                RegionApplyDrOffset
 *fill*         0x08007916        0x2 
 .text.RegionCommonGetJoinDc
                0x08007918       0x30 ./objects/regioncommon.o
                0x08007918                RegionCommonGetJoinDc
 .text.RegionCommonChanVerifyDr
                0x08007948       0x66 ./objects/regioncommon.o
                0x08007948                RegionCommonChanVerifyDr
 .text.RegionCommonValueInRange
                0x080079ae       0x12 ./objects/regioncommon.o
                0x080079ae                RegionCommonValueInRange
 .text.RegionCommonCountChannels
                0x080079c0       0x3c ./objects/regioncommon.o
                0x080079c0                RegionCommonCountChannels
 .text.RegionCommonChanMaskCopy
                0x080079fc       0x1e ./objects/regioncommon.o
                0x080079fc                RegionCommonChanMaskCopy
 .text.RegionCommonSetBandTxDone
                0x08007a1a        0xe ./objects/regioncommon.o
                0x08007a1a                RegionCommonSetBandTxDone
 .text.RegionCommonUpdateBandTimeOff
                0x08007a28      0x10a ./objects/regioncommon.o
                0x08007a28                RegionCommonUpdateBandTimeOff
 .text.RegionCommonParseLinkAdrReq
                0x08007b32       0x34 ./objects/regioncommon.o
                0x08007b32                RegionCommonParseLinkAdrReq
 *fill*         0x08007b66        0x2 
 .text.RegionCommonComputeSymbolTimeLoRa
                0x08007b68       0x34 ./objects/regioncommon.o
                0x08007b68                RegionCommonComputeSymbolTimeLoRa
 .text.RegionCommonComputeRxWindowParameters
                0x08007b9c       0xac ./objects/regioncommon.o
                0x08007b9c                RegionCommonComputeRxWindowParameters
 .text.RegionCommonComputeTxPower
                0x08007c48       0x30 ./objects/regioncommon.o
                0x08007c48                RegionCommonComputeTxPower
 .text.RegionCN470GetPhyParam
                0x08007c78      0x108 ./objects/regioncn470.o
                0x08007c78                RegionCN470GetPhyParam
 .text.RegionCN470SetBandTxDone
                0x08007d80       0x2c ./objects/regioncn470.o
                0x08007d80                RegionCN470SetBandTxDone
 .text.RegionCN470InitDefaults
                0x08007dac       0x6c ./objects/regioncn470.o
                0x08007dac                RegionCN470InitDefaults
 .text.RegionCN470Verify
                0x08007e18       0x3c ./objects/regioncn470.o
                0x08007e18                RegionCN470Verify
 .text.RegionCN470ApplyCFList
                0x08007e54        0x2 ./objects/regioncn470.o
                0x08007e54                RegionCN470ApplyCFList
 *fill*         0x08007e56        0x2 
 .text.RegionCN470ChanMaskSet
                0x08007e58       0x34 ./objects/regioncn470.o
                0x08007e58                RegionCN470ChanMaskSet
 .text.RegionCN470AdrNext
                0x08007e8c       0x80 ./objects/regioncn470.o
                0x08007e8c                RegionCN470AdrNext
 .text.RegionCN470ComputeRxWindowParameters
                0x08007f0c       0x74 ./objects/regioncn470.o
                0x08007f0c                RegionCN470ComputeRxWindowParameters
 .text.RegionCN470RxConfig
                0x08007f80       0xac ./objects/regioncn470.o
                0x08007f80                RegionCN470RxConfig
 .text.RegionCN470TxConfig
                0x0800802c       0xb8 ./objects/regioncn470.o
                0x0800802c                RegionCN470TxConfig
 .text.RegionCN470LinkAdrReq
                0x080080e4      0x118 ./objects/regioncn470.o
                0x080080e4                RegionCN470LinkAdrReq
 .text.RegionCN470RxParamSetupReq
                0x080081fc       0x68 ./objects/regioncn470.o
                0x080081fc                RegionCN470RxParamSetupReq
 .text.RegionCN470NewChannelReq
                0x08008264        0x4 ./objects/regioncn470.o
                0x08008264                RegionCN470NewChannelReq
 .text.RegionCN470TxParamSetupReq
                0x08008268        0x6 ./objects/regioncn470.o
                0x08008268                RegionCN470TxParamSetupReq
 .text.RegionCN470DlChannelReq
                0x0800826e        0x4 ./objects/regioncn470.o
                0x0800826e                RegionCN470DlChannelReq
 .text.RegionCN470AlternateDr
                0x08008272       0x3e ./objects/regioncn470.o
                0x08008272                RegionCN470AlternateDr
 .text.RegionCN470CalcBackOff
                0x080082b0       0x64 ./objects/regioncn470.o
                0x080082b0                RegionCN470CalcBackOff
 .text.RegionCN470NextChannel
                0x08008314      0x158 ./objects/regioncn470.o
                0x08008314                RegionCN470NextChannel
 .text.RegionCN470SetContinuousWave
                0x0800846c       0x4c ./objects/regioncn470.o
                0x0800846c                RegionCN470SetContinuousWave
 .text.RegionCN470ApplyDrOffset
                0x080084b8        0xc ./objects/regioncn470.o
                0x080084b8                RegionCN470ApplyDrOffset
 .text.McpsConfirm
                0x080084c4        0xc ./objects/classc.o
 .text.BoardGetBatteryLevel
                0x080084d0        0x4 ./objects/classc.o
                0x080084d0                BoardGetBatteryLevel
 .text.MlmeConfirm
                0x080084d4       0x64 ./objects/classc.o
 .text.OnTxNextPacketTimerEvent
                0x08008538       0x5c ./objects/classc.o
 .text.MlmeIndication
                0x08008594        0xc ./objects/classc.o
 .text.McpsIndication
                0x080085a0       0x60 ./objects/classc.o
 .text.app_start
                0x08008600      0x1d4 ./objects/classc.o
                0x08008600                app_start
 .text.uart_log_init
                0x080087d4       0x40 ./objects/main.o
                0x080087d4                uart_log_init
 .text.board_init
                0x08008814       0x6a ./objects/main.o
                0x08008814                board_init
 .text.startup.main
                0x0800887e        0xe ./objects/main.o
                0x0800887e                main
 .text.NMI_Handler
                0x0800888c        0x2 ./objects/tremo_it.o
                0x0800888c                NMI_Handler
 .text.HardFault_Handler
                0x0800888e        0x2 ./objects/tremo_it.o
                0x0800888e                HardFault_Handler
 .text.MemManage_Handler
                0x08008890        0x2 ./objects/tremo_it.o
                0x08008890                MemManage_Handler
 .text.BusFault_Handler
                0x08008892        0x2 ./objects/tremo_it.o
                0x08008892                BusFault_Handler
 .text.UsageFault_Handler
                0x08008894        0x2 ./objects/tremo_it.o
                0x08008894                UsageFault_Handler
 .text.SVC_Handler
                0x08008896        0x2 ./objects/tremo_it.o
                0x08008896                SVC_Handler
 .text.PendSV_Handler
                0x08008898        0x2 ./objects/tremo_it.o
                0x08008898                PendSV_Handler
 .text.SysTick_Handler
                0x0800889a        0x2 ./objects/tremo_it.o
                0x0800889a                SysTick_Handler
 .text.PWR_IRQHandler
                0x0800889c        0x2 ./objects/tremo_it.o
                0x0800889c                PWR_IRQHandler
 .text.LORA_IRQHandler
                0x0800889e        0x4 ./objects/tremo_it.o
                0x0800889e                LORA_IRQHandler
 .text.RTC_IRQHandler
                0x080088a2        0x4 ./objects/tremo_it.o
                0x080088a2                RTC_IRQHandler
 *fill*         0x080088a6        0x2 
 .text.__libc_init_array
                0x080088a8       0x48 d:/program files/gnu arm embedded toolchain/9 2020-q2-update/bin/../lib/gcc/arm-none-eabi/9.3.1/../../../../arm-none-eabi/lib/thumb/v7e-m/nofp\libc.a(lib_a-init.o)
                0x080088a8                __libc_init_array
 .text.memset   0x080088f0       0xa0 d:/program files/gnu arm embedded toolchain/9 2020-q2-update/bin/../lib/gcc/arm-none-eabi/9.3.1/../../../../arm-none-eabi/lib/thumb/v7e-m/nofp\libc.a(lib_a-memset.o)
                0x080088f0                memset
 .text.startup.register_fini
                0x08008990       0x14 d:/program files/gnu arm embedded toolchain/9 2020-q2-update/bin/../lib/gcc/arm-none-eabi/9.3.1/../../../../arm-none-eabi/lib/thumb/v7e-m/nofp\libc.a(lib_a-__call_atexit.o)
 .text.atexit   0x080089a4        0xc d:/program files/gnu arm embedded toolchain/9 2020-q2-update/bin/../lib/gcc/arm-none-eabi/9.3.1/../../../../arm-none-eabi/lib/thumb/v7e-m/nofp\libc.a(lib_a-atexit.o)
                0x080089a4                atexit
 .text.__libc_fini_array
                0x080089b0       0x2c d:/program files/gnu arm embedded toolchain/9 2020-q2-update/bin/../lib/gcc/arm-none-eabi/9.3.1/../../../../arm-none-eabi/lib/thumb/v7e-m/nofp\libc.a(lib_a-fini.o)
                0x080089b0                __libc_fini_array
 .text.__retarget_lock_acquire_recursive
                0x080089dc        0x4 d:/program files/gnu arm embedded toolchain/9 2020-q2-update/bin/../lib/gcc/arm-none-eabi/9.3.1/../../../../arm-none-eabi/lib/thumb/v7e-m/nofp\libc.a(lib_a-lock.o)
                0x080089dc                __retarget_lock_acquire_recursive
 .text.__retarget_lock_release_recursive
                0x080089e0        0x4 d:/program files/gnu arm embedded toolchain/9 2020-q2-update/bin/../lib/gcc/arm-none-eabi/9.3.1/../../../../arm-none-eabi/lib/thumb/v7e-m/nofp\libc.a(lib_a-lock.o)
                0x080089e0                __retarget_lock_release_recursive
 .text.__register_exitproc
                0x080089e4       0x8c d:/program files/gnu arm embedded toolchain/9 2020-q2-update/bin/../lib/gcc/arm-none-eabi/9.3.1/../../../../arm-none-eabi/lib/thumb/v7e-m/nofp\libc.a(lib_a-__atexit.o)
                0x080089e4                __register_exitproc
 .text.ceil     0x08008a70       0xf8 d:/program files/gnu arm embedded toolchain/9 2020-q2-update/bin/../lib/gcc/arm-none-eabi/9.3.1/../../../../arm-none-eabi/lib/thumb/v7e-m/nofp\libm.a(lib_a-s_ceil.o)
                0x08008a70                ceil
 .text.floor    0x08008b68       0xf8 d:/program files/gnu arm embedded toolchain/9 2020-q2-update/bin/../lib/gcc/arm-none-eabi/9.3.1/../../../../arm-none-eabi/lib/thumb/v7e-m/nofp\libm.a(lib_a-s_floor.o)
                0x08008b68                floor
 .text.rint     0x08008c60      0x120 d:/program files/gnu arm embedded toolchain/9 2020-q2-update/bin/../lib/gcc/arm-none-eabi/9.3.1/../../../../arm-none-eabi/lib/thumb/v7e-m/nofp\libm.a(lib_a-s_rint.o)
                0x08008c60                rint
 .text.round    0x08008d80       0x94 d:/program files/gnu arm embedded toolchain/9 2020-q2-update/bin/../lib/gcc/arm-none-eabi/9.3.1/../../../../arm-none-eabi/lib/thumb/v7e-m/nofp\libm.a(lib_a-s_round.o)
                0x08008d80                round
 *(.glue_7)
 .glue_7        0x08008e14        0x0 linker stubs
 *(.glue_7t)
 .glue_7t       0x08008e14        0x0 linker stubs
 *(.eh_frame)
 .eh_frame      0x08008e14        0x0 d:/program files/gnu arm embedded toolchain/9 2020-q2-update/bin/../lib/gcc/arm-none-eabi/9.3.1/thumb/v7e-m/nofp/crtbegin.o
 *(.init)
 .init          0x08008e14        0x4 d:/program files/gnu arm embedded toolchain/9 2020-q2-update/bin/../lib/gcc/arm-none-eabi/9.3.1/thumb/v7e-m/nofp/crti.o
                0x08008e14                _init
 .init          0x08008e18        0x8 d:/program files/gnu arm embedded toolchain/9 2020-q2-update/bin/../lib/gcc/arm-none-eabi/9.3.1/thumb/v7e-m/nofp/crtn.o
 *(.fini)
 .fini          0x08008e20        0x4 d:/program files/gnu arm embedded toolchain/9 2020-q2-update/bin/../lib/gcc/arm-none-eabi/9.3.1/thumb/v7e-m/nofp/crti.o
                0x08008e20                _fini
 .fini          0x08008e24        0x8 d:/program files/gnu arm embedded toolchain/9 2020-q2-update/bin/../lib/gcc/arm-none-eabi/9.3.1/thumb/v7e-m/nofp/crtn.o
                0x08008e2c                . = ALIGN (0x4)
                0x08008e2c                _etext = .

.vfp11_veneer   0x08008e2c        0x0
 .vfp11_veneer  0x08008e2c        0x0 linker stubs

.v4_bx          0x08008e2c        0x0
 .v4_bx         0x08008e2c        0x0 linker stubs

.iplt           0x08008e2c        0x0
 .iplt          0x08008e2c        0x0 d:/program files/gnu arm embedded toolchain/9 2020-q2-update/bin/../lib/gcc/arm-none-eabi/9.3.1/thumb/v7e-m/nofp/crtbegin.o

.rodata         0x08008e30      0x2f8
                0x08008e30                . = ALIGN (0x4)
 *(.rodata)
 .rodata        0x08008e30       0x50 ./objects/printf-stdarg.o
 .rodata        0x08008e80        0xc ./objects/tremo_uart.o
 *fill*         0x08008e8c        0x4 
 .rodata        0x08008e90      0x188 ./objects/radio.o
                0x08008e90                FskBandwidths
                0x08008fa0                Bandwidths
                0x08008fac                Radio
 .rodata        0x08009018       0x11 ./objects/sx126x.o
 .rodata        0x08009029       0x18 ./objects/rtc-board.o
 .rodata        0x08009041       0x10 ./objects/loramac.o
 *fill*         0x08009051        0x3 
 .rodata        0x08009054       0x26 ./objects/regioncn470.o
 *fill*         0x0800907a        0x2 
 .rodata        0x0800907c       0x10 ../../../../../drivers/crypto/lib/libcrypto.a(aes.o)
 *(.rodata*)
 .rodata.str1.1
                0x0800908c       0x19 ./objects/printf-stdarg.o
 .rodata.str1.1
                0x080090a5       0x6c ./objects/classc.o
                                 0x6f (size before relaxing)
 *fill*         0x08009111        0x3 
 .rodata._global_impure_ptr
                0x08009114        0x4 d:/program files/gnu arm embedded toolchain/9 2020-q2-update/bin/../lib/gcc/arm-none-eabi/9.3.1/../../../../arm-none-eabi/lib/thumb/v7e-m/nofp\libc.a(lib_a-impure.o)
                0x08009114                _global_impure_ptr
 .rodata.TWO52  0x08009118       0x10 d:/program files/gnu arm embedded toolchain/9 2020-q2-update/bin/../lib/gcc/arm-none-eabi/9.3.1/../../../../arm-none-eabi/lib/thumb/v7e-m/nofp\libm.a(lib_a-s_rint.o)
                0x08009128                . = ALIGN (0x4)

.ARM.extab
 *(.ARM.extab* .gnu.linkonce.armextab.*)

.ARM            0x08009128        0x8
                0x08009128                __exidx_start = .
 *(.ARM.exidx*)
 .ARM.exidx     0x08009128        0x8 d:/program files/gnu arm embedded toolchain/9 2020-q2-update/bin/../lib/gcc/arm-none-eabi/9.3.1/thumb/v7e-m/nofp\libgcc.a(_udivmoddi4.o)
                0x08009130                __exidx_end = .

.rel.dyn        0x08009130        0x0
 .rel.iplt      0x08009130        0x0 d:/program files/gnu arm embedded toolchain/9 2020-q2-update/bin/../lib/gcc/arm-none-eabi/9.3.1/thumb/v7e-m/nofp/crtbegin.o

.preinit_array  0x08009130        0x0
                0x08009130                PROVIDE (__preinit_array_start = .)
 *(.preinit_array*)
                0x08009130                PROVIDE (__preinit_array_end = .)

.init_array     0x08009130        0x8
                0x08009130                PROVIDE (__init_array_start = .)
 *(SORT_BY_NAME(.init_array.*))
 .init_array.00000
                0x08009130        0x4 d:/program files/gnu arm embedded toolchain/9 2020-q2-update/bin/../lib/gcc/arm-none-eabi/9.3.1/../../../../arm-none-eabi/lib/thumb/v7e-m/nofp\libc.a(lib_a-__call_atexit.o)
 *(.init_array*)
 .init_array    0x08009134        0x4 d:/program files/gnu arm embedded toolchain/9 2020-q2-update/bin/../lib/gcc/arm-none-eabi/9.3.1/thumb/v7e-m/nofp/crtbegin.o
                0x08009138                PROVIDE (__init_array_end = .)

.fini_array     0x08009138        0x4
                0x08009138                PROVIDE (__fini_array_start = .)
 *(SORT_BY_NAME(.fini_array.*))
 *(.fini_array*)
 .fini_array    0x08009138        0x4 d:/program files/gnu arm embedded toolchain/9 2020-q2-update/bin/../lib/gcc/arm-none-eabi/9.3.1/thumb/v7e-m/nofp/crtbegin.o
                0x0800913c                PROVIDE (__fini_array_end = .)
                0x0800913c                _sidata = LOADADDR (.data)

.data           0x20000000      0x4bc load address 0x0800913c
                0x20000000                . = ALIGN (0x4)
                0x20000000                _sdata = .
 *(.data)
 .data          0x20000000        0x1 ./objects/radio.o
                0x20000000                MaxPayloadLength
 *fill*         0x20000001        0x3 
 .data          0x20000004        0x4 ./objects/utilities.o
 .data          0x20000008        0x3 ./objects/loramac.o
 .data          0x2000000b       0x20 ./objects/loramaccrypto.o
 *fill*         0x2000002b        0x5 
 .data          0x20000030       0x20 ./objects/regioncn470.o
 .data          0x20000050       0x40 ./objects/classc.o
 *(.data*)
 .data.impure_data
                0x20000090      0x428 d:/program files/gnu arm embedded toolchain/9 2020-q2-update/bin/../lib/gcc/arm-none-eabi/9.3.1/../../../../arm-none-eabi/lib/thumb/v7e-m/nofp\libc.a(lib_a-impure.o)
 .data.__atexit_recursive_mutex
                0x200004b8        0x4 d:/program files/gnu arm embedded toolchain/9 2020-q2-update/bin/../lib/gcc/arm-none-eabi/9.3.1/../../../../arm-none-eabi/lib/thumb/v7e-m/nofp\libc.a(lib_a-__call_atexit.o)
                0x200004b8                __atexit_recursive_mutex
                0x200004bc                . = ALIGN (0x4)
                0x200004bc                _edata = .

.igot.plt       0x200004bc        0x0 load address 0x080095f8
 .igot.plt      0x200004bc        0x0 d:/program files/gnu arm embedded toolchain/9 2020-q2-update/bin/../lib/gcc/arm-none-eabi/9.3.1/thumb/v7e-m/nofp/crtbegin.o
                0x200004bc                . = ALIGN (0x4)

.bss            0x200004c0      0xcbc load address 0x080095f8
                0x200004c0                _sbss = .
                0x200004c0                __bss_start__ = _sbss
 *(.bss)
 .bss           0x200004c0       0x1c d:/program files/gnu arm embedded toolchain/9 2020-q2-update/bin/../lib/gcc/arm-none-eabi/9.3.1/thumb/v7e-m/nofp/crtbegin.o
 .bss           0x200004dc        0x1 ./objects/tremo_delay.o
 *fill*         0x200004dd        0x3 
 .bss           0x200004e0       0x11 ./objects/timer.o
                0x200004f0                HasLoopedThroughMain
 *fill*         0x200004f1        0x3 
 .bss           0x200004f4       0x16 ./objects/radio.o
                0x200004f8                IrqFired
                0x200004fc                TxTimeout
                0x20000500                RxContinuous
                0x20000504                RxTimeout
 *fill*         0x2000050a        0x2 
 .bss           0x2000050c        0x8 ./objects/sx126x.o
                0x20000510                FrequencyError
 .bss           0x20000514        0x9 ./objects/rtc-board.o
                0x20000518                McuWakeUpTime
                0x2000051c                NonScheduledWakeUp
 .bss           0x2000051d        0x1 ./objects/sx1262-board.o
                0x2000051d                gPaOptSetting
 *fill*         0x2000051e        0x2 
 .bss           0x20000520      0x4d9 ./objects/loramac.o
                0x200005f0                LoRaMacState
                0x20000998                TxTimeOnAir
 *fill*         0x200009f9        0x3 
 .bss           0x200009fc       0x19 ./objects/loramacconfirmqueue.o
 *fill*         0x20000a15        0x3 
 .bss           0x20000a18       0x44 ./objects/loramaccrypto.o
 .bss           0x20000a5c      0x498 ./objects/regioncn470.o
 .bss           0x20000ef4       0x30 ./objects/classc.o
 *(.bss*)
 *(COMMON)
 COMMON         0x20000f24      0x190 ./objects/radio.o
                0x20000f24                irqRegs
                0x20000f28                SX126x
                0x20000f64                TxTimeoutTimer
                0x20000f78                RadioRxPayload
                0x20001078                CadTimeoutTimer
                0x2000108c                RadioPktStatus
                0x200010a0                RxTimeoutTimer
 *fill*         0x200010b4        0x4 
 COMMON         0x200010b8       0x18 ./objects/rtc-board.o
                0x200010b8                RtcCalendarContext
                0x200010c8                RtcTimerContext
 COMMON         0x200010d0       0x7c ./objects/loramac.o
                0x200010d0                LoRaMacFlags
                0x200010d4                LoRaMacParamsDefaults
                0x20001110                LoRaMacParams
 COMMON         0x2000114c        0xc ./objects/loramacconfirmqueue.o
                0x2000114c                CommonStatus
                0x20001150                BufferStart
                0x20001154                BufferEnd
 COMMON         0x20001158       0x21 d:/program files/gnu arm embedded toolchain/9 2020-q2-update/bin/../lib/gcc/arm-none-eabi/9.3.1/../../../../arm-none-eabi/lib/thumb/v7e-m/nofp\libc.a(lib_a-lock.o)
                0x20001158                __lock___atexit_recursive_mutex
                0x2000115c                __lock___arc4random_mutex
                0x20001160                __lock___env_recursive_mutex
                0x20001164                __lock___sinit_recursive_mutex
                0x20001168                __lock___malloc_recursive_mutex
                0x2000116c                __lock___at_quick_exit_mutex
                0x20001170                __lock___dd_hash_mutex
                0x20001174                __lock___tz_mutex
                0x20001178                __lock___sfp_recursive_mutex
                0x2000117c                . = ALIGN (0x4)
 *fill*         0x20001179        0x3 
                0x2000117c                _ebss = .
                0x2000117c                __bss_end__ = _ebss

.heap           0x2000117c        0x0 load address 0x080095f8
                0x2000117c                . = ALIGN (0x4)
                0x2000117c                _heap_bottom = .
                0x2000117c                end = _heap_bottom
                0x2000117c                _end = end
                0x2000117c                __end = end
                0x2000117c                . = (. + _HEAP_SIZE)
                0x2000117c                _heap_top = .

.stack          0x2000117c     0x1000 load address 0x080095f8
                0x2000117c                . = ALIGN (0x4)
                0x2000117c                _stack_bottom = .
                0x2000217c                . = (. + _STACK_SIZE)
 *fill*         0x2000117c     0x1000 
                0x2000217c                _stack_top = .

/DISCARD/
 libc.a(*)
 libm.a(*)
 libgcc.a(*)

.ARM.attributes
                0x00000000       0x2e
 *(.ARM.attributes)
 .ARM.attributes
                0x00000000       0x1e d:/program files/gnu arm embedded toolchain/9 2020-q2-update/bin/../lib/gcc/arm-none-eabi/9.3.1/thumb/v7e-m/nofp/crti.o
 .ARM.attributes
                0x0000001e       0x2e d:/program files/gnu arm embedded toolchain/9 2020-q2-update/bin/../lib/gcc/arm-none-eabi/9.3.1/thumb/v7e-m/nofp/crtbegin.o
 .ARM.attributes
                0x0000004c       0x32 ./objects/printf-stdarg.o
 .ARM.attributes
                0x0000007e       0x32 ./objects/system_cm4.o
 .ARM.attributes
                0x000000b0       0x25 ./objects/startup_cm4.o
 .ARM.attributes
                0x000000d5       0x32 ./objects/tremo_delay.o
 .ARM.attributes
                0x00000107       0x32 ./objects/tremo_gpio.o
 .ARM.attributes
                0x00000139       0x32 ./objects/tremo_pwr.o
 .ARM.attributes
                0x0000016b       0x32 ./objects/tremo_rcc.o
 .ARM.attributes
                0x0000019d       0x32 ./objects/tremo_rtc.o
 .ARM.attributes
                0x000001cf       0x32 ./objects/tremo_uart.o
 .ARM.attributes
                0x00000201       0x32 ./objects/delay.o
 .ARM.attributes
                0x00000233       0x32 ./objects/timer.o
 .ARM.attributes
                0x00000265       0x32 ./objects/cmac.o
 .ARM.attributes
                0x00000297       0x32 ./objects/radio.o
 .ARM.attributes
                0x000002c9       0x32 ./objects/sx126x.o
 .ARM.attributes
                0x000002fb       0x32 ./objects/rtc-board.o
 .ARM.attributes
                0x0000032d       0x32 ./objects/sx1262-board.o
 .ARM.attributes
                0x0000035f       0x32 ./objects/utilities.o
 .ARM.attributes
                0x00000391       0x32 ./objects/loramac.o
 .ARM.attributes
                0x000003c3       0x32 ./objects/loramacclassb.o
 .ARM.attributes
                0x000003f5       0x32 ./objects/loramacconfirmqueue.o
 .ARM.attributes
                0x00000427       0x32 ./objects/loramaccrypto.o
 .ARM.attributes
                0x00000459       0x32 ./objects/region.o
 .ARM.attributes
                0x0000048b       0x32 ./objects/regioncommon.o
 .ARM.attributes
                0x000004bd       0x32 ./objects/regioncn470.o
 .ARM.attributes
                0x000004ef       0x32 ./objects/classc.o
 .ARM.attributes
                0x00000521       0x32 ./objects/main.o
 .ARM.attributes
                0x00000553       0x32 ./objects/tremo_it.o
 .ARM.attributes
                0x00000585       0x2e ../../../../../drivers/crypto/lib/libcrypto.a(aes.o)
 .ARM.attributes
                0x000005b3       0x1e d:/program files/gnu arm embedded toolchain/9 2020-q2-update/bin/../lib/gcc/arm-none-eabi/9.3.1/thumb/v7e-m/nofp\libgcc.a(_arm_addsubdf3.o)
 .ARM.attributes
                0x000005d1       0x1e d:/program files/gnu arm embedded toolchain/9 2020-q2-update/bin/../lib/gcc/arm-none-eabi/9.3.1/thumb/v7e-m/nofp\libgcc.a(_arm_muldivdf3.o)
 .ARM.attributes
                0x000005ef       0x1e d:/program files/gnu arm embedded toolchain/9 2020-q2-update/bin/../lib/gcc/arm-none-eabi/9.3.1/thumb/v7e-m/nofp\libgcc.a(_arm_cmpdf2.o)
 .ARM.attributes
                0x0000060d       0x1e d:/program files/gnu arm embedded toolchain/9 2020-q2-update/bin/../lib/gcc/arm-none-eabi/9.3.1/thumb/v7e-m/nofp\libgcc.a(_arm_fixdfsi.o)
 .ARM.attributes
                0x0000062b       0x1e d:/program files/gnu arm embedded toolchain/9 2020-q2-update/bin/../lib/gcc/arm-none-eabi/9.3.1/thumb/v7e-m/nofp\libgcc.a(_arm_fixunsdfsi.o)
 .ARM.attributes
                0x00000649       0x1e d:/program files/gnu arm embedded toolchain/9 2020-q2-update/bin/../lib/gcc/arm-none-eabi/9.3.1/thumb/v7e-m/nofp\libgcc.a(_aeabi_uldivmod.o)
 .ARM.attributes
                0x00000667       0x2e d:/program files/gnu arm embedded toolchain/9 2020-q2-update/bin/../lib/gcc/arm-none-eabi/9.3.1/thumb/v7e-m/nofp\libgcc.a(_fixunsdfdi.o)
 .ARM.attributes
                0x00000695       0x2e d:/program files/gnu arm embedded toolchain/9 2020-q2-update/bin/../lib/gcc/arm-none-eabi/9.3.1/thumb/v7e-m/nofp\libgcc.a(_udivmoddi4.o)
 .ARM.attributes
                0x000006c3       0x1e d:/program files/gnu arm embedded toolchain/9 2020-q2-update/bin/../lib/gcc/arm-none-eabi/9.3.1/thumb/v7e-m/nofp\libgcc.a(_dvmd_tls.o)
 .ARM.attributes
                0x000006e1       0x2e d:/program files/gnu arm embedded toolchain/9 2020-q2-update/bin/../lib/gcc/arm-none-eabi/9.3.1/../../../../arm-none-eabi/lib/thumb/v7e-m/nofp\libc.a(lib_a-impure.o)
 .ARM.attributes
                0x0000070f       0x2e d:/program files/gnu arm embedded toolchain/9 2020-q2-update/bin/../lib/gcc/arm-none-eabi/9.3.1/../../../../arm-none-eabi/lib/thumb/v7e-m/nofp\libc.a(lib_a-init.o)
 .ARM.attributes
                0x0000073d       0x1c d:/program files/gnu arm embedded toolchain/9 2020-q2-update/bin/../lib/gcc/arm-none-eabi/9.3.1/../../../../arm-none-eabi/lib/thumb/v7e-m/nofp\libc.a(lib_a-memcpy.o)
 .ARM.attributes
                0x00000759       0x2e d:/program files/gnu arm embedded toolchain/9 2020-q2-update/bin/../lib/gcc/arm-none-eabi/9.3.1/../../../../arm-none-eabi/lib/thumb/v7e-m/nofp\libc.a(lib_a-memset.o)
 .ARM.attributes
                0x00000787       0x2e d:/program files/gnu arm embedded toolchain/9 2020-q2-update/bin/../lib/gcc/arm-none-eabi/9.3.1/../../../../arm-none-eabi/lib/thumb/v7e-m/nofp\libc.a(lib_a-__call_atexit.o)
 .ARM.attributes
                0x000007b5       0x2e d:/program files/gnu arm embedded toolchain/9 2020-q2-update/bin/../lib/gcc/arm-none-eabi/9.3.1/../../../../arm-none-eabi/lib/thumb/v7e-m/nofp\libc.a(lib_a-atexit.o)
 .ARM.attributes
                0x000007e3       0x2e d:/program files/gnu arm embedded toolchain/9 2020-q2-update/bin/../lib/gcc/arm-none-eabi/9.3.1/../../../../arm-none-eabi/lib/thumb/v7e-m/nofp\libc.a(lib_a-fini.o)
 .ARM.attributes
                0x00000811       0x2e d:/program files/gnu arm embedded toolchain/9 2020-q2-update/bin/../lib/gcc/arm-none-eabi/9.3.1/../../../../arm-none-eabi/lib/thumb/v7e-m/nofp\libc.a(lib_a-lock.o)
 .ARM.attributes
                0x0000083f       0x2e d:/program files/gnu arm embedded toolchain/9 2020-q2-update/bin/../lib/gcc/arm-none-eabi/9.3.1/../../../../arm-none-eabi/lib/thumb/v7e-m/nofp\libc.a(lib_a-__atexit.o)
 .ARM.attributes
                0x0000086d       0x1e d:/program files/gnu arm embedded toolchain/9 2020-q2-update/bin/../lib/gcc/arm-none-eabi/9.3.1/thumb/v7e-m/nofp/crtn.o
OUTPUT(./Objects/project.elf elf32-littlearm)
LOAD linker stubs
LOAD d:/program files/gnu arm embedded toolchain/9 2020-q2-update/bin/../lib/gcc/arm-none-eabi/9.3.1/../../../../arm-none-eabi/lib/thumb/v7e-m/nofp\libc.a
LOAD d:/program files/gnu arm embedded toolchain/9 2020-q2-update/bin/../lib/gcc/arm-none-eabi/9.3.1/../../../../arm-none-eabi/lib/thumb/v7e-m/nofp\libm.a
LOAD d:/program files/gnu arm embedded toolchain/9 2020-q2-update/bin/../lib/gcc/arm-none-eabi/9.3.1/thumb/v7e-m/nofp\libgcc.a

.debug_info     0x00000000    0x2d596
 .debug_info    0x00000000     0x226e ./objects/printf-stdarg.o
 .debug_info    0x0000226e      0x855 ./objects/system_cm4.o
 .debug_info    0x00002ac3       0x22 ./objects/startup_cm4.o
 .debug_info    0x00002ae5      0x7cb ./objects/tremo_delay.o
 .debug_info    0x000032b0      0x90a ./objects/tremo_gpio.o
 .debug_info    0x00003bba      0x9ea ./objects/tremo_pwr.o
 .debug_info    0x000045a4     0x1153 ./objects/tremo_rcc.o
 .debug_info    0x000056f7     0x1b7c ./objects/tremo_rtc.o
 .debug_info    0x00007273     0x1608 ./objects/tremo_uart.o
 .debug_info    0x0000887b      0x185 ./objects/delay.o
 .debug_info    0x00008a00     0x1dfa ./objects/timer.o
 .debug_info    0x0000a7fa      0xeba ./objects/cmac.o
 .debug_info    0x0000b6b4     0x3533 ./objects/radio.o
 .debug_info    0x0000ebe7     0x3075 ./objects/sx126x.o
 .debug_info    0x00011c5c     0x1c9c ./objects/rtc-board.o
 .debug_info    0x000138f8     0x2693 ./objects/sx1262-board.o
 .debug_info    0x00015f8b      0xc5f ./objects/utilities.o
 .debug_info    0x00016bea     0x6335 ./objects/loramac.o
 .debug_info    0x0001cf1f     0x22a6 ./objects/loramacclassb.o
 .debug_info    0x0001f1c5     0x11aa ./objects/loramacconfirmqueue.o
 .debug_info    0x0002036f     0x13b0 ./objects/loramaccrypto.o
 .debug_info    0x0002171f     0x2866 ./objects/region.o
 .debug_info    0x00023f85     0x1ac1 ./objects/regioncommon.o
 .debug_info    0x00025a46     0x2e91 ./objects/regioncn470.o
 .debug_info    0x000288d7     0x278a ./objects/classc.o
 .debug_info    0x0002b061     0x17c5 ./objects/main.o
 .debug_info    0x0002c826      0x136 ./objects/tremo_it.o
 .debug_info    0x0002c95c      0xc3a ../../../../../drivers/crypto/lib/libcrypto.a(aes.o)

.debug_abbrev   0x00000000     0x606b
 .debug_abbrev  0x00000000      0x51f ./objects/printf-stdarg.o
 .debug_abbrev  0x0000051f      0x1e0 ./objects/system_cm4.o
 .debug_abbrev  0x000006ff       0x12 ./objects/startup_cm4.o
 .debug_abbrev  0x00000711      0x237 ./objects/tremo_delay.o
 .debug_abbrev  0x00000948      0x24a ./objects/tremo_gpio.o
 .debug_abbrev  0x00000b92      0x224 ./objects/tremo_pwr.o
 .debug_abbrev  0x00000db6      0x276 ./objects/tremo_rcc.o
 .debug_abbrev  0x0000102c      0x491 ./objects/tremo_rtc.o
 .debug_abbrev  0x000014bd      0x402 ./objects/tremo_uart.o
 .debug_abbrev  0x000018bf      0x109 ./objects/delay.o
 .debug_abbrev  0x000019c8      0x5a2 ./objects/timer.o
 .debug_abbrev  0x00001f6a      0x284 ./objects/cmac.o
 .debug_abbrev  0x000021ee      0x57a ./objects/radio.o
 .debug_abbrev  0x00002768      0x514 ./objects/sx126x.o
 .debug_abbrev  0x00002c7c      0x51d ./objects/rtc-board.o
 .debug_abbrev  0x00003199      0x510 ./objects/sx1262-board.o
 .debug_abbrev  0x000036a9      0x25e ./objects/utilities.o
 .debug_abbrev  0x00003907      0x65e ./objects/loramac.o
 .debug_abbrev  0x00003f65      0x3a1 ./objects/loramacclassb.o
 .debug_abbrev  0x00004306      0x323 ./objects/loramacconfirmqueue.o
 .debug_abbrev  0x00004629      0x27a ./objects/loramaccrypto.o
 .debug_abbrev  0x000048a3      0x329 ./objects/region.o
 .debug_abbrev  0x00004bcc      0x4b8 ./objects/regioncommon.o
 .debug_abbrev  0x00005084      0x553 ./objects/regioncn470.o
 .debug_abbrev  0x000055d7      0x4db ./objects/classc.o
 .debug_abbrev  0x00005ab2      0x2bd ./objects/main.o
 .debug_abbrev  0x00005d6f       0xd4 ./objects/tremo_it.o
 .debug_abbrev  0x00005e43      0x228 ../../../../../drivers/crypto/lib/libcrypto.a(aes.o)

.debug_loc      0x00000000    0x110b8
 .debug_loc     0x00000000     0x277f ./objects/printf-stdarg.o
 .debug_loc     0x0000277f       0xc3 ./objects/system_cm4.o
 .debug_loc     0x00002842      0x1d7 ./objects/tremo_delay.o
 .debug_loc     0x00002a19      0x860 ./objects/tremo_gpio.o
 .debug_loc     0x00003279      0x15f ./objects/tremo_pwr.o
 .debug_loc     0x000033d8      0x777 ./objects/tremo_rcc.o
 .debug_loc     0x00003b4f      0xedf ./objects/tremo_rtc.o
 .debug_loc     0x00004a2e      0x6fc ./objects/tremo_uart.o
 .debug_loc     0x0000512a       0xb2 ./objects/delay.o
 .debug_loc     0x000051dc      0x6b0 ./objects/timer.o
 .debug_loc     0x0000588c      0x38c ./objects/cmac.o
 .debug_loc     0x00005c18     0x15ed ./objects/radio.o
 .debug_loc     0x00007205     0x11da ./objects/sx126x.o
 .debug_loc     0x000083df      0x70f ./objects/rtc-board.o
 .debug_loc     0x00008aee      0x82b ./objects/sx1262-board.o
 .debug_loc     0x00009319      0x234 ./objects/utilities.o
 .debug_loc     0x0000954d     0x392b ./objects/loramac.o
 .debug_loc     0x0000ce78       0xe5 ./objects/loramacclassb.o
 .debug_loc     0x0000cf5d      0x581 ./objects/loramacconfirmqueue.o
 .debug_loc     0x0000d4de      0x8b3 ./objects/loramaccrypto.o
 .debug_loc     0x0000dd91     0x103f ./objects/region.o
 .debug_loc     0x0000edd0      0xad8 ./objects/regioncommon.o
 .debug_loc     0x0000f8a8     0x1483 ./objects/regioncn470.o
 .debug_loc     0x00010d2b      0x231 ./objects/classc.o
 .debug_loc     0x00010f5c       0x78 ./objects/main.o
 .debug_loc     0x00010fd4       0xe4 ../../../../../drivers/crypto/lib/libcrypto.a(aes.o)

.debug_aranges  0x00000000     0x1010
 .debug_aranges
                0x00000000       0x88 ./objects/printf-stdarg.o
 .debug_aranges
                0x00000088       0x28 ./objects/system_cm4.o
 .debug_aranges
                0x000000b0       0x28 ./objects/startup_cm4.o
 .debug_aranges
                0x000000d8       0x30 ./objects/tremo_delay.o
 .debug_aranges
                0x00000108       0x78 ./objects/tremo_gpio.o
 .debug_aranges
                0x00000180       0x58 ./objects/tremo_pwr.o
 .debug_aranges
                0x000001d8      0x178 ./objects/tremo_rcc.o
 .debug_aranges
                0x00000350      0x120 ./objects/tremo_rtc.o
 .debug_aranges
                0x00000470       0x98 ./objects/tremo_uart.o
 .debug_aranges
                0x00000508       0x28 ./objects/delay.o
 .debug_aranges
                0x00000530       0x88 ./objects/timer.o
 .debug_aranges
                0x000005b8       0x38 ./objects/cmac.o
 .debug_aranges
                0x000005f0      0x140 ./objects/radio.o
 .debug_aranges
                0x00000730      0x198 ./objects/sx126x.o
 .debug_aranges
                0x000008c8       0x78 ./objects/rtc-board.o
 .debug_aranges
                0x00000940       0xd0 ./objects/sx1262-board.o
 .debug_aranges
                0x00000a10       0x50 ./objects/utilities.o
 .debug_aranges
                0x00000a60      0x148 ./objects/loramac.o
 .debug_aranges
                0x00000ba8       0x80 ./objects/loramacclassb.o
 .debug_aranges
                0x00000c28       0x78 ./objects/loramacconfirmqueue.o
 .debug_aranges
                0x00000ca0       0x50 ./objects/loramaccrypto.o
 .debug_aranges
                0x00000cf0       0xd8 ./objects/region.o
 .debug_aranges
                0x00000dc8       0x88 ./objects/regioncommon.o
 .debug_aranges
                0x00000e50       0xc8 ./objects/regioncn470.o
 .debug_aranges
                0x00000f18       0x50 ./objects/classc.o
 .debug_aranges
                0x00000f68       0x30 ./objects/main.o
 .debug_aranges
                0x00000f98       0x58 ./objects/tremo_it.o
 .debug_aranges
                0x00000ff0       0x20 ../../../../../drivers/crypto/lib/libcrypto.a(aes.o)

.debug_ranges   0x00000000     0x18e0
 .debug_ranges  0x00000000      0x1d0 ./objects/printf-stdarg.o
 .debug_ranges  0x000001d0       0x70 ./objects/system_cm4.o
 .debug_ranges  0x00000240       0x20 ./objects/startup_cm4.o
 .debug_ranges  0x00000260       0x58 ./objects/tremo_delay.o
 .debug_ranges  0x000002b8       0x68 ./objects/tremo_gpio.o
 .debug_ranges  0x00000320       0x60 ./objects/tremo_pwr.o
 .debug_ranges  0x00000380      0x180 ./objects/tremo_rcc.o
 .debug_ranges  0x00000500      0x140 ./objects/tremo_rtc.o
 .debug_ranges  0x00000640       0x88 ./objects/tremo_uart.o
 .debug_ranges  0x000006c8       0x30 ./objects/delay.o
 .debug_ranges  0x000006f8       0xd8 ./objects/timer.o
 .debug_ranges  0x000007d0       0x98 ./objects/cmac.o
 .debug_ranges  0x00000868      0x1a8 ./objects/radio.o
 .debug_ranges  0x00000a10      0x1e8 ./objects/sx126x.o
 .debug_ranges  0x00000bf8      0x158 ./objects/rtc-board.o
 .debug_ranges  0x00000d50      0x188 ./objects/sx1262-board.o
 .debug_ranges  0x00000ed8       0x40 ./objects/utilities.o
 .debug_ranges  0x00000f18      0x338 ./objects/loramac.o
 .debug_ranges  0x00001250       0x70 ./objects/loramacclassb.o
 .debug_ranges  0x000012c0      0x108 ./objects/loramacconfirmqueue.o
 .debug_ranges  0x000013c8       0x40 ./objects/loramaccrypto.o
 .debug_ranges  0x00001408       0xc8 ./objects/region.o
 .debug_ranges  0x000014d0      0x160 ./objects/regioncommon.o
 .debug_ranges  0x00001630      0x1a0 ./objects/regioncn470.o
 .debug_ranges  0x000017d0       0xa8 ./objects/classc.o
 .debug_ranges  0x00001878       0x20 ./objects/main.o
 .debug_ranges  0x00001898       0x48 ./objects/tremo_it.o

.debug_line     0x00000000     0xf825
 .debug_line    0x00000000     0x10e7 ./objects/printf-stdarg.o
 .debug_line    0x000010e7      0x2b7 ./objects/system_cm4.o
 .debug_line    0x0000139e       0x88 ./objects/startup_cm4.o
 .debug_line    0x00001426      0x2df ./objects/tremo_delay.o
 .debug_line    0x00001705      0x6f1 ./objects/tremo_gpio.o
 .debug_line    0x00001df6      0x435 ./objects/tremo_pwr.o
 .debug_line    0x0000222b     0x11e3 ./objects/tremo_rcc.o
 .debug_line    0x0000340e      0xe3f ./objects/tremo_rtc.o
 .debug_line    0x0000424d      0x752 ./objects/tremo_uart.o
 .debug_line    0x0000499f      0x1b0 ./objects/delay.o
 .debug_line    0x00004b4f      0x7aa ./objects/timer.o
 .debug_line    0x000052f9      0x4fe ./objects/cmac.o
 .debug_line    0x000057f7      0xf6e ./objects/radio.o
 .debug_line    0x00006765      0xeb4 ./objects/sx126x.o
 .debug_line    0x00007619      0x6d3 ./objects/rtc-board.o
 .debug_line    0x00007cec      0x937 ./objects/sx1262-board.o
 .debug_line    0x00008623      0x328 ./objects/utilities.o
 .debug_line    0x0000894b     0x33bf ./objects/loramac.o
 .debug_line    0x0000bd0a      0x3b2 ./objects/loramacclassb.o
 .debug_line    0x0000c0bc      0x687 ./objects/loramacconfirmqueue.o
 .debug_line    0x0000c743      0x5be ./objects/loramaccrypto.o
 .debug_line    0x0000cd01      0x68e ./objects/region.o
 .debug_line    0x0000d38f      0x805 ./objects/regioncommon.o
 .debug_line    0x0000db94      0xe2b ./objects/regioncn470.o
 .debug_line    0x0000e9bf      0x726 ./objects/classc.o
 .debug_line    0x0000f0e5      0x382 ./objects/main.o
 .debug_line    0x0000f467      0x156 ./objects/tremo_it.o
 .debug_line    0x0000f5bd      0x268 ../../../../../drivers/crypto/lib/libcrypto.a(aes.o)

.debug_str      0x00000000     0x992a
 .debug_str     0x00000000      0x7c7 ./objects/printf-stdarg.o
                                0x89b (size before relaxing)
 .debug_str     0x000007c7      0x41a ./objects/system_cm4.o
                                0x694 (size before relaxing)
 .debug_str     0x00000be1       0x3b ./objects/startup_cm4.o
                                 0xa9 (size before relaxing)
 .debug_str     0x00000c1c       0xe6 ./objects/tremo_delay.o
                                0x645 (size before relaxing)
 .debug_str     0x00000d02      0x6a9 ./objects/tremo_gpio.o
                                0x92b (size before relaxing)
 .debug_str     0x000013ab       0xf1 ./objects/tremo_pwr.o
                                0x702 (size before relaxing)
 .debug_str     0x0000149c      0xef3 ./objects/tremo_rcc.o
                               0x159c (size before relaxing)
 .debug_str     0x0000238f      0x87a ./objects/tremo_rtc.o
                               0x130a (size before relaxing)
 .debug_str     0x00002c09      0x4d8 ./objects/tremo_uart.o
                                0xfe9 (size before relaxing)
 .debug_str     0x000030e1       0x2b ./objects/delay.o
                                0x287 (size before relaxing)
 .debug_str     0x0000310c      0xa26 ./objects/timer.o
                               0x125b (size before relaxing)
 .debug_str     0x00003b32       0xab ./objects/cmac.o
                                0x6ea (size before relaxing)
 .debug_str     0x00003bdd      0xa13 ./objects/radio.o
                               0x1ab4 (size before relaxing)
 .debug_str     0x000045f0      0x90d ./objects/sx126x.o
                               0x1dad (size before relaxing)
 .debug_str     0x00004efd      0x254 ./objects/rtc-board.o
                               0x13b6 (size before relaxing)
 .debug_str     0x00005151       0xc7 ./objects/sx1262-board.o
                               0x19c8 (size before relaxing)
 .debug_str     0x00005218       0x4b ./objects/utilities.o
                                0x6d1 (size before relaxing)
 .debug_str     0x00005263     0x34e5 ./objects/loramac.o
                               0x4247 (size before relaxing)
 .debug_str     0x00008748       0xf4 ./objects/loramacclassb.o
                               0x21f0 (size before relaxing)
 .debug_str     0x0000883c      0x127 ./objects/loramacconfirmqueue.o
                                0xe1b (size before relaxing)
 .debug_str     0x00008963       0xdd ./objects/loramaccrypto.o
                                0x86c (size before relaxing)
 .debug_str     0x00008a40      0x3cf ./objects/region.o
                               0x1d59 (size before relaxing)
 .debug_str     0x00008e0f      0x3cb ./objects/regioncommon.o
                                0xf3b (size before relaxing)
 .debug_str     0x000091da      0x153 ./objects/regioncn470.o
                               0x1ecd (size before relaxing)
 .debug_str     0x0000932d      0x1bc ./objects/classc.o
                               0x1fcc (size before relaxing)
 .debug_str     0x000094e9       0x75 ./objects/main.o
                                0xf37 (size before relaxing)
 .debug_str     0x0000955e       0xfc ./objects/tremo_it.o
                                0x2a3 (size before relaxing)
 .debug_str     0x0000965a      0x2d0 ../../../../../drivers/crypto/lib/libcrypto.a(aes.o)
                                0x74e (size before relaxing)

.comment        0x00000000       0xc5
 .comment       0x00000000       0x4c ./objects/printf-stdarg.o
                                 0x4d (size before relaxing)
 .comment       0x0000004c       0x4d ./objects/system_cm4.o
 .comment       0x0000004c       0x4d ./objects/tremo_delay.o
 .comment       0x0000004c       0x4d ./objects/tremo_gpio.o
 .comment       0x0000004c       0x4d ./objects/tremo_pwr.o
 .comment       0x0000004c       0x4d ./objects/tremo_rcc.o
 .comment       0x0000004c       0x4d ./objects/tremo_rtc.o
 .comment       0x0000004c       0x4d ./objects/tremo_uart.o
 .comment       0x0000004c       0x4d ./objects/delay.o
 .comment       0x0000004c       0x4d ./objects/timer.o
 .comment       0x0000004c       0x4d ./objects/cmac.o
 .comment       0x0000004c       0x4d ./objects/radio.o
 .comment       0x0000004c       0x4d ./objects/sx126x.o
 .comment       0x0000004c       0x4d ./objects/rtc-board.o
 .comment       0x0000004c       0x4d ./objects/sx1262-board.o
 .comment       0x0000004c       0x4d ./objects/utilities.o
 .comment       0x0000004c       0x4d ./objects/loramac.o
 .comment       0x0000004c       0x4d ./objects/loramacclassb.o
 .comment       0x0000004c       0x4d ./objects/loramacconfirmqueue.o
 .comment       0x0000004c       0x4d ./objects/loramaccrypto.o
 .comment       0x0000004c       0x4d ./objects/region.o
 .comment       0x0000004c       0x4d ./objects/regioncommon.o
 .comment       0x0000004c       0x4d ./objects/regioncn470.o
 .comment       0x0000004c       0x4d ./objects/classc.o
 .comment       0x0000004c       0x4d ./objects/main.o
 .comment       0x0000004c       0x4d ./objects/tremo_it.o
 .comment       0x0000004c       0x79 ../../../../../drivers/crypto/lib/libcrypto.a(aes.o)
                                 0x7a (size before relaxing)

.debug_frame    0x00000000     0x3150
 .debug_frame   0x00000000      0x2a4 ./objects/printf-stdarg.o
 .debug_frame   0x000002a4       0x3c ./objects/system_cm4.o
 .debug_frame   0x000002e0       0x54 ./objects/tremo_delay.o
 .debug_frame   0x00000334      0x114 ./objects/tremo_gpio.o
 .debug_frame   0x00000448       0xa8 ./objects/tremo_pwr.o
 .debug_frame   0x000004f0      0x2d8 ./objects/tremo_rcc.o
 .debug_frame   0x000007c8      0x318 ./objects/tremo_rtc.o
 .debug_frame   0x00000ae0      0x138 ./objects/tremo_uart.o
 .debug_frame   0x00000c18       0x30 ./objects/delay.o
 .debug_frame   0x00000c48      0x184 ./objects/timer.o
 .debug_frame   0x00000dcc       0x8c ./objects/cmac.o
 .debug_frame   0x00000e58      0x3d8 ./objects/radio.o
 .debug_frame   0x00001230      0x4bc ./objects/sx126x.o
 .debug_frame   0x000016ec      0x15c ./objects/rtc-board.o
 .debug_frame   0x00001848      0x254 ./objects/sx1262-board.o
 .debug_frame   0x00001a9c       0x8c ./objects/utilities.o
 .debug_frame   0x00001b28      0x4dc ./objects/loramac.o
 .debug_frame   0x00002004      0x1f0 ./objects/loramacclassb.o
 .debug_frame   0x000021f4      0x124 ./objects/loramacconfirmqueue.o
 .debug_frame   0x00002318      0x100 ./objects/loramaccrypto.o
 .debug_frame   0x00002418      0x200 ./objects/region.o
 .debug_frame   0x00002618      0x188 ./objects/regioncommon.o
 .debug_frame   0x000027a0      0x2b0 ./objects/regioncn470.o
 .debug_frame   0x00002a50       0xcc ./objects/classc.o
 .debug_frame   0x00002b1c       0x60 ./objects/main.o
 .debug_frame   0x00002b7c       0xc0 ./objects/tremo_it.o
 .debug_frame   0x00002c3c       0x88 ../../../../../drivers/crypto/lib/libcrypto.a(aes.o)
 .debug_frame   0x00002cc4       0xac d:/program files/gnu arm embedded toolchain/9 2020-q2-update/bin/../lib/gcc/arm-none-eabi/9.3.1/thumb/v7e-m/nofp\libgcc.a(_arm_addsubdf3.o)