Archive member included to satisfy reference by file (symbol)

../../../drivers/crypto/lib/libcrypto.a(aes.o)
                              ./objects/cmac.o (aes_init)
d:/program files/gnu arm embedded toolchain/9 2020-q2-update/bin/../lib/gcc/arm-none-eabi/9.3.1/../../../../arm-none-eabi/lib/thumb/v7e-m/nofp\libm.a(lib_a-s_ceil.o)
                              ./objects/radio.o (ceil)
d:/program files/gnu arm embedded toolchain/9 2020-q2-update/bin/../lib/gcc/arm-none-eabi/9.3.1/../../../../arm-none-eabi/lib/thumb/v7e-m/nofp\libm.a(lib_a-s_floor.o)
                              ./objects/radio.o (floor)
d:/program files/gnu arm embedded toolchain/9 2020-q2-update/bin/../lib/gcc/arm-none-eabi/9.3.1/../../../../arm-none-eabi/lib/thumb/v7e-m/nofp\libm.a(lib_a-s_rint.o)
                              ./objects/radio.o (rint)
d:/program files/gnu arm embedded toolchain/9 2020-q2-update/bin/../lib/gcc/arm-none-eabi/9.3.1/../../../../arm-none-eabi/lib/thumb/v7e-m/nofp\libm.a(lib_a-s_round.o)
                              ./objects/rtc-board.o (round)
d:/program files/gnu arm embedded toolchain/9 2020-q2-update/bin/../lib/gcc/arm-none-eabi/9.3.1/../../../../arm-none-eabi/lib/thumb/v7e-m/nofp\libm.a(lib_a-w_pow.o)
                              ./objects/ads1115.o (pow)
d:/program files/gnu arm embedded toolchain/9 2020-q2-update/bin/../lib/gcc/arm-none-eabi/9.3.1/../../../../arm-none-eabi/lib/thumb/v7e-m/nofp\libm.a(lib_a-e_pow.o)
                              d:/program files/gnu arm embedded toolchain/9 2020-q2-update/bin/../lib/gcc/arm-none-eabi/9.3.1/../../../../arm-none-eabi/lib/thumb/v7e-m/nofp\libm.a(lib_a-w_pow.o) (__ieee754_pow)
d:/program files/gnu arm embedded toolchain/9 2020-q2-update/bin/../lib/gcc/arm-none-eabi/9.3.1/../../../../arm-none-eabi/lib/thumb/v7e-m/nofp\libm.a(lib_a-e_sqrt.o)
                              d:/program files/gnu arm embedded toolchain/9 2020-q2-update/bin/../lib/gcc/arm-none-eabi/9.3.1/../../../../arm-none-eabi/lib/thumb/v7e-m/nofp\libm.a(lib_a-e_pow.o) (__ieee754_sqrt)
d:/program files/gnu arm embedded toolchain/9 2020-q2-update/bin/../lib/gcc/arm-none-eabi/9.3.1/../../../../arm-none-eabi/lib/thumb/v7e-m/nofp\libm.a(lib_a-s_fabs.o)
                              d:/program files/gnu arm embedded toolchain/9 2020-q2-update/bin/../lib/gcc/arm-none-eabi/9.3.1/../../../../arm-none-eabi/lib/thumb/v7e-m/nofp\libm.a(lib_a-e_pow.o) (fabs)
d:/program files/gnu arm embedded toolchain/9 2020-q2-update/bin/../lib/gcc/arm-none-eabi/9.3.1/../../../../arm-none-eabi/lib/thumb/v7e-m/nofp\libm.a(lib_a-s_finite.o)
                              d:/program files/gnu arm embedded toolchain/9 2020-q2-update/bin/../lib/gcc/arm-none-eabi/9.3.1/../../../../arm-none-eabi/lib/thumb/v7e-m/nofp\libm.a(lib_a-w_pow.o) (finite)
d:/program files/gnu arm embedded toolchain/9 2020-q2-update/bin/../lib/gcc/arm-none-eabi/9.3.1/../../../../arm-none-eabi/lib/thumb/v7e-m/nofp\libm.a(lib_a-s_lib_ver.o)
                              d:/program files/gnu arm embedded toolchain/9 2020-q2-update/bin/../lib/gcc/arm-none-eabi/9.3.1/../../../../arm-none-eabi/lib/thumb/v7e-m/nofp\libm.a(lib_a-w_pow.o) (__fdlib_version)
d:/program files/gnu arm embedded toolchain/9 2020-q2-update/bin/../lib/gcc/arm-none-eabi/9.3.1/../../../../arm-none-eabi/lib/thumb/v7e-m/nofp\libm.a(lib_a-s_nan.o)
                              d:/program files/gnu arm embedded toolchain/9 2020-q2-update/bin/../lib/gcc/arm-none-eabi/9.3.1/../../../../arm-none-eabi/lib/thumb/v7e-m/nofp\libm.a(lib_a-e_pow.o) (nan)
d:/program files/gnu arm embedded toolchain/9 2020-q2-update/bin/../lib/gcc/arm-none-eabi/9.3.1/../../../../arm-none-eabi/lib/thumb/v7e-m/nofp\libm.a(lib_a-s_scalbn.o)
                              d:/program files/gnu arm embedded toolchain/9 2020-q2-update/bin/../lib/gcc/arm-none-eabi/9.3.1/../../../../arm-none-eabi/lib/thumb/v7e-m/nofp\libm.a(lib_a-e_pow.o) (scalbn)
d:/program files/gnu arm embedded toolchain/9 2020-q2-update/bin/../lib/gcc/arm-none-eabi/9.3.1/thumb/v7e-m/nofp\libgcc.a(_arm_muldf3.o)
                              ./objects/printf-stdarg.o (__aeabi_dmul)
d:/program files/gnu arm embedded toolchain/9 2020-q2-update/bin/../lib/gcc/arm-none-eabi/9.3.1/thumb/v7e-m/nofp\libgcc.a(_arm_addsubdf3.o)
                              ./objects/printf-stdarg.o (__aeabi_dsub)
d:/program files/gnu arm embedded toolchain/9 2020-q2-update/bin/../lib/gcc/arm-none-eabi/9.3.1/thumb/v7e-m/nofp\libgcc.a(_arm_muldivdf3.o)
                              ./objects/printf-stdarg.o (__aeabi_ddiv)
d:/program files/gnu arm embedded toolchain/9 2020-q2-update/bin/../lib/gcc/arm-none-eabi/9.3.1/thumb/v7e-m/nofp\libgcc.a(_arm_cmpdf2.o)
                              ./objects/printf-stdarg.o (__aeabi_dcmpeq)
d:/program files/gnu arm embedded toolchain/9 2020-q2-update/bin/../lib/gcc/arm-none-eabi/9.3.1/thumb/v7e-m/nofp\libgcc.a(_arm_unorddf2.o)
[...]
Memory Configuration

Name             Origin             Length             Attributes
FLASH            0x08000000         0x00020000         xr
RAM              0x20000000         0x00004000         xrw
*default*        0x00000000         0xffffffff

Linker script and memory map

LOAD d:/program files/gnu arm embedded toolchain/9 2020-q2-update/bin/../lib/gcc/arm-none-eabi/9.3.1/thumb/v7e-m/nofp/crti.o
LOAD d:/program files/gnu arm embedded toolchain/9 2020-q2-update/bin/../lib/gcc/arm-none-eabi/9.3.1/thumb/v7e-m/nofp/crtbegin.o
LOAD d:/program files/gnu arm embedded toolchain/9 2020-q2-update/bin/../lib/gcc/arm-none-eabi/9.3.1/../../../../arm-none-eabi/lib/thumb/v7e-m/nofp/crt0.o
LOAD ./objects/system_cm4.o
LOAD ./objects/startup_cm4.o
LOAD ./objects/printf-stdarg.o
LOAD ./objects/tremo_adc.o
LOAD ./objects/tremo_bstimer.o
LOAD ./objects/tremo_crc.o
LOAD ./objects/tremo_dac.o
LOAD ./objects/tremo_delay.o
LOAD ./objects/tremo_dma.o
LOAD ./objects/tremo_flash.o
LOAD ./objects/tremo_gpio.o
LOAD ./objects/tremo_i2c.o
LOAD ./objects/tremo_i2s.o
LOAD ./objects/tremo_iwdg.o
LOAD ./objects/tremo_lcd.o
LOAD ./objects/tremo_lptimer.o
LOAD ./objects/tremo_lpuart.o
LOAD ./objects/tremo_pwr.o
LOAD ./objects/tremo_rcc.o
LOAD ./objects/tremo_rtc.o
LOAD ./objects/tremo_spi.o
LOAD ./objects/tremo_system.o
LOAD ./objects/tremo_timer.o
LOAD ./objects/tremo_uart.o
LOAD ./objects/tremo_wdg.o
LOAD ./objects/main.o
LOAD ./objects/tremo_it.o
LOAD ./objects/classa.o
LOAD ./objects/strtohex.o
LOAD ./objects/set_tx_duty_cycle_time.o
LOAD ./objects/gwlog.o
LOAD ./objects/iic.o
LOAD ./objects/ads1115.o
LOAD ./objects/bh1750.o
LOAD ./objects/sgp30.o
LOAD ./objects/dht11.o
LOAD ./objects/sha256.o
LOAD ./objects/gentriplet.o
LOAD ./objects/delay.o
LOAD ./objects/timer.o
LOAD ./objects/cmac.o
LOAD ./objects/radio.o
LOAD ./objects/sx126x.o
LOAD ./objects/rtc-board.o
LOAD ./objects/sx1262-board.o
LOAD ./objects/utilities.o
LOAD ./objects/loramac.o
LOAD ./objects/loramacclassb.o
LOAD ./objects/loramacconfirmqueue.o
LOAD ./objects/loramaccrypto.o
LOAD ./objects/region.o
LOAD ./objects/regioncommon.o
LOAD ./objects/regioncn470.o
LOAD ../../../drivers/crypto/lib/libcrypto.a
LOAD d:/program files/gnu arm embedded toolchain/9 2020-q2-update/bin/../lib/gcc/arm-none-eabi/9.3.1/../../../../arm-none-eabi/lib/thumb/v7e-m/nofp\libm.a
START GROUP
LOAD d:/program files/gnu arm embedded toolchain/9 2020-q2-update/bin/../lib/gcc/arm-none-eabi/9.3.1/thumb/v7e-m/nofp\libgcc.a
LOAD d:/program files/gnu arm embedded toolchain/9 2020-q2-update/bin/../lib/gcc/arm-none-eabi/9.3.1/../../../../arm-none-eabi/lib/thumb/v7e-m/nofp\libc.a
END GROUP
START GROUP
LOAD d:/program files/gnu arm embedded toolchain/9 2020-q2-update/bin/../lib/gcc/arm-none-eabi/9.3.1/thumb/v7e-m/nofp\libgcc.a
LOAD d:/program files/gnu arm embedded toolchain/9 2020-q2-update/bin/../lib/gcc/arm-none-eabi/9.3.1/../../../../arm-none-eabi/lib/thumb/v7e-m/nofp\libc.a
LOAD d:/program files/gnu arm embedded toolchain/9 2020-q2-update/bin/../lib/gcc/arm-none-eabi/9.3.1/../../../../arm-none-eabi/lib/thumb/v7e-m/nofp\libnosys.a
END GROUP
LOAD d:/program files/gnu arm embedded toolchain/9 2020-q2-update/bin/../lib/gcc/arm-none-eabi/9.3.1/thumb/v7e-m/nofp/crtend.o
LOAD d:/program files/gnu arm embedded toolchain/9 2020-q2-update/bin/../lib/gcc/arm-none-eabi/9.3.1/thumb/v7e-m/nofp/crtn.o
                0x20004000                _estack = 0x20004000
                0x00000000                _HEAP_SIZE = 0x0
                0x00001000                _STACK_SIZE = 0x1000

.isr_vector     0x08000000       0xd4
                0x08000000                . = ALIGN (0x4)
 *(.isr_vector)
 .isr_vector    0x08000000       0xd4 ./objects/startup_cm4.o
                0x08000000                g_pfnVectors
                0x080000d4                . = ALIGN (0x4)

.text           0x08000100    0x115c0
                0x08000100                . = ALIGN (0x4)
 *(.text)
 .text          0x08000100       0x40 d:/program files/gnu arm embedded toolchain/9 2020-q2-update/bin/../lib/gcc/arm-none-eabi/9.3.1/thumb/v7e-m/nofp/crtbegin.o
 .text          0x08000140      0x1ec ../../../drivers/crypto/lib/libcrypto.a(aes.o)
                0x08000140                aes_init
                0x08000250                aes_crypto
                0x080002f4                aes_close
 .text          0x0800032c      0x378 d:/program files/gnu arm embedded toolchain/9 2020-q2-update/bin/../lib/gcc/arm-none-eabi/9.3.1/thumb/v7e-m/nofp\libgcc.a(_arm_addsubdf3.o)
                0x0800032c                __aeabi_drsub
                0x08000334                __aeabi_dsub
                0x08000334                __subdf3
                0x08000338                __aeabi_dadd
                0x08000338                __adddf3
                0x080005b0                __floatunsidf
                0x080005b0                __aeabi_ui2d
                0x080005d0                __floatsidf
                0x080005d0                __aeabi_i2d
                0x080005f4                __aeabi_f2d
                0x080005f4                __extendsfdf2
                0x08000638                __floatundidf
                0x08000638                __aeabi_ul2d
                0x08000648                __floatdidf
                0x08000648                __aeabi_l2d
 .text          0x080006a4      0x424 d:/program files/gnu arm embedded toolchain/9 2020-q2-update/bin/../lib/gcc/arm-none-eabi/9.3.1/thumb/v7e-m/nofp\libgcc.a(_arm_muldivdf3.o)
                0x080006a4                __aeabi_dmul
                0x080006a4                __muldf3
                0x080008f8                __divdf3
                0x080008f8                __aeabi_ddiv
 .text          0x08000ac8      0x110 d:/program files/gnu arm embedded toolchain/9 2020-q2-update/bin/../lib/gcc/arm-none-eabi/9.3.1/thumb/v7e-m/nofp\libgcc.a(_arm_cmpdf2.o)
                0x08000ac8                __gtdf2
                0x08000ac8                __gedf2
                0x08000ad0                __ltdf2
                0x08000ad0                __ledf2
                0x08000ad8                __nedf2
                0x08000ad8                __eqdf2
                0x08000ad8                __cmpdf2
                0x08000b54                __aeabi_cdrcmple
                0x08000b64                __aeabi_cdcmpeq
                0x08000b64                __aeabi_cdcmple
                0x08000b74                __aeabi_dcmpeq
                0x08000b88                __aeabi_dcmplt
                0x08000b9c                __aeabi_dcmple
                0x08000bb0                __aeabi_dcmpge
                0x08000bc4                __aeabi_dcmpgt
 .text          0x08000bd8       0x2c d:/program files/gnu arm embedded toolchain/9 2020-q2-update/bin/../lib/gcc/arm-none-eabi/9.3.1/thumb/v7e-m/nofp\libgcc.a(_arm_unorddf2.o)
                0x08000bd8                __unorddf2
                0x08000bd8                __aeabi_dcmpun
 .text          0x08000c04       0x50 d:/program files/gnu arm embedded toolchain/9 2020-q2-update/bin/../lib/gcc/arm-none-eabi/9.3.1/thumb/v7e-m/nofp\libgcc.a(_arm_fixdfsi.o)
                0x08000c04                __aeabi_d2iz
                0x08000c04                __fixdfsi
 .text          0x08000c54       0x40 d:/program files/gnu arm embedded toolchain/9 2020-q2-update/bin/../lib/gcc/arm-none-eabi/9.3.1/thumb/v7e-m/nofp\libgcc.a(_arm_fixunsdfsi.o)
                0x08000c54                __aeabi_d2uiz
                0x08000c54                __fixunsdfsi
 .text          0x08000c94       0x30 d:/program files/gnu arm embedded toolchain/9 2020-q2-update/bin/../lib/gcc/arm-none-eabi/9.3.1/thumb/v7e-m/nofp\libgcc.a(_aeabi_uldivmod.o)
                0x08000c94                __aeabi_uldivmod
 .text          0x08000cc4       0x3c d:/program files/gnu arm embedded toolchain/9 2020-q2-update/bin/../lib/gcc/arm-none-eabi/9.3.1/thumb/v7e-m/nofp\libgcc.a(_fixunsdfdi.o)
                0x08000cc4                __fixunsdfdi
                0x08000cc4                __aeabi_d2ulz
 .text          0x08000d00      0x2c0 d:/program files/gnu arm embedded toolchain/9 2020-q2-update/bin/../lib/gcc/arm-none-eabi/9.3.1/thumb/v7e-m/nofp\libgcc.a(_udivmoddi4.o)
                0x08000d00                __udivmoddi4
 .text          0x08000fc0        0x4 d:/program files/gnu arm embedded toolchain/9 2020-q2-update/bin/../lib/gcc/arm-none-eabi/9.3.1/thumb/v7e-m/nofp\libgcc.a(_dvmd_tls.o)
                0x08000fc0                __aeabi_idiv0
                0x08000fc0                __aeabi_ldiv0
 .text          0x08000fc4      0x134 d:/program files/gnu arm embedded toolchain/9 2020-q2-update/bin/../lib/gcc/arm-none-eabi/9.3.1/../../../../arm-none-eabi/lib/thumb/v7e-m/nofp\libc.a(lib_a-memcpy.o)
                0x08000fc4                memcpy
 *fill*         0x080010f8        0x8 
 .text          0x08001100       0xdc d:/program files/gnu arm embedded toolchain/9 2020-q2-update/bin/../lib/gcc/arm-none-eabi/9.3.1/../../../../arm-none-eabi/lib/thumb/v7e-m/nofp\libc.a(lib_a-strlen.o)
                0x08001100                strlen
 *fill*         0x080011dc        0x4 
 .text          0x080011e0       0xa0 d:/program files/gnu arm embedded toolchain/9 2020-q2-update/bin/../lib/gcc/arm-none-eabi/9.3.1/../../../../arm-none-eabi/lib/thumb/v7e-m/nofp\libc.a(lib_a-memchr.o)
                0x080011e0                memchr
 *(.text*)
 .text.nvic_init
                0x08001280       0x24 ./objects/system_cm4.o
                0x08001280                nvic_init
 .text.system_init
                0x080012a4       0x44 ./objects/system_cm4.o
                0x080012a4                system_init
 .text.Reset_Handler
                0x080012e8       0x48 ./objects/startup_cm4.o
                0x080012e8                Reset_Handler
 .text.Default_Handler
                0x08001330        0x2 ./objects/startup_cm4.o
                0x08001330                GPIO_IRQHandler
                0x08001330                SCC_IRQHandler
                0x08001330                TIMER2_IRQHandler
                0x08001330                EFC_IRQHandler
                0x08001330                I2C0_IRQHandler
                0x08001330                SAC_IRQHandler
                0x08001330                I2C1_IRQHandler
                0x08001330                UART1_IRQHandler
                0x08001330                BSTIMER0_IRQHandler
                0x08001330                TIMER3_IRQHandler
                0x08001330                SEC_IRQHandler
                0x08001330                WDG_IRQHandler
                0x08001330                LPTIMER1_IRQHandler
                0x08001330                LPTIMER0_IRQHandler
                0x08001330                SSP0_IRQHandler
                0x08001330                I2S_IRQHandler
                0x08001330                I2C2_IRQHandler
                0x08001330                TIMER0_IRQHandler
                0x08001330                LCD_IRQHandler
                0x08001330                LPUART_IRQHandler
                0x08001330                TIMER1_IRQHandler
                0x08001330                UART2_IRQHandler
                0x08001330                Default_Handler
                0x08001330                ADC_IRQHandler
                0x08001330                SSP1_IRQHandler
                0x08001330                DMA0_IRQHandler
                0x08001330                IWDG_IRQHandler
                0x08001330                SSP2_IRQHandler
                0x08001330                BSTIMER1_IRQHandler
                0x08001330                DAC_IRQHandler
                0x08001330                AFEC_IRQHandler
                0x08001330                UART3_IRQHandler
                0x08001330                QSPI_IRQHandler
                0x08001330                DMA1_IRQHandler
 .text._out_buffer
                0x08001332        0x8 ./objects/printf-stdarg.o
 .text._out_null
                0x0800133a        0x2 ./objects/printf-stdarg.o
 .text._out_rev
                0x0800133c       0x96 ./objects/printf-stdarg.o
 .text._ntoa_format
                0x080013d2      0x10a ./objects/printf-stdarg.o
 .text._ntoa_long
                0x080014dc       0x82 ./objects/printf-stdarg.o
 .text._ntoa_long_long
                0x0800155e       0xa6 ./objects/printf-stdarg.o
 .text._out_char
                0x08001604       0x10 ./objects/printf-stdarg.o
 *fill*         0x08001614        0x4 
 .text._ftoa    0x08001618      0x32c ./objects/printf-stdarg.o
 *fill*         0x08001944        0x4 
 .text._etoa    0x08001948      0x3b8 ./objects/printf-stdarg.o
 .text._vsnprintf
                0x08001d00      0x550 ./objects/printf-stdarg.o
 .text.__wrap_printf
                0x08002250       0x28 ./objects/printf-stdarg.o
                0x08002250                __wrap_printf
 .text.__wrap_sprintf
                0x08002278       0x28 ./objects/printf-stdarg.o
                0x08002278                __wrap_sprintf
 .text.delay_init
                0x080022a0       0x48 ./objects/tremo_delay.o
                0x080022a0                delay_init
 .text.delay_us
                0x080022e8       0x30 ./objects/tremo_delay.o
                0x080022e8                delay_us
 .text.delay_ms
                0x08002318        0xa ./objects/tremo_delay.o
                0x08002318                delay_ms
 *fill*         0x08002322        0x2 
 .text.gpio_init
                0x08002324      0x124 ./objects/tremo_gpio.o
                0x08002324                gpio_init
 .text.gpio_write
                0x08002448       0xb4 ./objects/tremo_gpio.o
                0x08002448                gpio_write
 .text.gpio_read
                0x080024fc       0x12 ./objects/tremo_gpio.o
                0x080024fc                gpio_read
 *fill*         0x0800250e        0x2 
 .text.gpio_set_iomux
                0x08002510       0x40 ./objects/tremo_gpio.o
                0x08002510                gpio_set_iomux
 .text.deepsleep
                0x08002550       0xc0 ./objects/tremo_pwr.o
                0x08002550                deepsleep
 .text.pwr_deepsleep_wfi
                0x08002610        0x6 ./objects/tremo_pwr.o
                0x08002610                pwr_deepsleep_wfi
 *fill*         0x08002616        0x2 
 .text.pwr_xo32k_lpm_cmd
                0x08002618       0x18 ./objects/tremo_pwr.o
                0x08002618                pwr_xo32k_lpm_cmd
 .text.rcc_get_clk_freq
                0x08002630       0x9c ./objects/tremo_rcc.o
                0x08002630                rcc_get_clk_freq
 .text.rcc_set_adc_clk_source
                0x080026cc       0x28 ./objects/tremo_rcc.o
                0x080026cc                rcc_set_adc_clk_source
 .text.rcc_get_uart0_clk_source
                0x080026f4        0xc ./objects/tremo_rcc.o
                0x080026f4                rcc_get_uart0_clk_source
 .text.rcc_get_uart1_clk_source
                0x08002700        0xc ./objects/tremo_rcc.o
                0x08002700                rcc_get_uart1_clk_source
 .text.rcc_get_uart2_clk_source
                0x0800270c        0xc ./objects/tremo_rcc.o
                0x0800270c                rcc_get_uart2_clk_source
 .text.rcc_get_uart3_clk_source
                0x08002718        0xc ./objects/tremo_rcc.o
                0x08002718                rcc_get_uart3_clk_source
 .text.rcc_get_rtc_clk_source
                0x08002724        0xc ./objects/tremo_rcc.o
                0x08002724                rcc_get_rtc_clk_source
 .text.rcc_enable_peripheral_clk
                0x08002730      0x4b4 ./objects/tremo_rcc.o
                0x08002730                rcc_enable_peripheral_clk
 .text.rcc_enable_oscillator
                0x08002be4       0xfc ./objects/tremo_rcc.o
                0x08002be4                rcc_enable_oscillator
 .text.rcc_rst_peripheral
                0x08002ce0       0x4a ./objects/tremo_rcc.o
                0x08002ce0                rcc_rst_peripheral
 .text.rtc_deinit
                0x08002d2a       0x1e ./objects/tremo_rtc.o
                0x08002d2a                rtc_deinit
 .text.rtc_check_syn
                0x08002d48       0x14 ./objects/tremo_rtc.o
                0x08002d48                rtc_check_syn
 .text.rtc_calendar_cmd
                0x08002d5c       0x20 ./objects/tremo_rtc.o
                0x08002d5c                rtc_calendar_cmd
 .text.rtc_cyc_cmd
                0x08002d7c       0x20 ./objects/tremo_rtc.o
                0x08002d7c                rtc_cyc_cmd
 .text.rtc_config_cyc_wakeup
                0x08002d9c       0x24 ./objects/tremo_rtc.o
                0x08002d9c                rtc_config_cyc_wakeup
 .text.rtc_get_calendar
                0x08002dc0       0xdc ./objects/tremo_rtc.o
                0x08002dc0                rtc_get_calendar
 .text.rtc_set_status
                0x08002e9c       0x30 ./objects/tremo_rtc.o
                0x08002e9c                rtc_set_status
 .text.rtc_get_status
                0x08002ecc       0x38 ./objects/tremo_rtc.o
                0x08002ecc                rtc_get_status
 .text.rtc_config_interrupt
                0x08002f04       0x38 ./objects/tremo_rtc.o
                0x08002f04                rtc_config_interrupt
 .text.rtc_config_cyc_max
                0x08002f3c       0x14 ./objects/tremo_rtc.o
                0x08002f3c                rtc_config_cyc_max
 .text.system_get_chip_id
                0x08002f50       0x1c ./objects/tremo_system.o
                0x08002f50                system_get_chip_id
 .text.uart_send_data
                0x08002f6c        0xa ./objects/tremo_uart.o
                0x08002f6c                uart_send_data
 .text.uart_receive_data
                0x08002f76        0xc ./objects/tremo_uart.o
                0x08002f76                uart_receive_data
 .text.uart_config_interrupt
                0x08002f82       0x10 ./objects/tremo_uart.o
                0x08002f82                uart_config_interrupt
 .text.uart_config_init
                0x08002f92       0x16 ./objects/tremo_uart.o
                0x08002f92                uart_config_init
 .text.uart_cmd
                0x08002fa8       0x12 ./objects/tremo_uart.o
                0x08002fa8                uart_cmd
 *fill*         0x08002fba        0x2 
 .text.uart_init
                0x08002fbc      0x140 ./objects/tremo_uart.o
                0x08002fbc                uart_init
 .text.rcc_init
                0x080030fc       0x78 ./objects/main.o
                0x080030fc                rcc_init
 .text.uart_log_init
                0x08003174       0x40 ./objects/main.o
                0x08003174                uart_log_init
 .text.startup.main
                0x080031b4      0x1c0 ./objects/main.o
                0x080031b4                main
 .text.NMI_Handler
                0x08003374        0x2 ./objects/tremo_it.o
                0x08003374                NMI_Handler
 .text.HardFault_Handler
                0x08003376        0x2 ./objects/tremo_it.o
                0x08003376                HardFault_Handler
 .text.MemManage_Handler
                0x08003378        0x2 ./objects/tremo_it.o
                0x08003378                MemManage_Handler
 .text.BusFault_Handler
                0x0800337a        0x2 ./objects/tremo_it.o
                0x0800337a                BusFault_Handler
 .text.UsageFault_Handler
                0x0800337c        0x2 ./objects/tremo_it.o
                0x0800337c                UsageFault_Handler
 .text.SVC_Handler
                0x0800337e        0x2 ./objects/tremo_it.o
                0x0800337e                SVC_Handler
 .text.PendSV_Handler
                0x08003380        0x2 ./objects/tremo_it.o
                0x08003380                PendSV_Handler
 .text.SysTick_Handler
                0x08003382        0x2 ./objects/tremo_it.o
                0x08003382                SysTick_Handler
 .text.PWR_IRQHandler
                0x08003384        0x2 ./objects/tremo_it.o
                0x08003384                PWR_IRQHandler
 *fill*         0x08003386        0x2 
 .text.UART0_IRQHandler
                0x08003388       0x5c ./objects/tremo_it.o
                0x08003388                UART0_IRQHandler
 .text.LORA_IRQHandler
                0x080033e4        0x4 ./objects/tremo_it.o
                0x080033e4                LORA_IRQHandler
 .text.RTC_IRQHandler
                0x080033e8        0x4 ./objects/tremo_it.o
                0x080033e8                RTC_IRQHandler
 .text.McpsConfirm
                0x080033ec        0xc ./objects/classa.o
 .text.BoardGetBatteryLevel
                0x080033f8        0x4 ./objects/classa.o
                0x080033f8                BoardGetBatteryLevel
 .text.MlmeConfirm
                0x080033fc       0x98 ./objects/classa.o
 .text.OnTxNextPacketTimerEvent
                0x08003494       0x5c ./objects/classa.o
 .text.MlmeIndication
                0x080034f0        0xc ./objects/classa.o
 .text.McpsIndication
                0x080034fc      0x130 ./objects/classa.o
 .text.app_start
                0x0800362c      0x410 ./objects/classa.o
                0x0800362c                app_start
 .text.StringToHex
                0x08003a3c       0x70 ./objects/strtohex.o
                0x08003a3c                StringToHex
 .text.parse_TxDutyCycleTime_instruction
                0x08003aac       0xf4 ./objects/set_tx_duty_cycle_time.o
                0x08003aac                parse_TxDutyCycleTime_instruction
 .text.logLevelGet
                0x08003ba0       0x38 ./objects/gwlog.o
                0x08003ba0                logLevelGet
 .text.gw_log   0x08003bd8       0x7c ./objects/gwlog.o
                0x08003bd8                gw_log
 .text.delay    0x08003c54        0x6 ./objects/iic.o
                0x08003c54                delay
 *fill*         0x08003c5a        0x2 
 .text.IIC_GPIOInit
                0x08003c5c       0x28 ./objects/iic.o
                0x08003c5c                IIC_GPIOInit
 .text.IIC_Start
                0x08003c84       0x44 ./objects/iic.o
                0x08003c84                IIC_Start
 .text.IIC_Stop
                0x08003cc8       0x48 ./objects/iic.o
                0x08003cc8                IIC_Stop
 .text.IIC_WaitAck
                0x08003d10       0x88 ./objects/iic.o
                0x08003d10                IIC_WaitAck
 .text.IIC_Ack  0x08003d98       0x44 ./objects/iic.o
                0x08003d98                IIC_Ack
 .text.IIC_NoAck
                0x08003ddc       0x44 ./objects/iic.o
                0x08003ddc                IIC_NoAck
 .text.IIC_SendByte
                0x08003e20       0x50 ./objects/iic.o
                0x08003e20                IIC_SendByte
 .text.IIC_RecvByte
                0x08003e70       0x60 ./objects/iic.o
                0x08003e70                IIC_RecvByte
 .text.ads1115Config
                0x08003ed0       0x70 ./objects/ads1115.o
                0x08003ed0                ads1115Config
 .text.recvConvertionVal
                0x08003f40       0xb4 ./objects/ads1115.o
                0x08003f40                recvConvertionVal
 .text.getAD    0x08003ff4       0x54 ./objects/ads1115.o
                0x08003ff4                getAD
 .text.getADS1115value
                0x08004048      0x150 ./objects/ads1115.o
                0x08004048                getADS1115value
 .text.VoltageToPPM
                0x08004198      0x31c ./objects/ads1115.o
                0x08004198                VoltageToPPM
 .text.bh1750_Start
                0x080044b4       0x58 ./objects/bh1750.o
                0x080044b4                bh1750_Start
 .text.bh1750_Get
                0x0800450c       0xc8 ./objects/bh1750.o
                0x0800450c                bh1750_Get
 .text.sgp30_Init
                0x080045d4       0x64 ./objects/sgp30.o
                0x080045d4                sgp30_Init
 .text.sgp30_Get
                0x08004638       0xe8 ./objects/sgp30.o
                0x08004638                sgp30_Get
 .text.DHT11_GPIO_OUT
                0x08004720       0x1c ./objects/dht11.o
                0x08004720                DHT11_GPIO_OUT
 .text.DHT11_GPIO_IN
                0x0800473c       0x1c ./objects/dht11.o
                0x0800473c                DHT11_GPIO_IN
 .text.DHT11_Read_Byte
                0x08004758       0x74 ./objects/dht11.o
                0x08004758                DHT11_Read_Byte
 .text.dht11_Read
                0x080047cc      0x174 ./objects/dht11.o
                0x080047cc                dht11_Read
 .text._hash    0x08004940      0x134 ./objects/sha256.o
 .text.sha256_init
                0x08004a74       0x54 ./objects/sha256.o
                0x08004a74                sha256_init
 .text.sha256_hash
                0x08004ac8       0x46 ./objects/sha256.o
                0x08004ac8                sha256_hash
 .text.sha256_done
                0x08004b0e       0xaa ./objects/sha256.o
                0x08004b0e                sha256_done
 .text.sha256   0x08004bb8       0x26 ./objects/sha256.o
                0x08004bb8                sha256
 .text.uint32ToBytes
                0x08004bde        0x6 ./objects/sha256.o
                0x08004bde                uint32ToBytes
 .text.genTriplet
                0x08004be4       0xd0 ./objects/gentriplet.o
                0x08004be4                genTriplet
 .text.DelayMs  0x08004cb4        0x4 ./objects/delay.o
                0x08004cb4                DelayMs
 .text.TimeStampsUpdate
                0x08004cb8       0x2c ./objects/timer.o
 .text.TimerInsertNewHeadTimer
                0x08004ce4       0x1c ./objects/timer.o
 .text.TimerSetSysTime
                0x08004d00       0x30 ./objects/timer.o
                0x08004d00                TimerSetSysTime
 .text.TimerInit
                0x08004d30        0xe ./objects/timer.o
                0x08004d30                TimerInit
 *fill*         0x08004d3e        0x2 
 .text.TimerStart
                0x08004d40       0x78 ./objects/timer.o
                0x08004d40                TimerStart
 .text.TimerIrqHandler
                0x08004db8       0x68 ./objects/timer.o
                0x08004db8                TimerIrqHandler
 .text.TimerStop
                0x08004e20       0x60 ./objects/timer.o
                0x08004e20                TimerStop
 .text.TimerSetValue
                0x08004e80       0x10 ./objects/timer.o
                0x08004e80                TimerSetValue
 .text.TimerGetCurrentTime
                0x08004e90       0x18 ./objects/timer.o
                0x08004e90                TimerGetCurrentTime
 .text.TimerGetSysTime
                0x08004ea8       0x2c ./objects/timer.o
                0x08004ea8                TimerGetSysTime
 .text.TimerGetElapsedTime
                0x08004ed4       0x12 ./objects/timer.o
                0x08004ed4                TimerGetElapsedTime
 *fill*         0x08004ee6        0x2 
 .text.TimerLowPowerHandler
                0x08004ee8       0x20 ./objects/timer.o
                0x08004ee8                TimerLowPowerHandler
 .text.AES_CMAC_Init
                0x08004f08       0x14 ./objects/cmac.o
                0x08004f08                AES_CMAC_Init
 .text.AES_CMAC_SetKey
                0x08004f1c        0xc ./objects/cmac.o
                0x08004f1c                AES_CMAC_SetKey
 .text.AES_CMAC_Update
                0x08004f28       0xb0 ./objects/cmac.o
                0x08004f28                AES_CMAC_Update
 .text.AES_CMAC_Final
                0x08004fd8      0x15e ./objects/cmac.o
                0x08004fd8                AES_CMAC_Final
 .text.RadioCheckRfFrequency
                0x08005136        0x4 ./objects/radio.o
                0x08005136                RadioCheckRfFrequency
 *fill*         0x0800513a        0x2 
 .text.RadioOnTxTimeoutIrq
                0x0800513c       0x14 ./objects/radio.o
                0x0800513c                RadioOnTxTimeoutIrq
 .text.RadioOnRxTimeoutIrq
                0x08005150       0x14 ./objects/radio.o
                0x08005150                RadioOnRxTimeoutIrq
 .text.RadioStandby
                0x08005164        0x6 ./objects/radio.o
                0x08005164                RadioStandby
 *fill*         0x0800516a        0x2 
 .text.RadioInit
                0x0800516c       0x6c ./objects/radio.o
                0x0800516c                RadioInit
 .text.RadioGetStatus
                0x080051d8       0x18 ./objects/radio.o
                0x080051d8                RadioGetStatus
 .text.RadioSetChannel
                0x080051f0        0x4 ./objects/radio.o
                0x080051f0                RadioSetChannel
 .text.RadioRssi
                0x080051f4        0xa ./objects/radio.o
                0x080051f4                RadioRssi
 .text.RadioRead
                0x080051fe        0x4 ./objects/radio.o
                0x080051fe                RadioRead
 .text.RadioWrite
                0x08005202        0x4 ./objects/radio.o
                0x08005202                RadioWrite
 *fill*         0x08005206        0x2 
 .text.RadioSend
                0x08005208       0x54 ./objects/radio.o
                0x08005208                RadioSend
 .text.RadioSleep
                0x0800525c       0x14 ./objects/radio.o
                0x0800525c                RadioSleep
 .text.RadioSetRxDutyCycle
                0x08005270        0x4 ./objects/radio.o
                0x08005270                RadioSetRxDutyCycle
 .text.RadioStartCad
                0x08005274       0x6c ./objects/radio.o
                0x08005274                RadioStartCad
 .text.RadioSetTxContinuousWave
                0x080052e0       0x4c ./objects/radio.o
                0x080052e0                RadioSetTxContinuousWave
 .text.RadioWriteBuffer
                0x0800532c        0x4 ./objects/radio.o
                0x0800532c                RadioWriteBuffer
 .text.RadioReadBuffer
                0x08005330        0x4 ./objects/radio.o
                0x08005330                RadioReadBuffer
 .text.RadioGetWakeupTime
                0x08005334        0xa ./objects/radio.o
                0x08005334                RadioGetWakeupTime
 *fill*         0x0800533e        0x2 
 .text.RadioOnCadTimeoutIrq
                0x08005340       0x20 ./objects/radio.o
                0x08005340                RadioOnCadTimeoutIrq
 .text.RadioGetFskBandwidthRegValue
                0x08005360       0x34 ./objects/radio.o
 .text.RadioSetMaxPayloadLength
                0x08005394       0x28 ./objects/radio.o
                0x08005394                RadioSetMaxPayloadLength
 .text.RadioRx  0x080053bc       0x44 ./objects/radio.o
                0x080053bc                RadioRx
 .text.RadioRxBoosted
                0x08005400       0x40 ./objects/radio.o
                0x08005400                RadioRxBoosted
 .text.RadioIrqProcess
                0x08005440      0x160 ./objects/radio.o
                0x08005440                RadioIrqProcess
 .text.RadioSetPublicNetwork
                0x080055a0       0x3c ./objects/radio.o
                0x080055a0                RadioSetPublicNetwork
 .text.RadioSetModem.part.0
                0x080055dc       0x24 ./objects/radio.o
 .text.RadioSetModem
                0x08005600       0x20 ./objects/radio.o
                0x08005600                RadioSetModem
 .text.RadioIsChannelFree
                0x08005620       0x4e ./objects/radio.o
                0x08005620                RadioIsChannelFree
 .text.RadioRandom
                0x0800566e       0x3c ./objects/radio.o
                0x0800566e                RadioRandom
 *fill*         0x080056aa        0x2 
 .text.RadioSymbTime
                0x080056ac       0x2c ./objects/radio.o
                0x080056ac                RadioSymbTime
 .text.RadioSetRxConfig
                0x080056d8      0x21c ./objects/radio.o
                0x080056d8                RadioSetRxConfig
 *fill*         0x080058f4        0x4 
 .text.RadioSetTxConfig
                0x080058f8      0x198 ./objects/radio.o
                0x080058f8                RadioSetTxConfig
 .text.RadioTimeOnAir
                0x08005a90      0x190 ./objects/radio.o
                0x08005a90                RadioTimeOnAir
 .text.RadioOnDioIrq
                0x08005c20       0x24 ./objects/radio.o
                0x08005c20                RadioOnDioIrq
 .text.SX126xGetOperatingMode
                0x08005c44        0xc ./objects/sx126x.o
                0x08005c44                SX126xGetOperatingMode
 .text.SX126xSetOperatingMode
                0x08005c50        0xc ./objects/sx126x.o
                0x08005c50                SX126xSetOperatingMode
 .text.SX126xCheckDeviceReady
                0x08005c5c       0x24 ./objects/sx126x.o
                0x08005c5c                SX126xCheckDeviceReady
 .text.SX126xSetPayload
                0x08005c80        0xa ./objects/sx126x.o
                0x08005c80                SX126xSetPayload
 .text.SX126xSetSyncWord
                0x08005c8a       0x12 ./objects/sx126x.o
                0x08005c8a                SX126xSetSyncWord
 .text.SX126xSetCrcSeed
                0x08005c9c       0x24 ./objects/sx126x.o
                0x08005c9c                SX126xSetCrcSeed
 .text.SX126xSetCrcPolynomial
                0x08005cc0       0x24 ./objects/sx126x.o
                0x08005cc0                SX126xSetCrcPolynomial
 .text.SX126xSetWhiteningSeed
                0x08005ce4       0x38 ./objects/sx126x.o
                0x08005ce4                SX126xSetWhiteningSeed
 .text.SX126xSetSleep
                0x08005d1c       0x24 ./objects/sx126x.o
                0x08005d1c                SX126xSetSleep
 .text.SX126xSetStandby
                0x08005d40       0x2c ./objects/sx126x.o
                0x08005d40                SX126xSetStandby
 .text.SX126xSetTx
                0x08005d6c       0x2c ./objects/sx126x.o
                0x08005d6c                SX126xSetTx
 .text.SX126xSendPayload
                0x08005d98       0x12 ./objects/sx126x.o
                0x08005d98                SX126xSendPayload
 *fill*         0x08005daa        0x2 
 .text.SX126xSetRx
                0x08005dac       0x2c ./objects/sx126x.o
                0x08005dac                SX126xSetRx
 .text.SX126xSetRxBoosted
                0x08005dd8       0x38 ./objects/sx126x.o
                0x08005dd8                SX126xSetRxBoosted
 .text.SX126xSetRxDutyCycle
                0x08005e10       0x38 ./objects/sx126x.o
                0x08005e10                SX126xSetRxDutyCycle
 .text.SX126xSetCad
                0x08005e48       0x18 ./objects/sx126x.o
                0x08005e48                SX126xSetCad
 .text.SX126xSetTxContinuousWave
                0x08005e60        0xa ./objects/sx126x.o
                0x08005e60                SX126xSetTxContinuousWave
 .text.SX126xSetStopRxTimerOnPreambleDetect
                0x08005e6a       0x18 ./objects/sx126x.o
                0x08005e6a                SX126xSetStopRxTimerOnPreambleDetect
 .text.SX126xSetLoRaSymbNumTimeout
                0x08005e82       0x18 ./objects/sx126x.o
                0x08005e82                SX126xSetLoRaSymbNumTimeout
 .text.SX126xSetRegulatorMode
                0x08005e9a       0x18 ./objects/sx126x.o
                0x08005e9a                SX126xSetRegulatorMode
 *fill*         0x08005eb2        0x2 
 .text.SX126xCalibrateImage
                0x08005eb4       0x64 ./objects/sx126x.o
                0x08005eb4                SX126xCalibrateImage
 .text.SX126xSetPaConfig
                0x08005f18       0x24 ./objects/sx126x.o
                0x08005f18                SX126xSetPaConfig
 .text.SX126xSetDioIrqParams
                0x08005f3c       0x2a ./objects/sx126x.o
                0x08005f3c                SX126xSetDioIrqParams
 .text.SX126xGetIrqStatus
                0x08005f66       0x1e ./objects/sx126x.o
                0x08005f66                SX126xGetIrqStatus
 .text.SX126xSetDio2AsRfSwitchCtrl
                0x08005f84       0x18 ./objects/sx126x.o
                0x08005f84                SX126xSetDio2AsRfSwitchCtrl
 .text.SX126xInit
                0x08005f9c       0x28 ./objects/sx126x.o
                0x08005f9c                SX126xInit
 *fill*         0x08005fc4        0x4 
 .text.SX126xSetRfFrequency
                0x08005fc8       0x4c ./objects/sx126x.o
                0x08005fc8                SX126xSetRfFrequency
 .text.SX126xSetPacketType
                0x08006014       0x20 ./objects/sx126x.o
                0x08006014                SX126xSetPacketType
 .text.SX126xGetPacketType
                0x08006034        0xc ./objects/sx126x.o
                0x08006034                SX126xGetPacketType
 .text.SX126xSetTxParams
                0x08006040       0xbc ./objects/sx126x.o
                0x08006040                SX126xSetTxParams
 *fill*         0x080060fc        0x4 
 .text.SX126xSetModulationParams
                0x08006100       0xb4 ./objects/sx126x.o
                0x08006100                SX126xSetModulationParams
 .text.SX126xSetPacketParams
                0x080061b4       0xac ./objects/sx126x.o
                0x080061b4                SX126xSetPacketParams
 .text.SX126xSetCadParams
                0x08006260       0x3c ./objects/sx126x.o
                0x08006260                SX126xSetCadParams
 .text.SX126xSetBufferBaseAddress
                0x0800629c       0x1a ./objects/sx126x.o
                0x0800629c                SX126xSetBufferBaseAddress
 .text.SX126xGetRssiInst
                0x080062b6       0x1a ./objects/sx126x.o
                0x080062b6                SX126xGetRssiInst
 .text.SX126xGetRxBufferStatus
                0x080062d0       0x48 ./objects/sx126x.o
                0x080062d0                SX126xGetRxBufferStatus
 .text.SX126xGetPayload
                0x08006318       0x32 ./objects/sx126x.o
                0x08006318                SX126xGetPayload
 *fill*         0x0800634a        0x2 
 .text.SX126xGetPacketStatus
                0x0800634c       0x80 ./objects/sx126x.o
                0x0800634c                SX126xGetPacketStatus
 .text.SX126xClearIrqStatus
                0x080063cc       0x18 ./objects/sx126x.o
                0x080063cc                SX126xClearIrqStatus
 .text.RtcInit  0x080063e4       0x30 ./objects/rtc-board.o
                0x080063e4                RtcInit
 .text.RtcSetTimeout
                0x08006414       0x8c ./objects/rtc-board.o
                0x08006414                RtcSetTimeout
 .text.RtcStopTimeout
                0x080064a0       0x14 ./objects/rtc-board.o
                0x080064a0                RtcStopTimeout
 .text.RtcGetTimerContext
                0x080064b4        0xc ./objects/rtc-board.o
                0x080064b4                RtcGetTimerContext
 .text.RtcGetTimerValue
                0x080064c0      0x120 ./objects/rtc-board.o
                0x080064c0                RtcGetTimerValue
 .text.RtcSetTimerContext
                0x080065e0       0x18 ./objects/rtc-board.o
                0x080065e0                RtcSetTimerContext
 .text.RtcGetElapsedTime
                0x080065f8       0x18 ./objects/rtc-board.o
                0x080065f8                RtcGetElapsedTime
 .text.RtcEnterLowPowerStopMode
                0x08006610       0x20 ./objects/rtc-board.o
                0x08006610                RtcEnterLowPowerStopMode
 .text.RtcOnIrq
                0x08006630       0x32 ./objects/rtc-board.o
                0x08006630                RtcOnIrq
 .text.BoardDisableIrq
                0x08006662        0x4 ./objects/sx1262-board.o
                0x08006662                BoardDisableIrq
 .text.BoardEnableIrq
                0x08006666        0x4 ./objects/sx1262-board.o
                0x08006666                BoardEnableIrq
 *fill*         0x0800666a        0x2 
 .text.SpiInOut
                0x0800666c       0x18 ./objects/sx1262-board.o
                0x0800666c                SpiInOut
 .text.SX126xLoracInit
                0x08006684       0x5c ./objects/sx1262-board.o
                0x08006684                SX126xLoracInit
 .text.SX126xGetBoardTcxoWakeupTime
                0x080066e0        0x4 ./objects/sx1262-board.o
                0x080066e0                SX126xGetBoardTcxoWakeupTime
 .text.SX126xReset
                0x080066e4       0x40 ./objects/sx1262-board.o
                0x080066e4                SX126xReset
 .text.SX126xWaitOnBusy
                0x08006724       0x18 ./objects/sx1262-board.o
                0x08006724                SX126xWaitOnBusy
 .text.SX126xWakeup
                0x0800673c       0x30 ./objects/sx1262-board.o
                0x0800673c                SX126xWakeup
 .text.SX126xWriteCommand
                0x0800676c       0x44 ./objects/sx1262-board.o
                0x0800676c                SX126xWriteCommand
 .text.SX126xReadCommand
                0x080067b0       0x48 ./objects/sx1262-board.o
                0x080067b0                SX126xReadCommand
 .text.SX126xWriteRegisters
                0x080067f8       0x48 ./objects/sx1262-board.o
                0x080067f8                SX126xWriteRegisters
 .text.SX126xWriteRegister
                0x08006840       0x16 ./objects/sx1262-board.o
                0x08006840                SX126xWriteRegister
 *fill*         0x08006856        0x2 
 .text.SX126xReadRegisters
                0x08006858       0x50 ./objects/sx1262-board.o
                0x08006858                SX126xReadRegisters
 .text.SX126xReadRegister
                0x080068a8       0x16 ./objects/sx1262-board.o
                0x080068a8                SX126xReadRegister
 *fill*         0x080068be        0x2 
 .text.SX126xWriteBuffer
                0x080068c0       0x48 ./objects/sx1262-board.o
                0x080068c0                SX126xWriteBuffer
 .text.SX126xReadBuffer
                0x08006908       0x50 ./objects/sx1262-board.o
                0x08006908                SX126xReadBuffer
 .text.SX126xSetRfTxPower
                0x08006958        0x6 ./objects/sx1262-board.o
                0x08006958                SX126xSetRfTxPower
 .text.SX126xGetPaSelect
                0x0800695e        0x4 ./objects/sx1262-board.o
                0x0800695e                SX126xGetPaSelect
 *fill*         0x08006962        0x2 
 .text.SX126xAntSwOn
                0x08006964       0x10 ./objects/sx1262-board.o
                0x08006964                SX126xAntSwOn
 .text.SX126xAntSwOff
                0x08006974       0x10 ./objects/sx1262-board.o
                0x08006974                SX126xAntSwOff
 .text.rand1    0x08006984       0x28 ./objects/utilities.o
                0x08006984                rand1
 .text.srand1   0x080069ac        0xc ./objects/utilities.o
                0x080069ac                srand1
 .text.randr    0x080069b8       0x1a ./objects/utilities.o
                0x080069b8                randr
 .text.memcpy1  0x080069d2       0x14 ./objects/utilities.o
                0x080069d2                memcpy1
 .text.memcpyr  0x080069e6       0x14 ./objects/utilities.o
                0x080069e6                memcpyr
 .text.memset1  0x080069fa        0xe ./objects/utilities.o
                0x080069fa                memset1
 .text.SetMlmeScheduleUplinkIndication
                0x08006a08       0x1c ./objects/loramac.o
 .text.AddMacCommand
                0x08006a24      0x17c ./objects/loramac.o
 .text.ResetMacParameters
                0x08006ba0       0x8c ./objects/loramac.o
 .text.ValidatePayloadLength
                0x08006c2c       0x5c ./objects/loramac.o
 .text.OnAckTimeoutTimerEvent
                0x08006c88       0x44 ./objects/loramac.o
 .text.PrepareRxDoneAbort
                0x08006ccc       0x5c ./objects/loramac.o
 .text.ProcessMacCommands
                0x08006d28      0x478 ./objects/loramac.o
 .text.OnRadioRxDone
                0x080071a0      0x5a8 ./objects/loramac.o
 .text.RxWindowSetup
                0x08007748       0x14 ./objects/loramac.o
 .text.OnRxWindow1TimerEvent
                0x0800775c       0x74 ./objects/loramac.o
 .text.OnRxWindow2TimerEvent
                0x080077d0       0x74 ./objects/loramac.o
 .text.OpenContinuousRx2Window
                0x08007844       0x14 ./objects/loramac.o
 .text.OnRadioRxTimeout
                0x08007858       0xe0 ./objects/loramac.o
 .text.OnRadioTxTimeout
                0x08007938       0x3c ./objects/loramac.o
 .text.OnRadioRxError
                0x08007974       0xe0 ./objects/loramac.o
 .text.OnRadioTxDone
                0x08007a54      0x128 ./objects/loramac.o
 .text.PrepareFrame
                0x08007b7c      0x38c ./objects/loramac.o
                0x08007b7c                PrepareFrame
 .text.SendFrameOnChannel
                0x08007f08      0x114 ./objects/loramac.o
                0x08007f08                SendFrameOnChannel
 .text.ScheduleTx
                0x0800801c      0x1a4 ./objects/loramac.o
 .text.Send     0x080081c0       0x44 ./objects/loramac.o
                0x080081c0                Send
 .text.OnTxDelayedTimerEvent
                0x08008204       0x7c ./objects/loramac.o
 .text.OnMacStateCheckTimerEvent
                0x08008280      0x32c ./objects/loramac.o
 .text.SetTxContinuousWave
                0x080085ac       0x60 ./objects/loramac.o
                0x080085ac                SetTxContinuousWave
 .text.SetTxContinuousWave1
                0x0800860c       0x40 ./objects/loramac.o
                0x0800860c                SetTxContinuousWave1
 .text.LoRaMacInitialization
                0x0800864c      0x2f4 ./objects/loramac.o
                0x0800864c                LoRaMacInitialization
 .text.LoRaMacQueryTxPossible
                0x08008940       0xdc ./objects/loramac.o
                0x08008940                LoRaMacQueryTxPossible
 .text.LoRaMacMibGetRequestConfirm
                0x08008a1c      0x150 ./objects/loramac.o
                0x08008a1c                LoRaMacMibGetRequestConfirm
 .text.LoRaMacMulticastChannelLink
                0x08008b6c       0x40 ./objects/loramac.o
                0x08008b6c                LoRaMacMulticastChannelLink
 .text.LoRaMacMulticastChannelUnlink
                0x08008bac       0x44 ./objects/loramac.o
                0x08008bac                LoRaMacMulticastChannelUnlink
 .text.LoRaMacMibSetRequestConfirm
                0x08008bf0      0x350 ./objects/loramac.o
                0x08008bf0                LoRaMacMibSetRequestConfirm
 .text.LoRaMacMlmeRequest
                0x08008f40      0x218 ./objects/loramac.o
                0x08008f40                LoRaMacMlmeRequest
 .text.LoRaMacMcpsRequest
                0x08009158      0x130 ./objects/loramac.o
                0x08009158                LoRaMacMcpsRequest
 .text.LoRaMacClassBInit
                0x08009288        0x2 ./objects/loramacclassb.o
                0x08009288                LoRaMacClassBInit
 .text.LoRaMacClassBSetBeaconState
                0x0800928a        0x2 ./objects/loramacclassb.o
                0x0800928a                LoRaMacClassBSetBeaconState
 .text.LoRaMacClassBSetPingSlotState
                0x0800928c        0x2 ./objects/loramacclassb.o
                0x0800928c                LoRaMacClassBSetPingSlotState
 .text.LoRaMacClassBSetMulticastSlotState
                0x0800928e        0x2 ./objects/loramacclassb.o
                0x0800928e                LoRaMacClassBSetMulticastSlotState
 .text.LoRaMacClassBIsAcquisitionInProgress
                0x08009290        0x4 ./objects/loramacclassb.o
                0x08009290                LoRaMacClassBIsAcquisitionInProgress
 .text.LoRaMacClassBBeaconTimerEvent
                0x08009294        0x2 ./objects/loramacclassb.o
                0x08009294                LoRaMacClassBBeaconTimerEvent
 .text.LoRaMacClassBPingSlotTimerEvent
                0x08009296        0x2 ./objects/loramacclassb.o
                0x08009296                LoRaMacClassBPingSlotTimerEvent
 .text.LoRaMacClassBMulticastSlotTimerEvent
                0x08009298        0x2 ./objects/loramacclassb.o
                0x08009298                LoRaMacClassBMulticastSlotTimerEvent
 .text.LoRaMacClassBRxBeacon
                0x0800929a        0x4 ./objects/loramacclassb.o
                0x0800929a                LoRaMacClassBRxBeacon
 .text.LoRaMacClassBIsBeaconExpected
                0x0800929e        0x4 ./objects/loramacclassb.o
                0x0800929e                LoRaMacClassBIsBeaconExpected
 .text.LoRaMacClassBIsPingExpected
                0x080092a2        0x4 ./objects/loramacclassb.o
                0x080092a2                LoRaMacClassBIsPingExpected
 .text.LoRaMacClassBIsMulticastExpected
                0x080092a6        0x4 ./objects/loramacclassb.o
                0x080092a6                LoRaMacClassBIsMulticastExpected
 .text.LoRaMacClassBIsBeaconModeActive
                0x080092aa        0x4 ./objects/loramacclassb.o
                0x080092aa                LoRaMacClassBIsBeaconModeActive
 .text.LoRaMacClassBSetPingSlotInfo
                0x080092ae        0x2 ./objects/loramacclassb.o
                0x080092ae                LoRaMacClassBSetPingSlotInfo
 .text.LoRaMacClassBHaltBeaconing
                0x080092b0        0x2 ./objects/loramacclassb.o
                0x080092b0                LoRaMacClassBHaltBeaconing
 .text.LoRaMacClassBResumeBeaconing
                0x080092b2        0x2 ./objects/loramacclassb.o
                0x080092b2                LoRaMacClassBResumeBeaconing
 .text.LoRaMacClassBSwitchClass
                0x080092b4        0x4 ./objects/loramacclassb.o
                0x080092b4                LoRaMacClassBSwitchClass
 .text.LoRaMacClassBMibGetRequestConfirm
                0x080092b8        0x4 ./objects/loramacclassb.o
                0x080092b8                LoRaMacClassBMibGetRequestConfirm
 .text.LoRaMacMibClassBSetRequestConfirm
                0x080092bc        0x4 ./objects/loramacclassb.o
                0x080092bc                LoRaMacMibClassBSetRequestConfirm
 .text.LoRaMacClassBPingSlotInfoAns
                0x080092c0        0x2 ./objects/loramacclassb.o
                0x080092c0                LoRaMacClassBPingSlotInfoAns
 .text.LoRaMacClassBPingSlotChannelReq
                0x080092c2        0x4 ./objects/loramacclassb.o
                0x080092c2                LoRaMacClassBPingSlotChannelReq
 .text.LoRaMacClassBBeaconTimingAns
                0x080092c6        0x2 ./objects/loramacclassb.o
                0x080092c6                LoRaMacClassBBeaconTimingAns
 .text.LoRaMacClassBDeviceTimeAns
                0x080092c8        0x2 ./objects/loramacclassb.o
                0x080092c8                LoRaMacClassBDeviceTimeAns
 .text.LoRaMacClassBBeaconFreqReq
                0x080092ca        0x4 ./objects/loramacclassb.o
                0x080092ca                LoRaMacClassBBeaconFreqReq
 .text.LoRaMacClassBIsUplinkCollision
                0x080092ce        0x6 ./objects/loramacclassb.o
                0x080092ce                LoRaMacClassBIsUplinkCollision
 .text.LoRaMacClassBStopRxSlots
                0x080092d4        0x2 ./objects/loramacclassb.o
                0x080092d4                LoRaMacClassBStopRxSlots
 .text.LoRaMacClassBSetMulticastPeriodicity
                0x080092d6        0x2 ./objects/loramacclassb.o
                0x080092d6                LoRaMacClassBSetMulticastPeriodicity
 .text.LoRaMacConfirmQueueInit
                0x080092d8       0x34 ./objects/loramacconfirmqueue.o
                0x080092d8                LoRaMacConfirmQueueInit
 .text.LoRaMacConfirmQueueAdd
                0x0800930c       0x44 ./objects/loramacconfirmqueue.o
                0x0800930c                LoRaMacConfirmQueueAdd
 .text.LoRaMacConfirmQueueRemoveLast
                0x08009350       0x28 ./objects/loramacconfirmqueue.o
                0x08009350                LoRaMacConfirmQueueRemoveLast
 .text.LoRaMacConfirmQueueRemoveFirst
                0x08009378       0x28 ./objects/loramacconfirmqueue.o
                0x08009378                LoRaMacConfirmQueueRemoveFirst
 .text.LoRaMacConfirmQueueSetStatus
                0x080093a0       0x40 ./objects/loramacconfirmqueue.o
                0x080093a0                LoRaMacConfirmQueueSetStatus
 .text.LoRaMacConfirmQueueGetStatus
                0x080093e0       0x3c ./objects/loramacconfirmqueue.o
                0x080093e0                LoRaMacConfirmQueueGetStatus
 .text.LoRaMacConfirmQueueSetStatusCmn
                0x0800941c       0x44 ./objects/loramacconfirmqueue.o
                0x0800941c                LoRaMacConfirmQueueSetStatusCmn
 .text.LoRaMacConfirmQueueGetStatusCmn
                0x08009460        0xc ./objects/loramacconfirmqueue.o
                0x08009460                LoRaMacConfirmQueueGetStatusCmn
 .text.LoRaMacConfirmQueueIsCmdActive
                0x0800946c       0x38 ./objects/loramacconfirmqueue.o
                0x0800946c                LoRaMacConfirmQueueIsCmdActive
 .text.LoRaMacConfirmQueueHandleCb
                0x080094a4       0x60 ./objects/loramacconfirmqueue.o
                0x080094a4                LoRaMacConfirmQueueHandleCb
 .text.LoRaMacConfirmQueueGetCnt
                0x08009504        0xc ./objects/loramacconfirmqueue.o
                0x08009504                LoRaMacConfirmQueueGetCnt
 .text.LoRaMacConfirmQueueIsFull
                0x08009510       0x14 ./objects/loramacconfirmqueue.o
                0x08009510                LoRaMacConfirmQueueIsFull
 .text.LoRaMacComputeMic
                0x08009524       0x70 ./objects/loramaccrypto.o
                0x08009524                LoRaMacComputeMic
 .text.LoRaMacPayloadEncrypt
                0x08009594       0xe0 ./objects/loramaccrypto.o
                0x08009594                LoRaMacPayloadEncrypt
 .text.LoRaMacPayloadDecrypt
                0x08009674       0x10 ./objects/loramaccrypto.o
                0x08009674                LoRaMacPayloadDecrypt
 .text.LoRaMacJoinComputeMic
                0x08009684       0x3c ./objects/loramaccrypto.o
                0x08009684                LoRaMacJoinComputeMic
 .text.LoRaMacJoinDecrypt
                0x080096c0       0x3e ./objects/loramaccrypto.o
                0x080096c0                LoRaMacJoinDecrypt
 .text.LoRaMacJoinComputeSKeys
                0x080096fe       0x86 ./objects/loramaccrypto.o
                0x080096fe                LoRaMacJoinComputeSKeys
 .text.RegionIsActive
                0x08009784        0x8 ./objects/region.o
                0x08009784                RegionIsActive
 .text.RegionGetPhyParam
                0x0800978c       0x14 ./objects/region.o
                0x0800978c                RegionGetPhyParam
 .text.RegionSetBandTxDone
                0x080097a0        0xc ./objects/region.o
                0x080097a0                RegionSetBandTxDone
 .text.RegionInitDefaults
                0x080097ac        0xc ./objects/region.o
                0x080097ac                RegionInitDefaults
 .text.RegionVerify
                0x080097b8       0x12 ./objects/region.o
                0x080097b8                RegionVerify
 .text.RegionApplyCFList
                0x080097ca        0xc ./objects/region.o
                0x080097ca                RegionApplyCFList
 .text.RegionChanMaskSet
                0x080097d6        0xe ./objects/region.o
                0x080097d6                RegionChanMaskSet
 .text.RegionAdrNext
                0x080097e4       0x20 ./objects/region.o
                0x080097e4                RegionAdrNext
 .text.RegionComputeRxWindowParameters
                0x08009804       0x1e ./objects/region.o
                0x08009804                RegionComputeRxWindowParameters
 .text.RegionRxConfig
                0x08009822       0x12 ./objects/region.o
                0x08009822                RegionRxConfig
 .text.RegionTxConfig
                0x08009834       0x1e ./objects/region.o
                0x08009834                RegionTxConfig
 .text.RegionLinkAdrReq
                0x08009852       0x20 ./objects/region.o
                0x08009852                RegionLinkAdrReq
 .text.RegionRxParamSetupReq
                0x08009872        0xe ./objects/region.o
                0x08009872                RegionRxParamSetupReq
 .text.RegionNewChannelReq
                0x08009880        0xe ./objects/region.o
                0x08009880                RegionNewChannelReq
 .text.RegionTxParamSetupReq
                0x0800988e        0xe ./objects/region.o
                0x0800988e                RegionTxParamSetupReq
 .text.RegionDlChannelReq
                0x0800989c        0xe ./objects/region.o
                0x0800989c                RegionDlChannelReq
 .text.RegionAlternateDr
                0x080098aa        0xe ./objects/region.o
                0x080098aa                RegionAlternateDr
 .text.RegionCalcBackOff
                0x080098b8        0xc ./objects/region.o
                0x080098b8                RegionCalcBackOff
 .text.RegionNextChannel
                0x080098c4       0x20 ./objects/region.o
                0x080098c4                RegionNextChannel
 .text.RegionSetContinuousWave
                0x080098e4        0xc ./objects/region.o
                0x080098e4                RegionSetContinuousWave
 .text.RegionApplyDrOffset
                0x080098f0       0x1e ./objects/region.o
                0x080098f0                RegionApplyDrOffset
 *fill*         0x0800990e        0x2 
 .text.RegionCommonGetJoinDc
                0x08009910       0x30 ./objects/regioncommon.o
                0x08009910                RegionCommonGetJoinDc
 .text.RegionCommonChanVerifyDr
                0x08009940       0x66 ./objects/regioncommon.o
                0x08009940                RegionCommonChanVerifyDr
 .text.RegionCommonValueInRange
                0x080099a6       0x12 ./objects/regioncommon.o
                0x080099a6                RegionCommonValueInRange
 .text.RegionCommonCountChannels
                0x080099b8       0x3c ./objects/regioncommon.o
                0x080099b8                RegionCommonCountChannels
 .text.RegionCommonChanMaskCopy
                0x080099f4       0x1e ./objects/regioncommon.o
                0x080099f4                RegionCommonChanMaskCopy
 .text.RegionCommonSetBandTxDone
                0x08009a12        0xe ./objects/regioncommon.o
                0x08009a12                RegionCommonSetBandTxDone
 .text.RegionCommonUpdateBandTimeOff
                0x08009a20      0x10a ./objects/regioncommon.o
                0x08009a20                RegionCommonUpdateBandTimeOff
 .text.RegionCommonParseLinkAdrReq
                0x08009b2a       0x34 ./objects/regioncommon.o
                0x08009b2a                RegionCommonParseLinkAdrReq
 *fill*         0x08009b5e        0x2 
 .text.RegionCommonComputeSymbolTimeLoRa
                0x08009b60       0x34 ./objects/regioncommon.o
                0x08009b60                RegionCommonComputeSymbolTimeLoRa
 .text.RegionCommonComputeRxWindowParameters
                0x08009b94       0xac ./objects/regioncommon.o
                0x08009b94                RegionCommonComputeRxWindowParameters
 .text.RegionCommonComputeTxPower
                0x08009c40       0x30 ./objects/regioncommon.o
                0x08009c40                RegionCommonComputeTxPower
 .text.RegionCN470GetPhyParam
                0x08009c70      0x108 ./objects/regioncn470.o
                0x08009c70                RegionCN470GetPhyParam
 .text.RegionCN470SetBandTxDone
                0x08009d78       0x2c ./objects/regioncn470.o
                0x08009d78                RegionCN470SetBandTxDone
 .text.RegionCN470InitDefaults
                0x08009da4       0x6c ./objects/regioncn470.o
                0x08009da4                RegionCN470InitDefaults
 .text.RegionCN470Verify
                0x08009e10       0x3c ./objects/regioncn470.o
                0x08009e10                RegionCN470Verify
 .text.RegionCN470ApplyCFList
                0x08009e4c        0x2 ./objects/regioncn470.o
                0x08009e4c                RegionCN470ApplyCFList
 *fill*         0x08009e4e        0x2 
 .text.RegionCN470ChanMaskSet
                0x08009e50       0x34 ./objects/regioncn470.o
                0x08009e50                RegionCN470ChanMaskSet
 .text.RegionCN470AdrNext
                0x08009e84       0x80 ./objects/regioncn470.o
                0x08009e84                RegionCN470AdrNext
 .text.RegionCN470ComputeRxWindowParameters
                0x08009f04       0x74 ./objects/regioncn470.o
                0x08009f04                RegionCN470ComputeRxWindowParameters
 .text.RegionCN470RxConfig
                0x08009f78       0xac ./objects/regioncn470.o
                0x08009f78                RegionCN470RxConfig
 .text.RegionCN470TxConfig
                0x0800a024       0xb8 ./objects/regioncn470.o
                0x0800a024                RegionCN470TxConfig
 .text.RegionCN470LinkAdrReq
                0x0800a0dc      0x118 ./objects/regioncn470.o
                0x0800a0dc                RegionCN470LinkAdrReq
 .text.RegionCN470RxParamSetupReq
                0x0800a1f4       0x68 ./objects/regioncn470.o
                0x0800a1f4                RegionCN470RxParamSetupReq
 .text.RegionCN470NewChannelReq
                0x0800a25c        0x4 ./objects/regioncn470.o
                0x0800a25c                RegionCN470NewChannelReq
 .text.RegionCN470TxParamSetupReq
                0x0800a260        0x6 ./objects/regioncn470.o
                0x0800a260                RegionCN470TxParamSetupReq
 .text.RegionCN470DlChannelReq
                0x0800a266        0x4 ./objects/regioncn470.o
                0x0800a266                RegionCN470DlChannelReq
 .text.RegionCN470AlternateDr
                0x0800a26a       0x3e ./objects/regioncn470.o
                0x0800a26a                RegionCN470AlternateDr
 .text.RegionCN470CalcBackOff
                0x0800a2a8       0x64 ./objects/regioncn470.o
                0x0800a2a8                RegionCN470CalcBackOff
 .text.RegionCN470NextChannel
                0x0800a30c      0x158 ./objects/regioncn470.o
                0x0800a30c                RegionCN470NextChannel
 .text.RegionCN470SetContinuousWave
                0x0800a464       0x4c ./objects/regioncn470.o
                0x0800a464                RegionCN470SetContinuousWave
 .text.RegionCN470ApplyDrOffset
                0x0800a4b0        0xc ./objects/regioncn470.o
                0x0800a4b0                RegionCN470ApplyDrOffset
 *fill*         0x0800a4bc        0x4 
 .text.ceil     0x0800a4c0       0xf8 d:/program files/gnu arm embedded toolchain/9 2020-q2-update/bin/../lib/gcc/arm-none-eabi/9.3.1/../../../../arm-none-eabi/lib/thumb/v7e-m/nofp\libm.a(lib_a-s_ceil.o)
                0x0800a4c0                ceil
 .text.floor    0x0800a5b8       0xf8 d:/program files/gnu arm embedded toolchain/9 2020-q2-update/bin/../lib/gcc/arm-none-eabi/9.3.1/../../../../arm-none-eabi/lib/thumb/v7e-m/nofp\libm.a(lib_a-s_floor.o)
                0x0800a5b8                floor
 .text.rint     0x0800a6b0      0x120 d:/program files/gnu arm embedded toolchain/9 2020-q2-update/bin/../lib/gcc/arm-none-eabi/9.3.1/../../../../arm-none-eabi/lib/thumb/v7e-m/nofp\libm.a(lib_a-s_rint.o)
                0x0800a6b0                rint
 .text.round    0x0800a7d0       0x94 d:/program files/gnu arm embedded toolchain/9 2020-q2-update/bin/../lib/gcc/arm-none-eabi/9.3.1/../../../../arm-none-eabi/lib/thumb/v7e-m/nofp\libm.a(lib_a-s_round.o)
                0x0800a7d0                round
 .text.pow      0x0800a864      0x180 d:/program files/gnu arm embedded toolchain/9 2020-q2-update/bin/../lib/gcc/arm-none-eabi/9.3.1/../../../../arm-none-eabi/lib/thumb/v7e-m/nofp\libm.a(lib_a-w_pow.o)
                0x0800a864                pow
 *fill*         0x0800a9e4        0x4 
 .text.__ieee754_pow
                0x0800a9e8      0xb00 d:/program files/gnu arm embedded toolchain/9 2020-q2-update/bin/../lib/gcc/arm-none-eabi/9.3.1/../../../../arm-none-eabi/lib/thumb/v7e-m/nofp\libm.a(lib_a-e_pow.o)
                0x0800a9e8                __ieee754_pow
 .text.__ieee754_sqrt
                0x0800b4e8      0x188 d:/program files/gnu arm embedded toolchain/9 2020-q2-update/bin/../lib/gcc/arm-none-eabi/9.3.1/../../../../arm-none-eabi/lib/thumb/v7e-m/nofp\libm.a(lib_a-e_sqrt.o)
                0x0800b4e8                __ieee754_sqrt
 .text.fabs     0x0800b670        0x8 d:/program files/gnu arm embedded toolchain/9 2020-q2-update/bin/../lib/gcc/arm-none-eabi/9.3.1/../../../../arm-none-eabi/lib/thumb/v7e-m/nofp\libm.a(lib_a-s_fabs.o)
                0x0800b670                fabs
 .text.finite   0x0800b678        0xc d:/program files/gnu arm embedded toolchain/9 2020-q2-update/bin/../lib/gcc/arm-none-eabi/9.3.1/../../../../arm-none-eabi/lib/thumb/v7e-m/nofp\libm.a(lib_a-s_finite.o)
                0x0800b678                finite
 .text.nan      0x0800b684        0xc d:/program files/gnu arm embedded toolchain/9 2020-q2-update/bin/../lib/gcc/arm-none-eabi/9.3.1/../../../../arm-none-eabi/lib/thumb/v7e-m/nofp\libm.a(lib_a-s_nan.o)
                0x0800b684                nan
 .text.scalbn   0x0800b690       0xf4 d:/program files/gnu arm embedded toolchain/9 2020-q2-update/bin/../lib/gcc/arm-none-eabi/9.3.1/../../../../arm-none-eabi/lib/thumb/v7e-m/nofp\libm.a(lib_a-s_scalbn.o)
                0x0800b690                scalbn
 .text.__errno  0x0800b784        0xc d:/program files/gnu arm embedded toolchain/9 2020-q2-update/bin/../lib/gcc/arm-none-eabi/9.3.1/../../../../arm-none-eabi/lib/thumb/v7e-m/nofp\libc.a(lib_a-errno.o)
                0x0800b784                __errno
 .text.__libc_init_array
                0x0800b790       0x48 d:/program files/gnu arm embedded toolchain/9 2020-q2-update/bin/../lib/gcc/arm-none-eabi/9.3.1/../../../../arm-none-eabi/lib/thumb/v7e-m/nofp\libc.a(lib_a-init.o)
                0x0800b790                __libc_init_array
 .text.memset   0x0800b7d8       0xa0 d:/program files/gnu arm embedded toolchain/9 2020-q2-update/bin/../lib/gcc/arm-none-eabi/9.3.1/../../../../arm-none-eabi/lib/thumb/v7e-m/nofp\libc.a(lib_a-memset.o)
                0x0800b7d8                memset
 .text._vsnprintf_r
                0x0800b878       0x70 d:/program files/gnu arm embedded toolchain/9 2020-q2-update/bin/../lib/gcc/arm-none-eabi/9.3.1/../../../../arm-none-eabi/lib/thumb/v7e-m/nofp\libc.a(lib_a-vsnprintf.o)
                0x0800b878                _vsnprintf_r
 .text.vsnprintf
                0x0800b8e8       0x20 d:/program files/gnu arm embedded toolchain/9 2020-q2-update/bin/../lib/gcc/arm-none-eabi/9.3.1/../../../../arm-none-eabi/lib/thumb/v7e-m/nofp\libc.a(lib_a-vsnprintf.o)
                0x0800b8e8                vsnprintf
 .text.startup.register_fini
                0x0800b908       0x14 d:/program files/gnu arm embedded toolchain/9 2020-q2-update/bin/../lib/gcc/arm-none-eabi/9.3.1/../../../../arm-none-eabi/lib/thumb/v7e-m/nofp\libc.a(lib_a-__call_atexit.o)
 .text.atexit   0x0800b91c        0xc d:/program files/gnu arm embedded toolchain/9 2020-q2-update/bin/../lib/gcc/arm-none-eabi/9.3.1/../../../../arm-none-eabi/lib/thumb/v7e-m/nofp\libc.a(lib_a-atexit.o)
                0x0800b91c                atexit
 .text.__libc_fini_array
                0x0800b928       0x2c d:/program files/gnu arm embedded toolchain/9 2020-q2-update/bin/../lib/gcc/arm-none-eabi/9.3.1/../../../../arm-none-eabi/lib/thumb/v7e-m/nofp\libc.a(lib_a-fini.o)
                0x0800b928                __libc_fini_array
 .text.__retarget_lock_init_recursive
                0x0800b954        0x4 d:/program files/gnu arm embedded toolchain/9 2020-q2-update/bin/../lib/gcc/arm-none-eabi/9.3.1/../../../../arm-none-eabi/lib/thumb/v7e-m/nofp\libc.a(lib_a-lock.o)
                0x0800b954                __retarget_lock_init_recursive
 .text.__retarget_lock_close_recursive
                0x0800b958        0x4 d:/program files/gnu arm embedded toolchain/9 2020-q2-update/bin/../lib/gcc/arm-none-eabi/9.3.1/../../../../arm-none-eabi/lib/thumb/v7e-m/nofp\libc.a(lib_a-lock.o)
                0x0800b958                __retarget_lock_close_recursive
 .text.__retarget_lock_acquire_recursive
                0x0800b95c        0x4 d:/program files/gnu arm embedded toolchain/9 2020-q2-update/bin/../lib/gcc/arm-none-eabi/9.3.1/../../../../arm-none-eabi/lib/thumb/v7e-m/nofp\libc.a(lib_a-lock.o)
                0x0800b95c                __retarget_lock_acquire_recursive
 .text.__retarget_lock_release_recursive
                0x0800b960        0x4 d:/program files/gnu arm embedded toolchain/9 2020-q2-update/bin/../lib/gcc/arm-none-eabi/9.3.1/../../../../arm-none-eabi/lib/thumb/v7e-m/nofp\libc.a(lib_a-lock.o)
                0x0800b960                __retarget_lock_release_recursive
 .text._svfprintf_r
                0x0800b964     0x1acc d:/program files/gnu arm embedded toolchain/9 2020-q2-update/bin/../lib/gcc/arm-none-eabi/9.3.1/../../../../arm-none-eabi/lib/thumb/v7e-m/nofp\libc.a(lib_a-svfprintf.o)
                0x0800b964                _svfprintf_r
 .text.__register_exitproc
                0x0800d430       0x8c d:/program files/gnu arm embedded toolchain/9 2020-q2-update/bin/../lib/gcc/arm-none-eabi/9.3.1/../../../../arm-none-eabi/lib/thumb/v7e-m/nofp\libc.a(lib_a-__atexit.o)
                0x0800d430                __register_exitproc
 .text.quorem   0x0800d4bc      0x11c d:/program files/gnu arm embedded toolchain/9 2020-q2-update/bin/../lib/gcc/arm-none-eabi/9.3.1/../../../../arm-none-eabi/lib/thumb/v7e-m/nofp\libc.a(lib_a-dtoa.o)
 .text._dtoa_r  0x0800d5d8      0xed4 d:/program files/gnu arm embedded toolchain/9 2020-q2-update/bin/../lib/gcc/arm-none-eabi/9.3.1/../../../../arm-none-eabi/lib/thumb/v7e-m/nofp\libc.a(lib_a-dtoa.o)
                0x0800d5d8                _dtoa_r
 .text._malloc_trim_r
                0x0800e4ac       0xa0 d:/program files/gnu arm embedded toolchain/9 2020-q2-update/bin/../lib/gcc/arm-none-eabi/9.3.1/../../../../arm-none-eabi/lib/thumb/v7e-m/nofp\libc.a(lib_a-freer.o)
                0x0800e4ac                _malloc_trim_r
 .text._free_r  0x0800e54c      0x208 d:/program files/gnu arm embedded toolchain/9 2020-q2-update/bin/../lib/gcc/arm-none-eabi/9.3.1/../../../../arm-none-eabi/lib/thumb/v7e-m/nofp\libc.a(lib_a-freer.o)
                0x0800e54c                _free_r
 .text._localeconv_r
                0x0800e754        0x8 d:/program files/gnu arm embedded toolchain/9 2020-q2-update/bin/../lib/gcc/arm-none-eabi/9.3.1/../../../../arm-none-eabi/lib/thumb/v7e-m/nofp\libc.a(lib_a-localeconv.o)
                0x0800e754                _localeconv_r
 .text._malloc_r
                0x0800e75c      0x574 d:/program files/gnu arm embedded toolchain/9 2020-q2-update/bin/../lib/gcc/arm-none-eabi/9.3.1/../../../../arm-none-eabi/lib/thumb/v7e-m/nofp\libc.a(lib_a-mallocr.o)
                0x0800e75c                _malloc_r
 .text.__malloc_lock
                0x0800ecd0        0xc d:/program files/gnu arm embedded toolchain/9 2020-q2-update/bin/../lib/gcc/arm-none-eabi/9.3.1/../../../../arm-none-eabi/lib/thumb/v7e-m/nofp\libc.a(lib_a-mlock.o)
                0x0800ecd0                __malloc_lock
 .text.__malloc_unlock
                0x0800ecdc        0xc d:/program files/gnu arm embedded toolchain/9 2020-q2-update/bin/../lib/gcc/arm-none-eabi/9.3.1/../../../../arm-none-eabi/lib/thumb/v7e-m/nofp\libc.a(lib_a-mlock.o)
                0x0800ecdc                __malloc_unlock
 .text._Balloc  0x0800ece8       0x4c d:/program files/gnu arm embedded toolchain/9 2020-q2-update/bin/../lib/gcc/arm-none-eabi/9.3.1/../../../../arm-none-eabi/lib/thumb/v7e-m/nofp\libc.a(lib_a-mprec.o)
                0x0800ece8                _Balloc
 .text._Bfree   0x0800ed34       0x14 d:/program files/gnu arm embedded toolchain/9 2020-q2-update/bin/../lib/gcc/arm-none-eabi/9.3.1/../../../../arm-none-eabi/lib/thumb/v7e-m/nofp\libc.a(lib_a-mprec.o)
                0x0800ed34                _Bfree
 .text.__multadd
                0x0800ed48       0xa0 d:/program files/gnu arm embedded toolchain/9 2020-q2-update/bin/../lib/gcc/arm-none-eabi/9.3.1/../../../../arm-none-eabi/lib/thumb/v7e-m/nofp\libc.a(lib_a-mprec.o)
                0x0800ed48                __multadd
 .text.__hi0bits
                0x0800ede8       0x40 d:/program files/gnu arm embedded toolchain/9 2020-q2-update/bin/../lib/gcc/arm-none-eabi/9.3.1/../../../../arm-none-eabi/lib/thumb/v7e-m/nofp\libc.a(lib_a-mprec.o)
                0x0800ede8                __hi0bits
 .text.__lo0bits
                0x0800ee28       0x60 d:/program files/gnu arm embedded toolchain/9 2020-q2-update/bin/../lib/gcc/arm-none-eabi/9.3.1/../../../../arm-none-eabi/lib/thumb/v7e-m/nofp\libc.a(lib_a-mprec.o)
                0x0800ee28                __lo0bits
 .text.__i2b    0x0800ee88       0x2c d:/program files/gnu arm embedded toolchain/9 2020-q2-update/bin/../lib/gcc/arm-none-eabi/9.3.1/../../../../arm-none-eabi/lib/thumb/v7e-m/nofp\libc.a(lib_a-mprec.o)
                0x0800ee88                __i2b
 .text.__multiply
                0x0800eeb4      0x160 d:/program files/gnu arm embedded toolchain/9 2020-q2-update/bin/../lib/gcc/arm-none-eabi/9.3.1/../../../../arm-none-eabi/lib/thumb/v7e-m/nofp\libc.a(lib_a-mprec.o)
                0x0800eeb4                __multiply
 .text.__pow5mult
                0x0800f014       0x98 d:/program files/gnu arm embedded toolchain/9 2020-q2-update/bin/../lib/gcc/arm-none-eabi/9.3.1/../../../../arm-none-eabi/lib/thumb/v7e-m/nofp\libc.a(lib_a-mprec.o)
                0x0800f014                __pow5mult
 .text.__lshift
                0x0800f0ac       0xe8 d:/program files/gnu arm embedded toolchain/9 2020-q2-update/bin/../lib/gcc/arm-none-eabi/9.3.1/../../../../arm-none-eabi/lib/thumb/v7e-m/nofp\libc.a(lib_a-mprec.o)
                0x0800f0ac                __lshift
 .text.__mcmp   0x0800f194       0x3c d:/program files/gnu arm embedded toolchain/9 2020-q2-update/bin/../lib/gcc/arm-none-eabi/9.3.1/../../../../arm-none-eabi/lib/thumb/v7e-m/nofp\libc.a(lib_a-mprec.o)
                0x0800f194                __mcmp
 .text.__mdiff  0x0800f1d0      0x148 d:/program files/gnu arm embedded toolchain/9 2020-q2-update/bin/../lib/gcc/arm-none-eabi/9.3.1/../../../../arm-none-eabi/lib/thumb/v7e-m/nofp\libc.a(lib_a-mprec.o)
                0x0800f1d0                __mdiff
 .text.__d2b    0x0800f318       0xc4 d:/program files/gnu arm embedded toolchain/9 2020-q2-update/bin/../lib/gcc/arm-none-eabi/9.3.1/../../../../arm-none-eabi/lib/thumb/v7e-m/nofp\libc.a(lib_a-mprec.o)
                0x0800f318                __d2b
 .text.frexp    0x0800f3dc       0x70 d:/program files/gnu arm embedded toolchain/9 2020-q2-update/bin/../lib/gcc/arm-none-eabi/9.3.1/../../../../arm-none-eabi/lib/thumb/v7e-m/nofp\libc.a(lib_a-s_frexp.o)
                0x0800f3dc                frexp
 .text._sbrk_r  0x0800f44c       0x24 d:/program files/gnu arm embedded toolchain/9 2020-q2-update/bin/../lib/gcc/arm-none-eabi/9.3.1/../../../../arm-none-eabi/lib/thumb/v7e-m/nofp\libc.a(lib_a-sbrkr.o)
                0x0800f44c                _sbrk_r
 .text.strncpy  0x0800f470       0x68 d:/program files/gnu arm embedded toolchain/9 2020-q2-update/bin/../lib/gcc/arm-none-eabi/9.3.1/../../../../arm-none-eabi/lib/thumb/v7e-m/nofp\libc.a(lib_a-strncpy.o)
                0x0800f470                strncpy
 .text.__ssprint_r
                0x0800f4d8       0xf8 d:/program files/gnu arm embedded toolchain/9 2020-q2-update/bin/../lib/gcc/arm-none-eabi/9.3.1/../../../../arm-none-eabi/lib/thumb/v7e-m/nofp\libc.a(lib_a-svfiprintf.o)
                0x0800f4d8                __ssprint_r
 .text.__assert_func
                0x0800f5d0       0x3c d:/program files/gnu arm embedded toolchain/9 2020-q2-update/bin/../lib/gcc/arm-none-eabi/9.3.1/../../../../arm-none-eabi/lib/thumb/v7e-m/nofp\libc.a(lib_a-assert.o)
                0x0800f5d0                __assert_func
 .text._calloc_r
                0x0800f60c       0x60 d:/program files/gnu arm embedded toolchain/9 2020-q2-update/bin/../lib/gcc/arm-none-eabi/9.3.1/../../../../arm-none-eabi/lib/thumb/v7e-m/nofp\libc.a(lib_a-callocr.o)
                0x0800f60c                _calloc_r
 .text.fiprintf
                0x0800f66c       0x28 d:/program files/gnu arm embedded toolchain/9 2020-q2-update/bin/../lib/gcc/arm-none-eabi/9.3.1/../../../../arm-none-eabi/lib/thumb/v7e-m/nofp\libc.a(lib_a-fiprintf.o)
                0x0800f66c                fiprintf
 .text.__locale_mb_cur_max
                0x0800f694        0xc d:/program files/gnu arm embedded toolchain/9 2020-q2-update/bin/../lib/gcc/arm-none-eabi/9.3.1/../../../../arm-none-eabi/lib/thumb/v7e-m/nofp\libc.a(lib_a-locale.o)
                0x0800f694                __locale_mb_cur_max
 .text.__ascii_mbtowc
                0x0800f6a0       0x2c d:/program files/gnu arm embedded toolchain/9 2020-q2-update/bin/../lib/gcc/arm-none-eabi/9.3.1/../../../../arm-none-eabi/lib/thumb/v7e-m/nofp\libc.a(lib_a-mbtowc_r.o)
                0x0800f6a0                __ascii_mbtowc
 .text.memmove  0x0800f6cc       0xd8 d:/program files/gnu arm embedded toolchain/9 2020-q2-update/bin/../lib/gcc/arm-none-eabi/9.3.1/../../../../arm-none-eabi/lib/thumb/v7e-m/nofp\libc.a(lib_a-memmove.o)
                0x0800f6cc                memmove
 .text._realloc_r
                0x0800f7a4      0x3e0 d:/program files/gnu arm embedded toolchain/9 2020-q2-update/bin/../lib/gcc/arm-none-eabi/9.3.1/../../../../arm-none-eabi/lib/thumb/v7e-m/nofp\libc.a(lib_a-reallocr.o)
                0x0800f7a4                _realloc_r
 .text.__sprint_r.part.0
                0x0800fb84       0x78 d:/program files/gnu arm embedded toolchain/9 2020-q2-update/bin/../lib/gcc/arm-none-eabi/9.3.1/../../../../arm-none-eabi/lib/thumb/v7e-m/nofp\libc.a(lib_a-vfiprintf.o)
 .text._vfiprintf_r
                0x0800fbfc      0xd38 d:/program files/gnu arm embedded toolchain/9 2020-q2-update/bin/../lib/gcc/arm-none-eabi/9.3.1/../../../../arm-none-eabi/lib/thumb/v7e-m/nofp\libc.a(lib_a-vfiprintf.o)
                0x0800fbfc                _vfiprintf_r
 .text.__sbprintf
                0x08010934       0x84 d:/program files/gnu arm embedded toolchain/9 2020-q2-update/bin/../lib/gcc/arm-none-eabi/9.3.1/../../../../arm-none-eabi/lib/thumb/v7e-m/nofp\libc.a(lib_a-vfiprintf.o)
 .text.__ascii_wctomb
                0x080109b8       0x1c d:/program files/gnu arm embedded toolchain/9 2020-q2-update/bin/../lib/gcc/arm-none-eabi/9.3.1/../../../../arm-none-eabi/lib/thumb/v7e-m/nofp\libc.a(lib_a-wctomb_r.o)
                0x080109b8                __ascii_wctomb
 .text.__swsetup_r
                0x080109d4       0xd0 d:/program files/gnu arm embedded toolchain/9 2020-q2-update/bin/../lib/gcc/arm-none-eabi/9.3.1/../../../../arm-none-eabi/lib/thumb/v7e-m/nofp\libc.a(lib_a-wsetup.o)
                0x080109d4                __swsetup_r
 .text.abort    0x08010aa4       0x10 d:/program files/gnu arm embedded toolchain/9 2020-q2-update/bin/../lib/gcc/arm-none-eabi/9.3.1/../../../../arm-none-eabi/lib/thumb/v7e-m/nofp\libc.a(lib_a-abort.o)
                0x08010aa4                abort
 .text.__sflush_r
                0x08010ab4      0x130 d:/program files/gnu arm embedded toolchain/9 2020-q2-update/bin/../lib/gcc/arm-none-eabi/9.3.1/../../../../arm-none-eabi/lib/thumb/v7e-m/nofp\libc.a(lib_a-fflush.o)
                0x08010ab4                __sflush_r
 .text._fflush_r
                0x08010be4       0x5c d:/program files/gnu arm embedded toolchain/9 2020-q2-update/bin/../lib/gcc/arm-none-eabi/9.3.1/../../../../arm-none-eabi/lib/thumb/v7e-m/nofp\libc.a(lib_a-fflush.o)
                0x08010be4                _fflush_r
 .text.std      0x08010c40       0x50 d:/program files/gnu arm embedded toolchain/9 2020-q2-update/bin/../lib/gcc/arm-none-eabi/9.3.1/../../../../arm-none-eabi/lib/thumb/v7e-m/nofp\libc.a(lib_a-findfp.o)
 .text._cleanup_r
                0x08010c90        0xc d:/program files/gnu arm embedded toolchain/9 2020-q2-update/bin/../lib/gcc/arm-none-eabi/9.3.1/../../../../arm-none-eabi/lib/thumb/v7e-m/nofp\libc.a(lib_a-findfp.o)
                0x08010c90                _cleanup_r
 .text.__sinit  0x08010c9c       0x54 d:/program files/gnu arm embedded toolchain/9 2020-q2-update/bin/../lib/gcc/arm-none-eabi/9.3.1/../../../../arm-none-eabi/lib/thumb/v7e-m/nofp\libc.a(lib_a-findfp.o)
                0x08010c9c                __sinit
 .text.__sfp_lock_acquire
                0x08010cf0        0xc d:/program files/gnu arm embedded toolchain/9 2020-q2-update/bin/../lib/gcc/arm-none-eabi/9.3.1/../../../../arm-none-eabi/lib/thumb/v7e-m/nofp\libc.a(lib_a-findfp.o)
                0x08010cf0                __sfp_lock_acquire
 .text.__sfp_lock_release
                0x08010cfc        0xc d:/program files/gnu arm embedded toolchain/9 2020-q2-update/bin/../lib/gcc/arm-none-eabi/9.3.1/../../../../arm-none-eabi/lib/thumb/v7e-m/nofp\libc.a(lib_a-findfp.o)
                0x08010cfc                __sfp_lock_release
 .text.__fputwc
                0x08010d08       0xa8 d:/program files/gnu arm embedded toolchain/9 2020-q2-update/bin/../lib/gcc/arm-none-eabi/9.3.1/../../../../arm-none-eabi/lib/thumb/v7e-m/nofp\libc.a(lib_a-fputwc.o)
                0x08010d08                __fputwc
 .text._fputwc_r
                0x08010db0       0x68 d:/program files/gnu arm embedded toolchain/9 2020-q2-update/bin/../lib/gcc/arm-none-eabi/9.3.1/../../../../arm-none-eabi/lib/thumb/v7e-m/nofp\libc.a(lib_a-fputwc.o)
                0x08010db0                _fputwc_r
 .text.__sfvwrite_r
                0x08010e18      0x2e0 d:/program files/gnu arm embedded toolchain/9 2020-q2-update/bin/../lib/gcc/arm-none-eabi/9.3.1/../../../../arm-none-eabi/lib/thumb/v7e-m/nofp\libc.a(lib_a-fvwrite.o)
                0x08010e18                __sfvwrite_r
 .text._fwalk_reent
                0x080110f8       0x48 d:/program files/gnu arm embedded toolchain/9 2020-q2-update/bin/../lib/gcc/arm-none-eabi/9.3.1/../../../../arm-none-eabi/lib/thumb/v7e-m/nofp\libc.a(lib_a-fwalk.o)
                0x080110f8                _fwalk_reent
 .text.__swhatbuf_r
                0x08011140       0x5c d:/program files/gnu arm embedded toolchain/9 2020-q2-update/bin/../lib/gcc/arm-none-eabi/9.3.1/../../../../arm-none-eabi/lib/thumb/v7e-m/nofp\libc.a(lib_a-makebuf.o)
                0x08011140                __swhatbuf_r
 .text.__smakebuf_r
                0x0801119c       0x98 d:/program files/gnu arm embedded toolchain/9 2020-q2-update/bin/../lib/gcc/arm-none-eabi/9.3.1/../../../../arm-none-eabi/lib/thumb/v7e-m/nofp\libc.a(lib_a-makebuf.o)
                0x0801119c                __smakebuf_r
 .text._raise_r
                0x08011234       0x58 d:/program files/gnu arm embedded toolchain/9 2020-q2-update/bin/../lib/gcc/arm-none-eabi/9.3.1/../../../../arm-none-eabi/lib/thumb/v7e-m/nofp\libc.a(lib_a-signal.o)
                0x08011234                _raise_r
 .text.raise    0x0801128c       0x10 d:/program files/gnu arm embedded toolchain/9 2020-q2-update/bin/../lib/gcc/arm-none-eabi/9.3.1/../../../../arm-none-eabi/lib/thumb/v7e-m/nofp\libc.a(lib_a-signal.o)
                0x0801128c                raise
 .text._kill_r  0x0801129c       0x2c d:/program files/gnu arm embedded toolchain/9 2020-q2-update/bin/../lib/gcc/arm-none-eabi/9.3.1/../../../../arm-none-eabi/lib/thumb/v7e-m/nofp\libc.a(lib_a-signalr.o)
                0x0801129c                _kill_r
 .text._getpid_r
                0x080112c8        0x4 d:/program files/gnu arm embedded toolchain/9 2020-q2-update/bin/../lib/gcc/arm-none-eabi/9.3.1/../../../../arm-none-eabi/lib/thumb/v7e-m/nofp\libc.a(lib_a-signalr.o)
                0x080112c8                _getpid_r
 .text.__sread  0x080112cc       0x24 d:/program files/gnu arm embedded toolchain/9 2020-q2-update/bin/../lib/gcc/arm-none-eabi/9.3.1/../../../../arm-none-eabi/lib/thumb/v7e-m/nofp\libc.a(lib_a-stdio.o)
                0x080112cc                __sread
 .text.__swrite
                0x080112f0       0x40 d:/program files/gnu arm embedded toolchain/9 2020-q2-update/bin/../lib/gcc/arm-none-eabi/9.3.1/../../../../arm-none-eabi/lib/thumb/v7e-m/nofp\libc.a(lib_a-stdio.o)
                0x080112f0                __swrite
 .text.__sseek  0x08011330       0x20 d:/program files/gnu arm embedded toolchain/9 2020-q2-update/bin/../lib/gcc/arm-none-eabi/9.3.1/../../../../arm-none-eabi/lib/thumb/v7e-m/nofp\libc.a(lib_a-stdio.o)
                0x08011330                __sseek
 .text.__sclose
                0x08011350        0x8 d:/program files/gnu arm embedded toolchain/9 2020-q2-update/bin/../lib/gcc/arm-none-eabi/9.3.1/../../../../arm-none-eabi/lib/thumb/v7e-m/nofp\libc.a(lib_a-stdio.o)
                0x08011350                __sclose
 .text.__swbuf_r
                0x08011358       0xb0 d:/program files/gnu arm embedded toolchain/9 2020-q2-update/bin/../lib/gcc/arm-none-eabi/9.3.1/../../../../arm-none-eabi/lib/thumb/v7e-m/nofp\libc.a(lib_a-wbuf.o)
                0x08011358                __swbuf_r
 .text._wcrtomb_r
                0x08011408       0x3c d:/program files/gnu arm embedded toolchain/9 2020-q2-update/bin/../lib/gcc/arm-none-eabi/9.3.1/../../../../arm-none-eabi/lib/thumb/v7e-m/nofp\libc.a(lib_a-wcrtomb.o)
                0x08011408                _wcrtomb_r
 .text._write_r
                0x08011444       0x2c d:/program files/gnu arm embedded toolchain/9 2020-q2-update/bin/../lib/gcc/arm-none-eabi/9.3.1/../../../../arm-none-eabi/lib/thumb/v7e-m/nofp\libc.a(lib_a-writer.o)
                0x08011444                _write_r
 .text._close_r
                0x08011470       0x24 d:/program files/gnu arm embedded toolchain/9 2020-q2-update/bin/../lib/gcc/arm-none-eabi/9.3.1/../../../../arm-none-eabi/lib/thumb/v7e-m/nofp\libc.a(lib_a-closer.o)
                0x08011470                _close_r
 .text._fclose_r
                0x08011494       0xcc d:/program files/gnu arm embedded toolchain/9 2020-q2-update/bin/../lib/gcc/arm-none-eabi/9.3.1/../../../../arm-none-eabi/lib/thumb/v7e-m/nofp\libc.a(lib_a-fclose.o)
                0x08011494                _fclose_r
 .text._fstat_r
                0x08011560       0x2c d:/program files/gnu arm embedded toolchain/9 2020-q2-update/bin/../lib/gcc/arm-none-eabi/9.3.1/../../../../arm-none-eabi/lib/thumb/v7e-m/nofp\libc.a(lib_a-fstatr.o)
                0x08011560                _fstat_r
 .text._isatty_r
                0x0801158c       0x24 d:/program files/gnu arm embedded toolchain/9 2020-q2-update/bin/../lib/gcc/arm-none-eabi/9.3.1/../../../../arm-none-eabi/lib/thumb/v7e-m/nofp\libc.a(lib_a-isattyr.o)
                0x0801158c                _isatty_r
 .text._lseek_r
                0x080115b0       0x2c d:/program files/gnu arm embedded toolchain/9 2020-q2-update/bin/../lib/gcc/arm-none-eabi/9.3.1/../../../../arm-none-eabi/lib/thumb/v7e-m/nofp\libc.a(lib_a-lseekr.o)
                0x080115b0                _lseek_r
 .text._read_r  0x080115dc       0x2c d:/program files/gnu arm embedded toolchain/9 2020-q2-update/bin/../lib/gcc/arm-none-eabi/9.3.1/../../../../arm-none-eabi/lib/thumb/v7e-m/nofp\libc.a(lib_a-readr.o)
                0x080115dc                _read_r
 .text._close   0x08011608       0x10 d:/program files/gnu arm embedded toolchain/9 2020-q2-update/bin/../lib/gcc/arm-none-eabi/9.3.1/../../../../arm-none-eabi/lib/thumb/v7e-m/nofp\libnosys.a(close.o)
                0x08011608                _close
 .text._fstat   0x08011618       0x10 d:/program files/gnu arm embedded toolchain/9 2020-q2-update/bin/../lib/gcc/arm-none-eabi/9.3.1/../../../../arm-none-eabi/lib/thumb/v7e-m/nofp\libnosys.a(fstat.o)
                0x08011618                _fstat
 .text._getpid  0x08011628       0x10 d:/program files/gnu arm embedded toolchain/9 2020-q2-update/bin/../lib/gcc/arm-none-eabi/9.3.1/../../../../arm-none-eabi/lib/thumb/v7e-m/nofp\libnosys.a(getpid.o)
                0x08011628                _getpid
 .text._isatty  0x08011638       0x10 d:/program files/gnu arm embedded toolchain/9 2020-q2-update/bin/../lib/gcc/arm-none-eabi/9.3.1/../../../../arm-none-eabi/lib/thumb/v7e-m/nofp\libnosys.a(isatty.o)
                0x08011638                _isatty
 .text._kill    0x08011648       0x10 d:/program files/gnu arm embedded toolchain/9 2020-q2-update/bin/../lib/gcc/arm-none-eabi/9.3.1/../../../../arm-none-eabi/lib/thumb/v7e-m/nofp\libnosys.a(kill.o)
                0x08011648                _kill
 .text._lseek   0x08011658       0x10 d:/program files/gnu arm embedded toolchain/9 2020-q2-update/bin/../lib/gcc/arm-none-eabi/9.3.1/../../../../arm-none-eabi/lib/thumb/v7e-m/nofp\libnosys.a(lseek.o)
                0x08011658                _lseek
 .text._read    0x08011668       0x10 d:/program files/gnu arm embedded toolchain/9 2020-q2-update/bin/../lib/gcc/arm-none-eabi/9.3.1/../../../../arm-none-eabi/lib/thumb/v7e-m/nofp\libnosys.a(read.o)
                0x08011668                _read
 .text._sbrk    0x08011678       0x1c d:/program files/gnu arm embedded toolchain/9 2020-q2-update/bin/../lib/gcc/arm-none-eabi/9.3.1/../../../../arm-none-eabi/lib/thumb/v7e-m/nofp\libnosys.a(sbrk.o)
                0x08011678                _sbrk
 .text._write   0x08011694       0x10 d:/program files/gnu arm embedded toolchain/9 2020-q2-update/bin/../lib/gcc/arm-none-eabi/9.3.1/../../../../arm-none-eabi/lib/thumb/v7e-m/nofp\libnosys.a(write.o)
                0x08011694                _write
 .text._exit    0x080116a4        0x4 d:/program files/gnu arm embedded toolchain/9 2020-q2-update/bin/../lib/gcc/arm-none-eabi/9.3.1/../../../../arm-none-eabi/lib/thumb/v7e-m/nofp\libnosys.a(_exit.o)
                0x080116a4                _exit
 *(.glue_7)
 .glue_7        0x080116a8        0x0 linker stubs
 *(.glue_7t)
 .glue_7t       0x080116a8        0x0 linker stubs
 *(.eh_frame)
 .eh_frame      0x080116a8        0x0 d:/program files/gnu arm embedded toolchain/9 2020-q2-update/bin/../lib/gcc/arm-none-eabi/9.3.1/thumb/v7e-m/nofp/crtbegin.o
 *(.init)
 .init          0x080116a8        0x4 d:/program files/gnu arm embedded toolchain/9 2020-q2-update/bin/../lib/gcc/arm-none-eabi/9.3.1/thumb/v7e-m/nofp/crti.o
                0x080116a8                _init
 .init          0x080116ac        0x8 d:/program files/gnu arm embedded toolchain/9 2020-q2-update/bin/../lib/gcc/arm-none-eabi/9.3.1/thumb/v7e-m/nofp/crtn.o
 *(.fini)
 .fini          0x080116b4        0x4 d:/program files/gnu arm embedded toolchain/9 2020-q2-update/bin/../lib/gcc/arm-none-eabi/9.3.1/thumb/v7e-m/nofp/crti.o
                0x080116b4                _fini
 .fini          0x080116b8        0x8 d:/program files/gnu arm embedded toolchain/9 2020-q2-update/bin/../lib/gcc/arm-none-eabi/9.3.1/thumb/v7e-m/nofp/crtn.o
                0x080116c0                . = ALIGN (0x4)
                0x080116c0                _etext = .

.vfp11_veneer   0x080116c0        0x0
 .vfp11_veneer  0x080116c0        0x0 linker stubs

.v4_bx          0x080116c0        0x0
 .v4_bx         0x080116c0        0x0 linker stubs

.iplt           0x080116c0        0x0
 .iplt          0x080116c0        0x0 d:/program files/gnu arm embedded toolchain/9 2020-q2-update/bin/../lib/gcc/arm-none-eabi/9.3.1/thumb/v7e-m/nofp/crtbegin.o

.rodata         0x080116c0      0xcf0
                0x080116c0                . = ALIGN (0x4)
 *(.rodata)
 .rodata        0x080116c0       0x50 ./objects/printf-stdarg.o
 .rodata        0x08011710        0xc ./objects/tremo_uart.o
 .rodata        0x0801171c        0x5 ./objects/main.o
 .rodata        0x08011721       0x34 ./objects/classa.o
 .rodata        0x08011755       0x22 ./objects/set_tx_duty_cycle_time.o
 .rodata        0x08011777        0xc ./objects/iic.o
 .rodata        0x08011783       0x43 ./objects/ads1115.o
 .rodata        0x080117c6       0x18 ./objects/bh1750.o
 .rodata        0x080117de       0x15 ./objects/sgp30.o
 .rodata        0x080117f3        0xb ./objects/dht11.o
 *fill*         0x080117fe        0x2 
 .rodata        0x08011800      0x10a ./objects/sha256.o
 .rodata        0x0801190a        0xb ./objects/gentriplet.o
 *fill*         0x08011915        0x3 
 .rodata        0x08011918      0x188 ./objects/radio.o
                0x08011918                FskBandwidths
                0x08011a28                Bandwidths
                0x08011a34                Radio
 .rodata        0x08011aa0       0x11 ./objects/sx126x.o
 .rodata        0x08011ab1       0x18 ./objects/rtc-board.o
 .rodata        0x08011ac9       0x10 ./objects/loramac.o
 *fill*         0x08011ad9        0x3 
 .rodata        0x08011adc       0x26 ./objects/regioncn470.o
 *fill*         0x08011b02        0x2 
 .rodata        0x08011b04       0x10 ../../../drivers/crypto/lib/libcrypto.a(aes.o)
 *(.rodata*)
 .rodata.str1.1
                0x08011b14       0x19 ./objects/printf-stdarg.o
 .rodata.str1.1
                0x08011b2d      0x15a ./objects/main.o
 .rodata.str1.1
                0x08011c87        0x3 ./objects/tremo_it.o
 .rodata.str1.1
                0x08011c8a      0x121 ./objects/classa.o
                                0x144 (size before relaxing)
 .rodata.str1.1
                0x08011dab       0x3f ./objects/set_tx_duty_cycle_time.o
                                 0x4b (size before relaxing)
 .rodata.str1.1
                0x08011dea       0x3b ./objects/gwlog.o
 .rodata.str1.1
                0x08011e25       0x19 ./objects/iic.o
                                 0x2e (size before relaxing)
 .rodata.str1.1
                0x08011e3e       0x9b ./objects/ads1115.o
                                 0xb0 (size before relaxing)
 .rodata.str1.1
                0x08011ed9       0x38 ./objects/bh1750.o
                                 0x4d (size before relaxing)
 .rodata.str1.1
                0x08011f11       0x36 ./objects/sgp30.o
                                 0x4b (size before relaxing)
 .rodata.str1.1
                0x08011f47       0x40 ./objects/dht11.o
                                 0x55 (size before relaxing)
 .rodata.str1.1
                0x08011f87       0x1f ./objects/gentriplet.o
                                 0x42 (size before relaxing)
 *fill*         0x08011fa6        0x2 
 .rodata.TWO52  0x08011fa8       0x10 d:/program files/gnu arm embedded toolchain/9 2020-q2-update/bin/../lib/gcc/arm-none-eabi/9.3.1/../../../../arm-none-eabi/lib/thumb/v7e-m/nofp\libm.a(lib_a-s_rint.o)
 .rodata.__ieee754_pow.str1.4
                0x08011fb8        0x0 d:/program files/gnu arm embedded toolchain/9 2020-q2-update/bin/../lib/gcc/arm-none-eabi/9.3.1/../../../../arm-none-eabi/lib/thumb/v7e-m/nofp\libm.a(lib_a-e_pow.o)